# Path: /Users/aaronpiotrowski/Library/Developer/Xcode/DerivedData/learn-fcpbozrucovixkfcyjqdizhiondn/Build/Products/Debug/learn.dylib
# Arch: i386
# Object files:
[  0] linker synthesized
[  1] /Users/aaronpiotrowski/Library/Developer/Xcode/DerivedData/learn-fcpbozrucovixkfcyjqdizhiondn/Build/Intermediates/learn.build/Debug/learn.build/Objects-normal/i386/PVRTexTool_interface.o
[  2] /Users/aaronpiotrowski/Library/Developer/Xcode/DerivedData/learn-fcpbozrucovixkfcyjqdizhiondn/Build/Intermediates/learn.build/Debug/learn.build/Objects-normal/i386/Main.o
[  3] /Applications/Marmalade.app/Contents/modules/iwgx/lib/x86/darwin/libiwgx_d.a(IwGxDXTCompressionHandler.o)
[  4] /Applications/Marmalade.app/Contents/modules/iwgx/lib/x86/darwin/libiwgx_d.a(alpha.o)
[  5] /Applications/Marmalade.app/Contents/modules/iwgx/lib/x86/darwin/libiwgx_d.a(clusterfit.o)
[  6] /Applications/Marmalade.app/Contents/modules/iwgx/lib/x86/darwin/libiwgx_d.a(colourblock.o)
[  7] /Applications/Marmalade.app/Contents/modules/iwgx/lib/x86/darwin/libiwgx_d.a(colourfit.o)
[  8] /Applications/Marmalade.app/Contents/modules/iwgx/lib/x86/darwin/libiwgx_d.a(colourset.o)
[  9] /Applications/Marmalade.app/Contents/modules/iwgx/lib/x86/darwin/libiwgx_d.a(rangefit.o)
[ 10] /Applications/Marmalade.app/Contents/modules/iwgx/lib/x86/darwin/libiwgx_d.a(singlecolourfit.o)
[ 11] /Applications/Marmalade.app/Contents/modules/iwgx/lib/x86/darwin/libiwgx_d.a(squish.o)
[ 12] /Applications/Marmalade.app/Contents/modules/iwgx/lib/x86/darwin/libiwgx_d.a(squishmaths.o)
[ 13] /Applications/Marmalade.app/Contents/modules/iwgx/lib/x86/darwin/libiwgx_d.a(IwGxATITCCompressionHandler.o)
[ 14] /Applications/Marmalade.app/Contents/modules/iwgx/lib/x86/darwin/libiwgx_d.a(IwGxContextShadowGL.o)
[ 15] /Applications/Marmalade.app/Contents/modules/iwgx/lib/x86/darwin/libiwgx_d.a(IwGxCubeMap.o)
[ 16] /Applications/Marmalade.app/Contents/modules/iwgx/lib/x86/darwin/libiwgx_d.a(IwGxDefaultFragmentShader.o)
[ 17] /Applications/Marmalade.app/Contents/modules/iwgx/lib/x86/darwin/libiwgx_d.a(IwGxDefaultVertexShader.o)
[ 18] /Applications/Marmalade.app/Contents/modules/iwgx/lib/x86/darwin/libiwgx_d.a(IwGxETC2CompressionHandler.o)
[ 19] /Applications/Marmalade.app/Contents/modules/iwgx/lib/x86/darwin/libiwgx_d.a(IwGxETCCompressionHandler.o)
[ 20] /Applications/Marmalade.app/Contents/modules/iwgx/lib/x86/darwin/libiwgx_d.a(IwGxGL2Shader.o)
[ 21] /Applications/Marmalade.app/Contents/modules/iwgx/lib/x86/darwin/libiwgx_d.a(IwGxGL2ShaderParam.o)
[ 22] /Applications/Marmalade.app/Contents/modules/iwgx/lib/x86/darwin/libiwgx_d.a(IwGxLightingGL.o)
[ 23] /Applications/Marmalade.app/Contents/modules/iwgx/lib/x86/darwin/libiwgx_d.a(IwGxMetricsGL.o)
[ 24] /Applications/Marmalade.app/Contents/modules/iwgx/lib/x86/darwin/libiwgx_d.a(IwGxPVRCompressionHandler.o)
[ 25] /Applications/Marmalade.app/Contents/modules/iwgx/lib/x86/darwin/libiwgx_d.a(IwGxRasterisationGL.o)
[ 26] /Applications/Marmalade.app/Contents/modules/iwgx/lib/x86/darwin/libiwgx_d.a(IwGxRasterisationGL2.o)
[ 27] /Applications/Marmalade.app/Contents/modules/iwgx/lib/x86/darwin/libiwgx_d.a(IwGxTextureGL.o)
[ 28] /Applications/Marmalade.app/Contents/modules/iwgx/lib/x86/darwin/libiwgx_d.a(IwGxCompressionHandler.o)
[ 29] /Applications/Marmalade.app/Contents/modules/iwgx/lib/x86/darwin/libiwgx_d.a(IwGxCompressionHandlerManager.o)
[ 30] /Applications/Marmalade.app/Contents/modules/iwgx/lib/x86/darwin/libiwgx_d.a(IwGxLightingHW.o)
[ 31] /Applications/Marmalade.app/Contents/modules/iwgx/lib/x86/darwin/libiwgx_d.a(IwGxRasterisationHW.o)
[ 32] /Applications/Marmalade.app/Contents/modules/iwgx/lib/x86/darwin/libiwgx_d.a(IwGxTransformHW.o)
[ 33] /Applications/Marmalade.app/Contents/modules/iwgx/lib/x86/darwin/libiwgx_d.a(IwAtlas.o)
[ 34] /Applications/Marmalade.app/Contents/modules/iwgx/lib/x86/darwin/libiwgx_d.a(IwGxCallbacks.o)
[ 35] /Applications/Marmalade.app/Contents/modules/iwgx/lib/x86/darwin/libiwgx_d.a(IwGxCol.o)
[ 36] /Applications/Marmalade.app/Contents/modules/iwgx/lib/x86/darwin/libiwgx_d.a(IwGxCursor.o)
[ 37] /Applications/Marmalade.app/Contents/modules/iwgx/lib/x86/darwin/libiwgx_d.a(IwGxDebug.o)
[ 38] /Applications/Marmalade.app/Contents/modules/iwgx/lib/x86/darwin/libiwgx_d.a(IwGxDraw.o)
[ 39] /Applications/Marmalade.app/Contents/modules/iwgx/lib/x86/darwin/libiwgx_d.a(IwGxError.o)
[ 40] /Applications/Marmalade.app/Contents/modules/iwgx/lib/x86/darwin/libiwgx_d.a(IwGxFog.o)
[ 41] /Applications/Marmalade.app/Contents/modules/iwgx/lib/x86/darwin/libiwgx_d.a(IwGxFuncTable.o)
[ 42] /Applications/Marmalade.app/Contents/modules/iwgx/lib/x86/darwin/libiwgx_d.a(IwGxFuncs.o)
[ 43] /Applications/Marmalade.app/Contents/modules/iwgx/lib/x86/darwin/libiwgx_d.a(IwGxInit.o)
[ 44] /Applications/Marmalade.app/Contents/modules/iwgx/lib/x86/darwin/libiwgx_d.a(IwGxLight.o)
[ 45] /Applications/Marmalade.app/Contents/modules/iwgx/lib/x86/darwin/libiwgx_d.a(IwGxMaterial.o)
[ 46] /Applications/Marmalade.app/Contents/modules/iwgx/lib/x86/darwin/libiwgx_d.a(IwGxMetrics.o)
[ 47] /Applications/Marmalade.app/Contents/modules/iwgx/lib/x86/darwin/libiwgx_d.a(IwGxMipMapBuilder.o)
[ 48] /Applications/Marmalade.app/Contents/modules/iwgx/lib/x86/darwin/libiwgx_d.a(IwGxNorm.o)
[ 49] /Applications/Marmalade.app/Contents/modules/iwgx/lib/x86/darwin/libiwgx_d.a(IwGxPrint.o)
[ 50] /Applications/Marmalade.app/Contents/modules/iwgx/lib/x86/darwin/libiwgx_d.a(IwGxPrintFont.o)
[ 51] /Applications/Marmalade.app/Contents/modules/iwgx/lib/x86/darwin/libiwgx_d.a(IwGxResManagerCallbacks.o)
[ 52] /Applications/Marmalade.app/Contents/modules/iwgx/lib/x86/darwin/libiwgx_d.a(IwGxShaderTechnique.o)
[ 53] /Applications/Marmalade.app/Contents/modules/iwgx/lib/x86/darwin/libiwgx_d.a(IwGxState.o)
[ 54] /Applications/Marmalade.app/Contents/modules/iwgx/lib/x86/darwin/libiwgx_d.a(IwGxStream.o)
[ 55] /Applications/Marmalade.app/Contents/modules/iwgx/lib/x86/darwin/libiwgx_d.a(IwGxSurface.o)
[ 56] /Applications/Marmalade.app/Contents/modules/iwgx/lib/x86/darwin/libiwgx_d.a(IwGxTransform.o)
[ 57] /Applications/Marmalade.app/Contents/modules/iwgx/lib/x86/darwin/libiwgx_d.a(IwGxTransformFloat.o)
[ 58] /Applications/Marmalade.app/Contents/modules/iwgx/lib/x86/darwin/libiwgx_d.a(IwGxUV.o)
[ 59] /Applications/Marmalade.app/Contents/modules/iwgx/lib/x86/darwin/libiwgx_d.a(IwMatAnim.o)
[ 60] /Applications/Marmalade.app/Contents/modules/iwgx/lib/x86/darwin/libiwgx_d.a(IwMatGeomInfo.o)
[ 61] /Applications/Marmalade.app/Contents/modules/iwgx/lib/x86/darwin/libiwgx_d.a(IwMaterial.o)
[ 62] /Applications/Marmalade.app/Contents/modules/iwgx/lib/x86/darwin/libiwgx_d.a(IwTexture.o)
[ 63] /Applications/Marmalade.app/Contents/modules/iwgl/lib/x86/darwin/libiwgl_d.a(iwglstub_eglGetProcAddress.o)
[ 64] /Applications/Marmalade.app/Contents/modules/iwgl/lib/x86/darwin/libiwgl_d.a(iwglstub_glActiveTexture.o)
[ 65] /Applications/Marmalade.app/Contents/modules/iwgl/lib/x86/darwin/libiwgl_d.a(iwglstub_glAlphaFunc.o)
[ 66] /Applications/Marmalade.app/Contents/modules/iwgl/lib/x86/darwin/libiwgl_d.a(iwglstub_glAlphaFuncx.o)
[ 67] /Applications/Marmalade.app/Contents/modules/iwgl/lib/x86/darwin/libiwgl_d.a(iwglstub_glAttachShader.o)
[ 68] /Applications/Marmalade.app/Contents/modules/iwgl/lib/x86/darwin/libiwgl_d.a(iwglstub_glBindAttribLocation.o)
[ 69] /Applications/Marmalade.app/Contents/modules/iwgl/lib/x86/darwin/libiwgl_d.a(iwglstub_glBindBuffer.o)
[ 70] /Applications/Marmalade.app/Contents/modules/iwgl/lib/x86/darwin/libiwgl_d.a(iwglstub_glBindFramebuffer.o)
[ 71] /Applications/Marmalade.app/Contents/modules/iwgl/lib/x86/darwin/libiwgl_d.a(iwglstub_glBindRenderbuffer.o)
[ 72] /Applications/Marmalade.app/Contents/modules/iwgl/lib/x86/darwin/libiwgl_d.a(iwglstub_glBindSampler.o)
[ 73] /Applications/Marmalade.app/Contents/modules/iwgl/lib/x86/darwin/libiwgl_d.a(iwglstub_glBindTexture.o)
[ 74] /Applications/Marmalade.app/Contents/modules/iwgl/lib/x86/darwin/libiwgl_d.a(iwglstub_glBlendColor.o)
[ 75] /Applications/Marmalade.app/Contents/modules/iwgl/lib/x86/darwin/libiwgl_d.a(iwglstub_glBlendEquationSeparate.o)
[ 76] /Applications/Marmalade.app/Contents/modules/iwgl/lib/x86/darwin/libiwgl_d.a(iwglstub_glBlendFunc.o)
[ 77] /Applications/Marmalade.app/Contents/modules/iwgl/lib/x86/darwin/libiwgl_d.a(iwglstub_glBlendFuncSeparate.o)
[ 78] /Applications/Marmalade.app/Contents/modules/iwgl/lib/x86/darwin/libiwgl_d.a(iwglstub_glCheckFramebufferStatus.o)
[ 79] /Applications/Marmalade.app/Contents/modules/iwgl/lib/x86/darwin/libiwgl_d.a(iwglstub_glClear.o)
[ 80] /Applications/Marmalade.app/Contents/modules/iwgl/lib/x86/darwin/libiwgl_d.a(iwglstub_glClearColor.o)
[ 81] /Applications/Marmalade.app/Contents/modules/iwgl/lib/x86/darwin/libiwgl_d.a(iwglstub_glClearColorx.o)
[ 82] /Applications/Marmalade.app/Contents/modules/iwgl/lib/x86/darwin/libiwgl_d.a(iwglstub_glClearDepthf.o)
[ 83] /Applications/Marmalade.app/Contents/modules/iwgl/lib/x86/darwin/libiwgl_d.a(iwglstub_glClearDepthx.o)
[ 84] /Applications/Marmalade.app/Contents/modules/iwgl/lib/x86/darwin/libiwgl_d.a(iwglstub_glClearStencil.o)
[ 85] /Applications/Marmalade.app/Contents/modules/iwgl/lib/x86/darwin/libiwgl_d.a(iwglstub_glClientActiveTexture.o)
[ 86] /Applications/Marmalade.app/Contents/modules/iwgl/lib/x86/darwin/libiwgl_d.a(iwglstub_glClipPlanef.o)
[ 87] /Applications/Marmalade.app/Contents/modules/iwgl/lib/x86/darwin/libiwgl_d.a(iwglstub_glClipPlanex.o)
[ 88] /Applications/Marmalade.app/Contents/modules/iwgl/lib/x86/darwin/libiwgl_d.a(iwglstub_glColor4f.o)
[ 89] /Applications/Marmalade.app/Contents/modules/iwgl/lib/x86/darwin/libiwgl_d.a(iwglstub_glColor4x.o)
[ 90] /Applications/Marmalade.app/Contents/modules/iwgl/lib/x86/darwin/libiwgl_d.a(iwglstub_glColorMask.o)
[ 91] /Applications/Marmalade.app/Contents/modules/iwgl/lib/x86/darwin/libiwgl_d.a(iwglstub_glColorPointer.o)
[ 92] /Applications/Marmalade.app/Contents/modules/iwgl/lib/x86/darwin/libiwgl_d.a(iwglstub_glCompileShader.o)
[ 93] /Applications/Marmalade.app/Contents/modules/iwgl/lib/x86/darwin/libiwgl_d.a(iwglstub_glCompressedTexImage2D.o)
[ 94] /Applications/Marmalade.app/Contents/modules/iwgl/lib/x86/darwin/libiwgl_d.a(iwglstub_glCompressedTexImage3D.o)
[ 95] /Applications/Marmalade.app/Contents/modules/iwgl/lib/x86/darwin/libiwgl_d.a(iwglstub_glCreateProgram.o)
[ 96] /Applications/Marmalade.app/Contents/modules/iwgl/lib/x86/darwin/libiwgl_d.a(iwglstub_glCreateShader.o)
[ 97] /Applications/Marmalade.app/Contents/modules/iwgl/lib/x86/darwin/libiwgl_d.a(iwglstub_glCullFace.o)
[ 98] /Applications/Marmalade.app/Contents/modules/iwgl/lib/x86/darwin/libiwgl_d.a(iwglstub_glDeleteFramebuffers.o)
[ 99] /Applications/Marmalade.app/Contents/modules/iwgl/lib/x86/darwin/libiwgl_d.a(iwglstub_glDeleteProgram.o)
[100] /Applications/Marmalade.app/Contents/modules/iwgl/lib/x86/darwin/libiwgl_d.a(iwglstub_glDeleteRenderbuffers.o)
[101] /Applications/Marmalade.app/Contents/modules/iwgl/lib/x86/darwin/libiwgl_d.a(iwglstub_glDeleteShader.o)
[102] /Applications/Marmalade.app/Contents/modules/iwgl/lib/x86/darwin/libiwgl_d.a(iwglstub_glDeleteTextures.o)
[103] /Applications/Marmalade.app/Contents/modules/iwgl/lib/x86/darwin/libiwgl_d.a(iwglstub_glDepthFunc.o)
[104] /Applications/Marmalade.app/Contents/modules/iwgl/lib/x86/darwin/libiwgl_d.a(iwglstub_glDepthMask.o)
[105] /Applications/Marmalade.app/Contents/modules/iwgl/lib/x86/darwin/libiwgl_d.a(iwglstub_glDepthRangef.o)
[106] /Applications/Marmalade.app/Contents/modules/iwgl/lib/x86/darwin/libiwgl_d.a(iwglstub_glDepthRangex.o)
[107] /Applications/Marmalade.app/Contents/modules/iwgl/lib/x86/darwin/libiwgl_d.a(iwglstub_glDetachShader.o)
[108] /Applications/Marmalade.app/Contents/modules/iwgl/lib/x86/darwin/libiwgl_d.a(iwglstub_glDisable.o)
[109] /Applications/Marmalade.app/Contents/modules/iwgl/lib/x86/darwin/libiwgl_d.a(iwglstub_glDisableClientState.o)
[110] /Applications/Marmalade.app/Contents/modules/iwgl/lib/x86/darwin/libiwgl_d.a(iwglstub_glDisableVertexAttribArray.o)
[111] /Applications/Marmalade.app/Contents/modules/iwgl/lib/x86/darwin/libiwgl_d.a(iwglstub_glDrawArrays.o)
[112] /Applications/Marmalade.app/Contents/modules/iwgl/lib/x86/darwin/libiwgl_d.a(iwglstub_glDrawElements.o)
[113] /Applications/Marmalade.app/Contents/modules/iwgl/lib/x86/darwin/libiwgl_d.a(iwglstub_glEnable.o)
[114] /Applications/Marmalade.app/Contents/modules/iwgl/lib/x86/darwin/libiwgl_d.a(iwglstub_glEnableClientState.o)
[115] /Applications/Marmalade.app/Contents/modules/iwgl/lib/x86/darwin/libiwgl_d.a(iwglstub_glEnableVertexAttribArray.o)
[116] /Applications/Marmalade.app/Contents/modules/iwgl/lib/x86/darwin/libiwgl_d.a(iwglstub_glFogf.o)
[117] /Applications/Marmalade.app/Contents/modules/iwgl/lib/x86/darwin/libiwgl_d.a(iwglstub_glFogfv.o)
[118] /Applications/Marmalade.app/Contents/modules/iwgl/lib/x86/darwin/libiwgl_d.a(iwglstub_glFogx.o)
[119] /Applications/Marmalade.app/Contents/modules/iwgl/lib/x86/darwin/libiwgl_d.a(iwglstub_glFogxv.o)
[120] /Applications/Marmalade.app/Contents/modules/iwgl/lib/x86/darwin/libiwgl_d.a(iwglstub_glFramebufferRenderbuffer.o)
[121] /Applications/Marmalade.app/Contents/modules/iwgl/lib/x86/darwin/libiwgl_d.a(iwglstub_glFramebufferTexture2D.o)
[122] /Applications/Marmalade.app/Contents/modules/iwgl/lib/x86/darwin/libiwgl_d.a(iwglstub_glFrontFace.o)
[123] /Applications/Marmalade.app/Contents/modules/iwgl/lib/x86/darwin/libiwgl_d.a(iwglstub_glFrustumf.o)
[124] /Applications/Marmalade.app/Contents/modules/iwgl/lib/x86/darwin/libiwgl_d.a(iwglstub_glGenFramebuffers.o)
[125] /Applications/Marmalade.app/Contents/modules/iwgl/lib/x86/darwin/libiwgl_d.a(iwglstub_glGenRenderbuffers.o)
[126] /Applications/Marmalade.app/Contents/modules/iwgl/lib/x86/darwin/libiwgl_d.a(iwglstub_glGenTextures.o)
[127] /Applications/Marmalade.app/Contents/modules/iwgl/lib/x86/darwin/libiwgl_d.a(iwglstub_glGenerateMipmap.o)
[128] /Applications/Marmalade.app/Contents/modules/iwgl/lib/x86/darwin/libiwgl_d.a(iwglstub_glGetAttribLocation.o)
[129] /Applications/Marmalade.app/Contents/modules/iwgl/lib/x86/darwin/libiwgl_d.a(iwglstub_glGetBooleanv.o)
[130] /Applications/Marmalade.app/Contents/modules/iwgl/lib/x86/darwin/libiwgl_d.a(iwglstub_glGetError.o)
[131] /Applications/Marmalade.app/Contents/modules/iwgl/lib/x86/darwin/libiwgl_d.a(iwglstub_glGetFloatv.o)
[132] /Applications/Marmalade.app/Contents/modules/iwgl/lib/x86/darwin/libiwgl_d.a(iwglstub_glGetFramebufferAttachmentParameteriv.o)
[133] /Applications/Marmalade.app/Contents/modules/iwgl/lib/x86/darwin/libiwgl_d.a(iwglstub_glGetIntegerv.o)
[134] /Applications/Marmalade.app/Contents/modules/iwgl/lib/x86/darwin/libiwgl_d.a(iwglstub_glGetProgramInfoLog.o)
[135] /Applications/Marmalade.app/Contents/modules/iwgl/lib/x86/darwin/libiwgl_d.a(iwglstub_glGetProgramiv.o)
[136] /Applications/Marmalade.app/Contents/modules/iwgl/lib/x86/darwin/libiwgl_d.a(iwglstub_glGetRenderbufferParameteriv.o)
[137] /Applications/Marmalade.app/Contents/modules/iwgl/lib/x86/darwin/libiwgl_d.a(iwglstub_glGetShaderInfoLog.o)
[138] /Applications/Marmalade.app/Contents/modules/iwgl/lib/x86/darwin/libiwgl_d.a(iwglstub_glGetShaderiv.o)
[139] /Applications/Marmalade.app/Contents/modules/iwgl/lib/x86/darwin/libiwgl_d.a(iwglstub_glGetString.o)
[140] /Applications/Marmalade.app/Contents/modules/iwgl/lib/x86/darwin/libiwgl_d.a(iwglstub_glGetUniformLocation.o)
[141] /Applications/Marmalade.app/Contents/modules/iwgl/lib/x86/darwin/libiwgl_d.a(iwglstub_glHint.o)
[142] /Applications/Marmalade.app/Contents/modules/iwgl/lib/x86/darwin/libiwgl_d.a(iwglstub_glIsFramebuffer.o)
[143] /Applications/Marmalade.app/Contents/modules/iwgl/lib/x86/darwin/libiwgl_d.a(iwglstub_glIsRenderbuffer.o)
[144] /Applications/Marmalade.app/Contents/modules/iwgl/lib/x86/darwin/libiwgl_d.a(iwglstub_glLightModelf.o)
[145] /Applications/Marmalade.app/Contents/modules/iwgl/lib/x86/darwin/libiwgl_d.a(iwglstub_glLightModelfv.o)
[146] /Applications/Marmalade.app/Contents/modules/iwgl/lib/x86/darwin/libiwgl_d.a(iwglstub_glLightModelx.o)
[147] /Applications/Marmalade.app/Contents/modules/iwgl/lib/x86/darwin/libiwgl_d.a(iwglstub_glLightModelxv.o)
[148] /Applications/Marmalade.app/Contents/modules/iwgl/lib/x86/darwin/libiwgl_d.a(iwglstub_glLightf.o)
[149] /Applications/Marmalade.app/Contents/modules/iwgl/lib/x86/darwin/libiwgl_d.a(iwglstub_glLightfv.o)
[150] /Applications/Marmalade.app/Contents/modules/iwgl/lib/x86/darwin/libiwgl_d.a(iwglstub_glLightx.o)
[151] /Applications/Marmalade.app/Contents/modules/iwgl/lib/x86/darwin/libiwgl_d.a(iwglstub_glLightxv.o)
[152] /Applications/Marmalade.app/Contents/modules/iwgl/lib/x86/darwin/libiwgl_d.a(iwglstub_glLineWidth.o)
[153] /Applications/Marmalade.app/Contents/modules/iwgl/lib/x86/darwin/libiwgl_d.a(iwglstub_glLineWidthx.o)
[154] /Applications/Marmalade.app/Contents/modules/iwgl/lib/x86/darwin/libiwgl_d.a(iwglstub_glLinkProgram.o)
[155] /Applications/Marmalade.app/Contents/modules/iwgl/lib/x86/darwin/libiwgl_d.a(iwglstub_glLoadIdentity.o)
[156] /Applications/Marmalade.app/Contents/modules/iwgl/lib/x86/darwin/libiwgl_d.a(iwglstub_glLoadMatrixf.o)
[157] /Applications/Marmalade.app/Contents/modules/iwgl/lib/x86/darwin/libiwgl_d.a(iwglstub_glLoadMatrixx.o)
[158] /Applications/Marmalade.app/Contents/modules/iwgl/lib/x86/darwin/libiwgl_d.a(iwglstub_glLogicOp.o)
[159] /Applications/Marmalade.app/Contents/modules/iwgl/lib/x86/darwin/libiwgl_d.a(iwglstub_glMaterialf.o)
[160] /Applications/Marmalade.app/Contents/modules/iwgl/lib/x86/darwin/libiwgl_d.a(iwglstub_glMaterialfv.o)
[161] /Applications/Marmalade.app/Contents/modules/iwgl/lib/x86/darwin/libiwgl_d.a(iwglstub_glMaterialx.o)
[162] /Applications/Marmalade.app/Contents/modules/iwgl/lib/x86/darwin/libiwgl_d.a(iwglstub_glMaterialxv.o)
[163] /Applications/Marmalade.app/Contents/modules/iwgl/lib/x86/darwin/libiwgl_d.a(iwglstub_glMatrixMode.o)
[164] /Applications/Marmalade.app/Contents/modules/iwgl/lib/x86/darwin/libiwgl_d.a(iwglstub_glMultMatrixf.o)
[165] /Applications/Marmalade.app/Contents/modules/iwgl/lib/x86/darwin/libiwgl_d.a(iwglstub_glMultMatrixx.o)
[166] /Applications/Marmalade.app/Contents/modules/iwgl/lib/x86/darwin/libiwgl_d.a(iwglstub_glMultiTexCoord4f.o)
[167] /Applications/Marmalade.app/Contents/modules/iwgl/lib/x86/darwin/libiwgl_d.a(iwglstub_glMultiTexCoord4x.o)
[168] /Applications/Marmalade.app/Contents/modules/iwgl/lib/x86/darwin/libiwgl_d.a(iwglstub_glNormal3f.o)
[169] /Applications/Marmalade.app/Contents/modules/iwgl/lib/x86/darwin/libiwgl_d.a(iwglstub_glNormal3x.o)
[170] /Applications/Marmalade.app/Contents/modules/iwgl/lib/x86/darwin/libiwgl_d.a(iwglstub_glNormalPointer.o)
[171] /Applications/Marmalade.app/Contents/modules/iwgl/lib/x86/darwin/libiwgl_d.a(iwglstub_glOrthox.o)
[172] /Applications/Marmalade.app/Contents/modules/iwgl/lib/x86/darwin/libiwgl_d.a(iwglstub_glPixelStorei.o)
[173] /Applications/Marmalade.app/Contents/modules/iwgl/lib/x86/darwin/libiwgl_d.a(iwglstub_glPolygonOffset.o)
[174] /Applications/Marmalade.app/Contents/modules/iwgl/lib/x86/darwin/libiwgl_d.a(iwglstub_glPolygonOffsetx.o)
[175] /Applications/Marmalade.app/Contents/modules/iwgl/lib/x86/darwin/libiwgl_d.a(iwglstub_glReadPixels.o)
[176] /Applications/Marmalade.app/Contents/modules/iwgl/lib/x86/darwin/libiwgl_d.a(iwglstub_glRenderbufferStorage.o)
[177] /Applications/Marmalade.app/Contents/modules/iwgl/lib/x86/darwin/libiwgl_d.a(iwglstub_glRotatef.o)
[178] /Applications/Marmalade.app/Contents/modules/iwgl/lib/x86/darwin/libiwgl_d.a(iwglstub_glRotatex.o)
[179] /Applications/Marmalade.app/Contents/modules/iwgl/lib/x86/darwin/libiwgl_d.a(iwglstub_glScalef.o)
[180] /Applications/Marmalade.app/Contents/modules/iwgl/lib/x86/darwin/libiwgl_d.a(iwglstub_glScalex.o)
[181] /Applications/Marmalade.app/Contents/modules/iwgl/lib/x86/darwin/libiwgl_d.a(iwglstub_glScissor.o)
[182] /Applications/Marmalade.app/Contents/modules/iwgl/lib/x86/darwin/libiwgl_d.a(iwglstub_glShadeModel.o)
[183] /Applications/Marmalade.app/Contents/modules/iwgl/lib/x86/darwin/libiwgl_d.a(iwglstub_glShaderBinary.o)
[184] /Applications/Marmalade.app/Contents/modules/iwgl/lib/x86/darwin/libiwgl_d.a(iwglstub_glShaderSource.o)
[185] /Applications/Marmalade.app/Contents/modules/iwgl/lib/x86/darwin/libiwgl_d.a(iwglstub_glStencilFunc.o)
[186] /Applications/Marmalade.app/Contents/modules/iwgl/lib/x86/darwin/libiwgl_d.a(iwglstub_glStencilFuncSeparate.o)
[187] /Applications/Marmalade.app/Contents/modules/iwgl/lib/x86/darwin/libiwgl_d.a(iwglstub_glStencilMask.o)
[188] /Applications/Marmalade.app/Contents/modules/iwgl/lib/x86/darwin/libiwgl_d.a(iwglstub_glStencilMaskSeparate.o)
[189] /Applications/Marmalade.app/Contents/modules/iwgl/lib/x86/darwin/libiwgl_d.a(iwglstub_glStencilOp.o)
[190] /Applications/Marmalade.app/Contents/modules/iwgl/lib/x86/darwin/libiwgl_d.a(iwglstub_glStencilOpSeparate.o)
[191] /Applications/Marmalade.app/Contents/modules/iwgl/lib/x86/darwin/libiwgl_d.a(iwglstub_glTexCoordPointer.o)
[192] /Applications/Marmalade.app/Contents/modules/iwgl/lib/x86/darwin/libiwgl_d.a(iwglstub_glTexEnvf.o)
[193] /Applications/Marmalade.app/Contents/modules/iwgl/lib/x86/darwin/libiwgl_d.a(iwglstub_glTexEnvfv.o)
[194] /Applications/Marmalade.app/Contents/modules/iwgl/lib/x86/darwin/libiwgl_d.a(iwglstub_glTexEnvi.o)
[195] /Applications/Marmalade.app/Contents/modules/iwgl/lib/x86/darwin/libiwgl_d.a(iwglstub_glTexEnvx.o)
[196] /Applications/Marmalade.app/Contents/modules/iwgl/lib/x86/darwin/libiwgl_d.a(iwglstub_glTexEnvxv.o)
[197] /Applications/Marmalade.app/Contents/modules/iwgl/lib/x86/darwin/libiwgl_d.a(iwglstub_glTexImage2D.o)
[198] /Applications/Marmalade.app/Contents/modules/iwgl/lib/x86/darwin/libiwgl_d.a(iwglstub_glTexImage3D.o)
[199] /Applications/Marmalade.app/Contents/modules/iwgl/lib/x86/darwin/libiwgl_d.a(iwglstub_glTexParameterf.o)
[200] /Applications/Marmalade.app/Contents/modules/iwgl/lib/x86/darwin/libiwgl_d.a(iwglstub_glTexParameteri.o)
[201] /Applications/Marmalade.app/Contents/modules/iwgl/lib/x86/darwin/libiwgl_d.a(iwglstub_glTexParameterx.o)
[202] /Applications/Marmalade.app/Contents/modules/iwgl/lib/x86/darwin/libiwgl_d.a(iwglstub_glTexSubImage2D.o)
[203] /Applications/Marmalade.app/Contents/modules/iwgl/lib/x86/darwin/libiwgl_d.a(iwglstub_glTranslatef.o)
[204] /Applications/Marmalade.app/Contents/modules/iwgl/lib/x86/darwin/libiwgl_d.a(iwglstub_glTranslatex.o)
[205] /Applications/Marmalade.app/Contents/modules/iwgl/lib/x86/darwin/libiwgl_d.a(iwglstub_glUniform1f.o)
[206] /Applications/Marmalade.app/Contents/modules/iwgl/lib/x86/darwin/libiwgl_d.a(iwglstub_glUniform1fv.o)
[207] /Applications/Marmalade.app/Contents/modules/iwgl/lib/x86/darwin/libiwgl_d.a(iwglstub_glUniform1i.o)
[208] /Applications/Marmalade.app/Contents/modules/iwgl/lib/x86/darwin/libiwgl_d.a(iwglstub_glUniform1iv.o)
[209] /Applications/Marmalade.app/Contents/modules/iwgl/lib/x86/darwin/libiwgl_d.a(iwglstub_glUniform2fv.o)
[210] /Applications/Marmalade.app/Contents/modules/iwgl/lib/x86/darwin/libiwgl_d.a(iwglstub_glUniform2iv.o)
[211] /Applications/Marmalade.app/Contents/modules/iwgl/lib/x86/darwin/libiwgl_d.a(iwglstub_glUniform3fv.o)
[212] /Applications/Marmalade.app/Contents/modules/iwgl/lib/x86/darwin/libiwgl_d.a(iwglstub_glUniform3iv.o)
[213] /Applications/Marmalade.app/Contents/modules/iwgl/lib/x86/darwin/libiwgl_d.a(iwglstub_glUniform4f.o)
[214] /Applications/Marmalade.app/Contents/modules/iwgl/lib/x86/darwin/libiwgl_d.a(iwglstub_glUniform4fv.o)
[215] /Applications/Marmalade.app/Contents/modules/iwgl/lib/x86/darwin/libiwgl_d.a(iwglstub_glUniform4iv.o)
[216] /Applications/Marmalade.app/Contents/modules/iwgl/lib/x86/darwin/libiwgl_d.a(iwglstub_glUniformMatrix2fv.o)
[217] /Applications/Marmalade.app/Contents/modules/iwgl/lib/x86/darwin/libiwgl_d.a(iwglstub_glUniformMatrix3fv.o)
[218] /Applications/Marmalade.app/Contents/modules/iwgl/lib/x86/darwin/libiwgl_d.a(iwglstub_glUniformMatrix4fv.o)
[219] /Applications/Marmalade.app/Contents/modules/iwgl/lib/x86/darwin/libiwgl_d.a(iwglstub_glUseProgram.o)
[220] /Applications/Marmalade.app/Contents/modules/iwgl/lib/x86/darwin/libiwgl_d.a(iwglstub_glVertexAttribIPointer.o)
[221] /Applications/Marmalade.app/Contents/modules/iwgl/lib/x86/darwin/libiwgl_d.a(iwglstub_glVertexAttribPointer.o)
[222] /Applications/Marmalade.app/Contents/modules/iwgl/lib/x86/darwin/libiwgl_d.a(iwglstub_glVertexPointer.o)
[223] /Applications/Marmalade.app/Contents/modules/iwgl/lib/x86/darwin/libiwgl_d.a(iwglstub_glViewport.o)
[224] /Applications/Marmalade.app/Contents/modules/iwgl/lib/x86/darwin/libiwgl_d.a(IwEGLHelper.o)
[225] /Applications/Marmalade.app/Contents/modules/iwgl/lib/x86/darwin/libiwgl_d.a(IwGL.o)
[226] /Applications/Marmalade.app/Contents/modules/iwgl/lib/x86/darwin/libiwgl_d.a(IwGLDrawRect.o)
[227] /Applications/Marmalade.app/Contents/modules/iwgl/lib/x86/darwin/libiwgl_d.a(IwGLEGL.o)
[228] /Applications/Marmalade.app/Contents/modules/iwgl/lib/x86/darwin/libiwgl_d.a(IwGLEnum.o)
[229] /Applications/Marmalade.app/Contents/modules/iwgl/lib/x86/darwin/libiwgl_d.a(IwGLExt.o)
[230] /Applications/Marmalade.app/Contents/modules/iwgl/lib/x86/darwin/libiwgl_d.a(IwGLFBOCache.o)
[231] /Applications/Marmalade.app/Contents/modules/iwgl/lib/x86/darwin/libiwgl_d.a(IwGLFBOObj.o)
[232] /Applications/Marmalade.app/Contents/modules/iwgl/lib/x86/darwin/libiwgl_d.a(IwGLFeedbackObj.o)
[233] /Applications/Marmalade.app/Contents/modules/iwgl/lib/x86/darwin/libiwgl_d.a(IwGLGet.o)
[234] /Applications/Marmalade.app/Contents/modules/iwgl/lib/x86/darwin/libiwgl_d.a(IwGLQueryObj.o)
[235] /Applications/Marmalade.app/Contents/modules/iwgl/lib/x86/darwin/libiwgl_d.a(IwGLSamplerObj.o)
[236] /Applications/Marmalade.app/Contents/modules/iwgl/lib/x86/darwin/libiwgl_d.a(IwGLShaderCache.o)
[237] /Applications/Marmalade.app/Contents/modules/iwgl/lib/x86/darwin/libiwgl_d.a(IwGLShaderObj.o)
[238] /Applications/Marmalade.app/Contents/modules/iwgl/lib/x86/darwin/libiwgl_d.a(IwGLStateCache.o)
[239] /Applications/Marmalade.app/Contents/modules/iwgl/lib/x86/darwin/libiwgl_d.a(IwGLTexCache.o)
[240] /Applications/Marmalade.app/Contents/modules/iwgl/lib/x86/darwin/libiwgl_d.a(IwGLTexObj.o)
[241] /Applications/Marmalade.app/Contents/modules/iwgl/lib/x86/darwin/libiwgl_d.a(IwGLVAOObj.o)
[242] /Applications/Marmalade.app/Contents/modules/iwgl/lib/x86/darwin/libiwgl_d.a(IwGLVBOCache.o)
[243] /Applications/Marmalade.app/Contents/modules/iwgl/lib/x86/darwin/libiwgl_d.a(IwGLVBOObj.o)
[244] /Applications/Marmalade.app/Contents/modules/iwgl/lib/x86/darwin/libiwgl_d.a(IwGLVirtualRes.o)
[245] /Applications/Marmalade.app/Contents/modules/iwgl/lib/x86/darwin/libiwgl_d.a(IwGLWrappers.o)
[246] /Applications/Marmalade.app/Contents/modules/iwutil/lib/x86/darwin/libiwutil_d.a(IwList.o)
[247] /Applications/Marmalade.app/Contents/modules/iwutil/lib/x86/darwin/libiwutil_d.a(IwMemManagerDL.o)
[248] /Applications/Marmalade.app/Contents/modules/iwutil/lib/x86/darwin/libiwutil_d.a(IwColourOctree.o)
[249] /Applications/Marmalade.app/Contents/modules/iwutil/lib/x86/darwin/libiwutil_d.a(IwFile.o)
[250] /Applications/Marmalade.app/Contents/modules/iwutil/lib/x86/darwin/libiwutil_d.a(IwHashString.o)
[251] /Applications/Marmalade.app/Contents/modules/iwutil/lib/x86/darwin/libiwutil_d.a(IwImage.o)
[252] /Applications/Marmalade.app/Contents/modules/iwutil/lib/x86/darwin/libiwutil_d.a(IwImageATI.o)
[253] /Applications/Marmalade.app/Contents/modules/iwutil/lib/x86/darwin/libiwutil_d.a(IwImageBMP.o)
[254] /Applications/Marmalade.app/Contents/modules/iwutil/lib/x86/darwin/libiwutil_d.a(IwImageGIF.o)
[255] /Applications/Marmalade.app/Contents/modules/iwutil/lib/x86/darwin/libiwutil_d.a(IwImageHelper.o)
[256] /Applications/Marmalade.app/Contents/modules/iwutil/lib/x86/darwin/libiwutil_d.a(IwImageJPG.o)
[257] /Applications/Marmalade.app/Contents/modules/iwutil/lib/x86/darwin/libiwutil_d.a(IwImagePNG.o)
[258] /Applications/Marmalade.app/Contents/modules/iwutil/lib/x86/darwin/libiwutil_d.a(IwImagePVR.o)
[259] /Applications/Marmalade.app/Contents/modules/iwutil/lib/x86/darwin/libiwutil_d.a(IwImageRAW.o)
[260] /Applications/Marmalade.app/Contents/modules/iwutil/lib/x86/darwin/libiwutil_d.a(IwImageRP4.o)
[261] /Applications/Marmalade.app/Contents/modules/iwutil/lib/x86/darwin/libiwutil_d.a(IwImageTGA.o)
[262] /Applications/Marmalade.app/Contents/modules/iwutil/lib/x86/darwin/libiwutil_d.a(IwManaged.o)
[263] /Applications/Marmalade.app/Contents/modules/iwutil/lib/x86/darwin/libiwutil_d.a(IwManagedList.o)
[264] /Applications/Marmalade.app/Contents/modules/iwutil/lib/x86/darwin/libiwutil_d.a(IwMemBucket.o)
[265] /Applications/Marmalade.app/Contents/modules/iwutil/lib/x86/darwin/libiwutil_d.a(IwMemBucketHelpers.o)
[266] /Applications/Marmalade.app/Contents/modules/iwutil/lib/x86/darwin/libiwutil_d.a(IwMemory.o)
[267] /Applications/Marmalade.app/Contents/modules/iwutil/lib/x86/darwin/libiwutil_d.a(IwMenu.o)
[268] /Applications/Marmalade.app/Contents/modules/iwutil/lib/x86/darwin/libiwutil_d.a(IwResource.o)
[269] /Applications/Marmalade.app/Contents/modules/iwutil/lib/x86/darwin/libiwutil_d.a(IwRuntime.o)
[270] /Applications/Marmalade.app/Contents/modules/iwutil/lib/x86/darwin/libiwutil_d.a(IwSerialise.o)
[271] /Applications/Marmalade.app/Contents/modules/iwutil/lib/x86/darwin/libiwutil_d.a(IwTextParser.o)
[272] /Applications/Marmalade.app/Contents/modules/iwutil/lib/x86/darwin/libiwutil_d.a(IwTextParserITX.o)
[273] /Applications/Marmalade.app/Contents/modules/iwutil/lib/x86/darwin/libiwutil_d.a(IwUtil.o)
[274] /Applications/Marmalade.app/Contents/modules/iwutil/lib/x86/darwin/libiwutil_d.a(neuquant32.o)
[275] /Applications/Marmalade.app/Contents/modules/third_party/libjpeg/lib/x86/darwin/libjpeg_d.a(jcomapi.o)
[276] /Applications/Marmalade.app/Contents/modules/third_party/libjpeg/lib/x86/darwin/libjpeg_d.a(jdapimin.o)
[277] /Applications/Marmalade.app/Contents/modules/third_party/libjpeg/lib/x86/darwin/libjpeg_d.a(jdapistd.o)
[278] /Applications/Marmalade.app/Contents/modules/third_party/libjpeg/lib/x86/darwin/libjpeg_d.a(jdcoefct.o)
[279] /Applications/Marmalade.app/Contents/modules/third_party/libjpeg/lib/x86/darwin/libjpeg_d.a(jdcolor.o)
[280] /Applications/Marmalade.app/Contents/modules/third_party/libjpeg/lib/x86/darwin/libjpeg_d.a(jddctmgr.o)
[281] /Applications/Marmalade.app/Contents/modules/third_party/libjpeg/lib/x86/darwin/libjpeg_d.a(jdhuff.o)
[282] /Applications/Marmalade.app/Contents/modules/third_party/libjpeg/lib/x86/darwin/libjpeg_d.a(jdinput.o)
[283] /Applications/Marmalade.app/Contents/modules/third_party/libjpeg/lib/x86/darwin/libjpeg_d.a(jdmainct.o)
[284] /Applications/Marmalade.app/Contents/modules/third_party/libjpeg/lib/x86/darwin/libjpeg_d.a(jdmarker.o)
[285] /Applications/Marmalade.app/Contents/modules/third_party/libjpeg/lib/x86/darwin/libjpeg_d.a(jdmaster.o)
[286] /Applications/Marmalade.app/Contents/modules/third_party/libjpeg/lib/x86/darwin/libjpeg_d.a(jdmerge.o)
[287] /Applications/Marmalade.app/Contents/modules/third_party/libjpeg/lib/x86/darwin/libjpeg_d.a(jdphuff.o)
[288] /Applications/Marmalade.app/Contents/modules/third_party/libjpeg/lib/x86/darwin/libjpeg_d.a(jdpostct.o)
[289] /Applications/Marmalade.app/Contents/modules/third_party/libjpeg/lib/x86/darwin/libjpeg_d.a(jdsample.o)
[290] /Applications/Marmalade.app/Contents/modules/third_party/libjpeg/lib/x86/darwin/libjpeg_d.a(jerror.o)
[291] /Applications/Marmalade.app/Contents/modules/third_party/libjpeg/lib/x86/darwin/libjpeg_d.a(jidctflt.o)
[292] /Applications/Marmalade.app/Contents/modules/third_party/libjpeg/lib/x86/darwin/libjpeg_d.a(jidctfst.o)
[293] /Applications/Marmalade.app/Contents/modules/third_party/libjpeg/lib/x86/darwin/libjpeg_d.a(jidctint.o)
[294] /Applications/Marmalade.app/Contents/modules/third_party/libjpeg/lib/x86/darwin/libjpeg_d.a(jidctred.o)
[295] /Applications/Marmalade.app/Contents/modules/third_party/libjpeg/lib/x86/darwin/libjpeg_d.a(jmemmgr.o)
[296] /Applications/Marmalade.app/Contents/modules/third_party/libjpeg/lib/x86/darwin/libjpeg_d.a(jmemnobs.o)
[297] /Applications/Marmalade.app/Contents/modules/third_party/libjpeg/lib/x86/darwin/libjpeg_d.a(jquant1.o)
[298] /Applications/Marmalade.app/Contents/modules/third_party/libjpeg/lib/x86/darwin/libjpeg_d.a(jquant2.o)
[299] /Applications/Marmalade.app/Contents/modules/third_party/libjpeg/lib/x86/darwin/libjpeg_d.a(jutils.o)
[300] /Applications/Marmalade.app/Contents/modules/iwgeom/lib/x86/darwin/libiwgeom_d.a(IwGeomCore.o)
[301] /Applications/Marmalade.app/Contents/modules/iwgeom/lib/x86/darwin/libiwgeom_d.a(IwGeomFMat.o)
[302] /Applications/Marmalade.app/Contents/modules/iwgeom/lib/x86/darwin/libiwgeom_d.a(IwGeomFMat2D.o)
[303] /Applications/Marmalade.app/Contents/modules/iwgeom/lib/x86/darwin/libiwgeom_d.a(IwGeomFQuat.o)
[304] /Applications/Marmalade.app/Contents/modules/iwgeom/lib/x86/darwin/libiwgeom_d.a(IwGeomFVec2.o)
[305] /Applications/Marmalade.app/Contents/modules/iwgeom/lib/x86/darwin/libiwgeom_d.a(IwGeomFVec3.o)
[306] /Applications/Marmalade.app/Contents/modules/iwgeom/lib/x86/darwin/libiwgeom_d.a(IwGeomFVec4.o)
[307] /Applications/Marmalade.app/Contents/modules/iwgeom/lib/x86/darwin/libiwgeom_d.a(IwGeomMat.o)
[308] /Applications/Marmalade.app/Contents/modules/iwgeom/lib/x86/darwin/libiwgeom_d.a(IwGeomMat2D.o)
[309] /Applications/Marmalade.app/Contents/modules/iwgeom/lib/x86/darwin/libiwgeom_d.a(IwGeomPlane.o)
[310] /Applications/Marmalade.app/Contents/modules/iwgeom/lib/x86/darwin/libiwgeom_d.a(IwGeomQuat.o)
[311] /Applications/Marmalade.app/Contents/modules/iwgeom/lib/x86/darwin/libiwgeom_d.a(IwGeomSQuat.o)
[312] /Applications/Marmalade.app/Contents/modules/iwgeom/lib/x86/darwin/libiwgeom_d.a(IwGeomSVec2.o)
[313] /Applications/Marmalade.app/Contents/modules/iwgeom/lib/x86/darwin/libiwgeom_d.a(IwGeomSVec3.o)
[314] /Applications/Marmalade.app/Contents/modules/iwgeom/lib/x86/darwin/libiwgeom_d.a(IwGeomSVec4.o)
[315] /Applications/Marmalade.app/Contents/modules/iwgeom/lib/x86/darwin/libiwgeom_d.a(IwGeomSqrt.o)
[316] /Applications/Marmalade.app/Contents/modules/iwgeom/lib/x86/darwin/libiwgeom_d.a(IwGeomVec2.o)
[317] /Applications/Marmalade.app/Contents/modules/iwgeom/lib/x86/darwin/libiwgeom_d.a(IwGeomVec3.o)
[318] /Applications/Marmalade.app/Contents/modules/iwgeom/lib/x86/darwin/libiwgeom_d.a(IwGeomVec4.o)
[319] /Applications/Marmalade.app/Contents/modules/iwresmanager/lib/x86/darwin/libiwresmanager_d.a(IwResGroup.o)
[320] /Applications/Marmalade.app/Contents/modules/iwresmanager/lib/x86/darwin/libiwresmanager_d.a(IwResGroupHST.o)
[321] /Applications/Marmalade.app/Contents/modules/iwresmanager/lib/x86/darwin/libiwresmanager_d.a(IwResHandler.o)
[322] /Applications/Marmalade.app/Contents/modules/iwresmanager/lib/x86/darwin/libiwresmanager_d.a(IwResManager.o)
[323] /Applications/Marmalade.app/Contents/modules/iwresmanager/lib/x86/darwin/libiwresmanager_d.a(IwResSerialise.o)
[324] /Applications/Marmalade.app/Contents/s3e/lib/x86/darwin/libs3e_cpp_d.a(codecvt.o)
[325] /Applications/Marmalade.app/Contents/s3e/lib/x86/darwin/libs3e_cpp_d.a(collate.o)
[326] /Applications/Marmalade.app/Contents/s3e/lib/x86/darwin/libs3e_cpp_d.a(ctype.o)
[327] /Applications/Marmalade.app/Contents/s3e/lib/x86/darwin/libs3e_cpp_d.a(dll_main.o)
[328] /Applications/Marmalade.app/Contents/s3e/lib/x86/darwin/libs3e_cpp_d.a(ios.o)
[329] /Applications/Marmalade.app/Contents/s3e/lib/x86/darwin/libs3e_cpp_d.a(locale_impl.o)
[330] /Applications/Marmalade.app/Contents/s3e/lib/x86/darwin/libs3e_cpp_d.a(messages.o)
[331] /Applications/Marmalade.app/Contents/s3e/lib/x86/darwin/libs3e_cpp_d.a(monetary.o)
[332] /Applications/Marmalade.app/Contents/s3e/lib/x86/darwin/libs3e_cpp_d.a(num_get.o)
[333] /Applications/Marmalade.app/Contents/s3e/lib/x86/darwin/libs3e_cpp_d.a(num_get_float.o)
[334] /Applications/Marmalade.app/Contents/s3e/lib/x86/darwin/libs3e_cpp_d.a(num_put.o)
[335] /Applications/Marmalade.app/Contents/s3e/lib/x86/darwin/libs3e_cpp_d.a(num_put_float.o)
[336] /Applications/Marmalade.app/Contents/s3e/lib/x86/darwin/libs3e_cpp_d.a(numpunct.o)
[337] /Applications/Marmalade.app/Contents/s3e/lib/x86/darwin/libs3e_cpp_d.a(time_facets.o)
[338] /Applications/Marmalade.app/Contents/s3e/lib/x86/darwin/libs3e_cpp_d.a(array_delete.o)
[339] /Applications/Marmalade.app/Contents/s3e/lib/x86/darwin/libs3e_cpp_d.a(array_new.o)
[340] /Applications/Marmalade.app/Contents/s3e/lib/x86/darwin/libs3e_cpp_d.a(delete.o)
[341] /Applications/Marmalade.app/Contents/s3e/lib/x86/darwin/libs3e_cpp_d.a(new.o)
[342] /Applications/Marmalade.app/Contents/s3e/lib/x86/darwin/libs3e_d.a(iwcrt_common.o)
[343] /Applications/Marmalade.app/Contents/s3e/lib/x86/darwin/libs3e_d.a(iwmain.o)
[344] /Applications/Marmalade.app/Contents/s3e/lib/x86/darwin/libs3e_d.a(malloc.o)
[345] /Applications/Marmalade.app/Contents/s3e/lib/x86/darwin/libs3e_d.a(pthread_mutex.o)
[346] /Applications/Marmalade.app/Contents/s3e/lib/x86/darwin/libs3e_d.a(pthread_tls.o)
[347] /Applications/Marmalade.app/Contents/s3e/lib/x86/darwin/libs3e_d.a(pthreads.o)
[348] /Applications/Marmalade.app/Contents/s3e/lib/x86/darwin/libs3e_d.a(signal.o)
[349] /Applications/Marmalade.app/Contents/s3e/lib/x86/darwin/libs3e_d.a(sockets.o)
[350] /Applications/Marmalade.app/Contents/s3e/lib/x86/darwin/libs3e_d.a(stdlib.o)
[351] /Applications/Marmalade.app/Contents/s3e/lib/x86/darwin/libs3e_d.a(stdout.o)
[352] /Applications/Marmalade.app/Contents/s3e/lib/x86/darwin/libs3e_d.a(string.o)
[353] /Applications/Marmalade.app/Contents/s3e/lib/x86/darwin/libs3e_d.a(time.o)
[354] /Applications/Marmalade.app/Contents/s3e/lib/x86/darwin/libs3e_d.a(s3eMalloc_eapi.o)
[355] /Applications/Marmalade.app/Contents/s3e/lib/x86/darwin/libs3e_d.a(s3eMemory_eapi.o)
[356] /Applications/Marmalade.app/Contents/s3e/lib/x86/darwin/libs3e_d.a(IwAllocator.o)
[357] /Applications/Marmalade.app/Contents/s3e/lib/x86/darwin/libs3e_d.a(IwDebug.o)
[358] /Applications/Marmalade.app/Contents/s3e/lib/x86/darwin/libs3e_d.a(IwPath.o)
[359] /Applications/Marmalade.app/Contents/s3e/lib/x86/darwin/libs3e_d.a(s3eDebugHeap_interface.o)
[360] /Applications/Marmalade.app/Contents/s3e/lib/x86/darwin/libs3e_d.a(s3eMetrics_interface.o)
[361] /Applications/Marmalade.app/Contents/s3e/lib/x86/darwin/libs3e_d.a(s3eOSExec_interface.o)
[362] /Applications/Marmalade.app/Contents/s3e/lib/x86/darwin/libs3e_d.a(s3eThread_interface.o)
[363] /Applications/Marmalade.app/Contents/s3e/lib/x86/darwin/libs3e_d.a(iwcrt_gcc_init.o)
[364] /Applications/Marmalade.app/Contents/s3e/lib/x86/darwin/libs3e_d.a(newlib_impl.o)
[365] /Applications/Marmalade.app/Contents/s3e/lib/x86/darwin/libs3e_d.a(iwcrt_api_bind.o)
[366] /Applications/Marmalade.app/Contents/s3e/lib/x86/darwin/libs3e_d.a(iwcrt_gcc_x86.o)
[367] /Applications/Marmalade.app/Contents/s3e/lib/x86/darwin/libs3e_d.a(iwcrt_osx.o)
[368] /Applications/Marmalade.app/Contents/s3e/lib/x86/darwin/libs3e_api_iwgl.a(__eglGetProcAddress.o)
[369] /Applications/Marmalade.app/Contents/s3e/lib/x86/darwin/libs3e_api_iwgl.a(__glActiveTexture.o)
[370] /Applications/Marmalade.app/Contents/s3e/lib/x86/darwin/libs3e_api_iwgl.a(__glAlphaFunc.o)
[371] /Applications/Marmalade.app/Contents/s3e/lib/x86/darwin/libs3e_api_iwgl.a(__glAlphaFuncx.o)
[372] /Applications/Marmalade.app/Contents/s3e/lib/x86/darwin/libs3e_api_iwgl.a(__glAttachShader.o)
[373] /Applications/Marmalade.app/Contents/s3e/lib/x86/darwin/libs3e_api_iwgl.a(__glBindAttribLocation.o)
[374] /Applications/Marmalade.app/Contents/s3e/lib/x86/darwin/libs3e_api_iwgl.a(__glBindBuffer.o)
[375] /Applications/Marmalade.app/Contents/s3e/lib/x86/darwin/libs3e_api_iwgl.a(__glBindBufferBase.o)
[376] /Applications/Marmalade.app/Contents/s3e/lib/x86/darwin/libs3e_api_iwgl.a(__glBindBufferRange.o)
[377] /Applications/Marmalade.app/Contents/s3e/lib/x86/darwin/libs3e_api_iwgl.a(__glBindFramebuffer.o)
[378] /Applications/Marmalade.app/Contents/s3e/lib/x86/darwin/libs3e_api_iwgl.a(__glBindRenderbuffer.o)
[379] /Applications/Marmalade.app/Contents/s3e/lib/x86/darwin/libs3e_api_iwgl.a(__glBindSampler.o)
[380] /Applications/Marmalade.app/Contents/s3e/lib/x86/darwin/libs3e_api_iwgl.a(__glBindTexture.o)
[381] /Applications/Marmalade.app/Contents/s3e/lib/x86/darwin/libs3e_api_iwgl.a(__glBindTransformFeedback.o)
[382] /Applications/Marmalade.app/Contents/s3e/lib/x86/darwin/libs3e_api_iwgl.a(__glBindVertexArray.o)
[383] /Applications/Marmalade.app/Contents/s3e/lib/x86/darwin/libs3e_api_iwgl.a(__glBlendColor.o)
[384] /Applications/Marmalade.app/Contents/s3e/lib/x86/darwin/libs3e_api_iwgl.a(__glBlendEquationSeparate.o)
[385] /Applications/Marmalade.app/Contents/s3e/lib/x86/darwin/libs3e_api_iwgl.a(__glBlendFunc.o)
[386] /Applications/Marmalade.app/Contents/s3e/lib/x86/darwin/libs3e_api_iwgl.a(__glBlendFuncSeparate.o)
[387] /Applications/Marmalade.app/Contents/s3e/lib/x86/darwin/libs3e_api_iwgl.a(__glBufferData.o)
[388] /Applications/Marmalade.app/Contents/s3e/lib/x86/darwin/libs3e_api_iwgl.a(__glCheckFramebufferStatus.o)
[389] /Applications/Marmalade.app/Contents/s3e/lib/x86/darwin/libs3e_api_iwgl.a(__glClear.o)
[390] /Applications/Marmalade.app/Contents/s3e/lib/x86/darwin/libs3e_api_iwgl.a(__glClearColor.o)
[391] /Applications/Marmalade.app/Contents/s3e/lib/x86/darwin/libs3e_api_iwgl.a(__glClearColorx.o)
[392] /Applications/Marmalade.app/Contents/s3e/lib/x86/darwin/libs3e_api_iwgl.a(__glClearDepthf.o)
[393] /Applications/Marmalade.app/Contents/s3e/lib/x86/darwin/libs3e_api_iwgl.a(__glClearDepthx.o)
[394] /Applications/Marmalade.app/Contents/s3e/lib/x86/darwin/libs3e_api_iwgl.a(__glClearStencil.o)
[395] /Applications/Marmalade.app/Contents/s3e/lib/x86/darwin/libs3e_api_iwgl.a(__glClientActiveTexture.o)
[396] /Applications/Marmalade.app/Contents/s3e/lib/x86/darwin/libs3e_api_iwgl.a(__glClipPlanef.o)
[397] /Applications/Marmalade.app/Contents/s3e/lib/x86/darwin/libs3e_api_iwgl.a(__glClipPlanex.o)
[398] /Applications/Marmalade.app/Contents/s3e/lib/x86/darwin/libs3e_api_iwgl.a(__glColor4f.o)
[399] /Applications/Marmalade.app/Contents/s3e/lib/x86/darwin/libs3e_api_iwgl.a(__glColor4x.o)
[400] /Applications/Marmalade.app/Contents/s3e/lib/x86/darwin/libs3e_api_iwgl.a(__glColorMask.o)
[401] /Applications/Marmalade.app/Contents/s3e/lib/x86/darwin/libs3e_api_iwgl.a(__glColorPointer.o)
[402] /Applications/Marmalade.app/Contents/s3e/lib/x86/darwin/libs3e_api_iwgl.a(__glCompileShader.o)
[403] /Applications/Marmalade.app/Contents/s3e/lib/x86/darwin/libs3e_api_iwgl.a(__glCompressedTexImage2D.o)
[404] /Applications/Marmalade.app/Contents/s3e/lib/x86/darwin/libs3e_api_iwgl.a(__glCompressedTexImage3D.o)
[405] /Applications/Marmalade.app/Contents/s3e/lib/x86/darwin/libs3e_api_iwgl.a(__glCreateProgram.o)
[406] /Applications/Marmalade.app/Contents/s3e/lib/x86/darwin/libs3e_api_iwgl.a(__glCreateShader.o)
[407] /Applications/Marmalade.app/Contents/s3e/lib/x86/darwin/libs3e_api_iwgl.a(__glCullFace.o)
[408] /Applications/Marmalade.app/Contents/s3e/lib/x86/darwin/libs3e_api_iwgl.a(__glDeleteBuffers.o)
[409] /Applications/Marmalade.app/Contents/s3e/lib/x86/darwin/libs3e_api_iwgl.a(__glDeleteFramebuffers.o)
[410] /Applications/Marmalade.app/Contents/s3e/lib/x86/darwin/libs3e_api_iwgl.a(__glDeleteProgram.o)
[411] /Applications/Marmalade.app/Contents/s3e/lib/x86/darwin/libs3e_api_iwgl.a(__glDeleteRenderbuffers.o)
[412] /Applications/Marmalade.app/Contents/s3e/lib/x86/darwin/libs3e_api_iwgl.a(__glDeleteSamplers.o)
[413] /Applications/Marmalade.app/Contents/s3e/lib/x86/darwin/libs3e_api_iwgl.a(__glDeleteShader.o)
[414] /Applications/Marmalade.app/Contents/s3e/lib/x86/darwin/libs3e_api_iwgl.a(__glDeleteTextures.o)
[415] /Applications/Marmalade.app/Contents/s3e/lib/x86/darwin/libs3e_api_iwgl.a(__glDeleteVertexArrays.o)
[416] /Applications/Marmalade.app/Contents/s3e/lib/x86/darwin/libs3e_api_iwgl.a(__glDepthFunc.o)
[417] /Applications/Marmalade.app/Contents/s3e/lib/x86/darwin/libs3e_api_iwgl.a(__glDepthMask.o)
[418] /Applications/Marmalade.app/Contents/s3e/lib/x86/darwin/libs3e_api_iwgl.a(__glDepthRangef.o)
[419] /Applications/Marmalade.app/Contents/s3e/lib/x86/darwin/libs3e_api_iwgl.a(__glDepthRangex.o)
[420] /Applications/Marmalade.app/Contents/s3e/lib/x86/darwin/libs3e_api_iwgl.a(__glDetachShader.o)
[421] /Applications/Marmalade.app/Contents/s3e/lib/x86/darwin/libs3e_api_iwgl.a(__glDisable.o)
[422] /Applications/Marmalade.app/Contents/s3e/lib/x86/darwin/libs3e_api_iwgl.a(__glDisableClientState.o)
[423] /Applications/Marmalade.app/Contents/s3e/lib/x86/darwin/libs3e_api_iwgl.a(__glDisableVertexAttribArray.o)
[424] /Applications/Marmalade.app/Contents/s3e/lib/x86/darwin/libs3e_api_iwgl.a(__glDrawArrays.o)
[425] /Applications/Marmalade.app/Contents/s3e/lib/x86/darwin/libs3e_api_iwgl.a(__glDrawBuffers.o)
[426] /Applications/Marmalade.app/Contents/s3e/lib/x86/darwin/libs3e_api_iwgl.a(__glDrawElements.o)
[427] /Applications/Marmalade.app/Contents/s3e/lib/x86/darwin/libs3e_api_iwgl.a(__glEnable.o)
[428] /Applications/Marmalade.app/Contents/s3e/lib/x86/darwin/libs3e_api_iwgl.a(__glEnableClientState.o)
[429] /Applications/Marmalade.app/Contents/s3e/lib/x86/darwin/libs3e_api_iwgl.a(__glEnableVertexAttribArray.o)
[430] /Applications/Marmalade.app/Contents/s3e/lib/x86/darwin/libs3e_api_iwgl.a(__glFinish.o)
[431] /Applications/Marmalade.app/Contents/s3e/lib/x86/darwin/libs3e_api_iwgl.a(__glFogf.o)
[432] /Applications/Marmalade.app/Contents/s3e/lib/x86/darwin/libs3e_api_iwgl.a(__glFogfv.o)
[433] /Applications/Marmalade.app/Contents/s3e/lib/x86/darwin/libs3e_api_iwgl.a(__glFogx.o)
[434] /Applications/Marmalade.app/Contents/s3e/lib/x86/darwin/libs3e_api_iwgl.a(__glFogxv.o)
[435] /Applications/Marmalade.app/Contents/s3e/lib/x86/darwin/libs3e_api_iwgl.a(__glFramebufferRenderbuffer.o)
[436] /Applications/Marmalade.app/Contents/s3e/lib/x86/darwin/libs3e_api_iwgl.a(__glFramebufferTexture2D.o)
[437] /Applications/Marmalade.app/Contents/s3e/lib/x86/darwin/libs3e_api_iwgl.a(__glFramebufferTextureLayer.o)
[438] /Applications/Marmalade.app/Contents/s3e/lib/x86/darwin/libs3e_api_iwgl.a(__glFrontFace.o)
[439] /Applications/Marmalade.app/Contents/s3e/lib/x86/darwin/libs3e_api_iwgl.a(__glFrustumf.o)
[440] /Applications/Marmalade.app/Contents/s3e/lib/x86/darwin/libs3e_api_iwgl.a(__glGenBuffers.o)
[441] /Applications/Marmalade.app/Contents/s3e/lib/x86/darwin/libs3e_api_iwgl.a(__glGenFramebuffers.o)
[442] /Applications/Marmalade.app/Contents/s3e/lib/x86/darwin/libs3e_api_iwgl.a(__glGenRenderbuffers.o)
[443] /Applications/Marmalade.app/Contents/s3e/lib/x86/darwin/libs3e_api_iwgl.a(__glGenTextures.o)
[444] /Applications/Marmalade.app/Contents/s3e/lib/x86/darwin/libs3e_api_iwgl.a(__glGenerateMipmap.o)
[445] /Applications/Marmalade.app/Contents/s3e/lib/x86/darwin/libs3e_api_iwgl.a(__glGetActiveUniform.o)
[446] /Applications/Marmalade.app/Contents/s3e/lib/x86/darwin/libs3e_api_iwgl.a(__glGetAttribLocation.o)
[447] /Applications/Marmalade.app/Contents/s3e/lib/x86/darwin/libs3e_api_iwgl.a(__glGetBooleanv.o)
[448] /Applications/Marmalade.app/Contents/s3e/lib/x86/darwin/libs3e_api_iwgl.a(__glGetError.o)
[449] /Applications/Marmalade.app/Contents/s3e/lib/x86/darwin/libs3e_api_iwgl.a(__glGetFloatv.o)
[450] /Applications/Marmalade.app/Contents/s3e/lib/x86/darwin/libs3e_api_iwgl.a(__glGetFramebufferAttachmentParameteriv.o)
[451] /Applications/Marmalade.app/Contents/s3e/lib/x86/darwin/libs3e_api_iwgl.a(__glGetIntegerv.o)
[452] /Applications/Marmalade.app/Contents/s3e/lib/x86/darwin/libs3e_api_iwgl.a(__glGetProgramInfoLog.o)
[453] /Applications/Marmalade.app/Contents/s3e/lib/x86/darwin/libs3e_api_iwgl.a(__glGetProgramiv.o)
[454] /Applications/Marmalade.app/Contents/s3e/lib/x86/darwin/libs3e_api_iwgl.a(__glGetRenderbufferParameteriv.o)
[455] /Applications/Marmalade.app/Contents/s3e/lib/x86/darwin/libs3e_api_iwgl.a(__glGetShaderInfoLog.o)
[456] /Applications/Marmalade.app/Contents/s3e/lib/x86/darwin/libs3e_api_iwgl.a(__glGetShaderiv.o)
[457] /Applications/Marmalade.app/Contents/s3e/lib/x86/darwin/libs3e_api_iwgl.a(__glGetString.o)
[458] /Applications/Marmalade.app/Contents/s3e/lib/x86/darwin/libs3e_api_iwgl.a(__glGetUniformLocation.o)
[459] /Applications/Marmalade.app/Contents/s3e/lib/x86/darwin/libs3e_api_iwgl.a(__glHint.o)
[460] /Applications/Marmalade.app/Contents/s3e/lib/x86/darwin/libs3e_api_iwgl.a(__glIsFramebuffer.o)
[461] /Applications/Marmalade.app/Contents/s3e/lib/x86/darwin/libs3e_api_iwgl.a(__glIsRenderbuffer.o)
[462] /Applications/Marmalade.app/Contents/s3e/lib/x86/darwin/libs3e_api_iwgl.a(__glLightModelf.o)
[463] /Applications/Marmalade.app/Contents/s3e/lib/x86/darwin/libs3e_api_iwgl.a(__glLightModelfv.o)
[464] /Applications/Marmalade.app/Contents/s3e/lib/x86/darwin/libs3e_api_iwgl.a(__glLightModelx.o)
[465] /Applications/Marmalade.app/Contents/s3e/lib/x86/darwin/libs3e_api_iwgl.a(__glLightModelxv.o)
[466] /Applications/Marmalade.app/Contents/s3e/lib/x86/darwin/libs3e_api_iwgl.a(__glLightf.o)
[467] /Applications/Marmalade.app/Contents/s3e/lib/x86/darwin/libs3e_api_iwgl.a(__glLightfv.o)
[468] /Applications/Marmalade.app/Contents/s3e/lib/x86/darwin/libs3e_api_iwgl.a(__glLightx.o)
[469] /Applications/Marmalade.app/Contents/s3e/lib/x86/darwin/libs3e_api_iwgl.a(__glLightxv.o)
[470] /Applications/Marmalade.app/Contents/s3e/lib/x86/darwin/libs3e_api_iwgl.a(__glLineWidth.o)
[471] /Applications/Marmalade.app/Contents/s3e/lib/x86/darwin/libs3e_api_iwgl.a(__glLineWidthx.o)
[472] /Applications/Marmalade.app/Contents/s3e/lib/x86/darwin/libs3e_api_iwgl.a(__glLinkProgram.o)
[473] /Applications/Marmalade.app/Contents/s3e/lib/x86/darwin/libs3e_api_iwgl.a(__glLoadIdentity.o)
[474] /Applications/Marmalade.app/Contents/s3e/lib/x86/darwin/libs3e_api_iwgl.a(__glLoadMatrixf.o)
[475] /Applications/Marmalade.app/Contents/s3e/lib/x86/darwin/libs3e_api_iwgl.a(__glLoadMatrixx.o)
[476] /Applications/Marmalade.app/Contents/s3e/lib/x86/darwin/libs3e_api_iwgl.a(__glLogicOp.o)
[477] /Applications/Marmalade.app/Contents/s3e/lib/x86/darwin/libs3e_api_iwgl.a(__glMaterialf.o)
[478] /Applications/Marmalade.app/Contents/s3e/lib/x86/darwin/libs3e_api_iwgl.a(__glMaterialfv.o)
[479] /Applications/Marmalade.app/Contents/s3e/lib/x86/darwin/libs3e_api_iwgl.a(__glMaterialx.o)
[480] /Applications/Marmalade.app/Contents/s3e/lib/x86/darwin/libs3e_api_iwgl.a(__glMaterialxv.o)
[481] /Applications/Marmalade.app/Contents/s3e/lib/x86/darwin/libs3e_api_iwgl.a(__glMatrixMode.o)
[482] /Applications/Marmalade.app/Contents/s3e/lib/x86/darwin/libs3e_api_iwgl.a(__glMultMatrixf.o)
[483] /Applications/Marmalade.app/Contents/s3e/lib/x86/darwin/libs3e_api_iwgl.a(__glMultMatrixx.o)
[484] /Applications/Marmalade.app/Contents/s3e/lib/x86/darwin/libs3e_api_iwgl.a(__glMultiTexCoord4f.o)
[485] /Applications/Marmalade.app/Contents/s3e/lib/x86/darwin/libs3e_api_iwgl.a(__glMultiTexCoord4x.o)
[486] /Applications/Marmalade.app/Contents/s3e/lib/x86/darwin/libs3e_api_iwgl.a(__glNormal3f.o)
[487] /Applications/Marmalade.app/Contents/s3e/lib/x86/darwin/libs3e_api_iwgl.a(__glNormal3x.o)
[488] /Applications/Marmalade.app/Contents/s3e/lib/x86/darwin/libs3e_api_iwgl.a(__glNormalPointer.o)
[489] /Applications/Marmalade.app/Contents/s3e/lib/x86/darwin/libs3e_api_iwgl.a(__glOrthof.o)
[490] /Applications/Marmalade.app/Contents/s3e/lib/x86/darwin/libs3e_api_iwgl.a(__glOrthox.o)
[491] /Applications/Marmalade.app/Contents/s3e/lib/x86/darwin/libs3e_api_iwgl.a(__glPixelStorei.o)
[492] /Applications/Marmalade.app/Contents/s3e/lib/x86/darwin/libs3e_api_iwgl.a(__glPolygonOffset.o)
[493] /Applications/Marmalade.app/Contents/s3e/lib/x86/darwin/libs3e_api_iwgl.a(__glPolygonOffsetx.o)
[494] /Applications/Marmalade.app/Contents/s3e/lib/x86/darwin/libs3e_api_iwgl.a(__glReadBuffer.o)
[495] /Applications/Marmalade.app/Contents/s3e/lib/x86/darwin/libs3e_api_iwgl.a(__glReadPixels.o)
[496] /Applications/Marmalade.app/Contents/s3e/lib/x86/darwin/libs3e_api_iwgl.a(__glRenderbufferStorage.o)
[497] /Applications/Marmalade.app/Contents/s3e/lib/x86/darwin/libs3e_api_iwgl.a(__glRenderbufferStorageMultisample.o)
[498] /Applications/Marmalade.app/Contents/s3e/lib/x86/darwin/libs3e_api_iwgl.a(__glRotatef.o)
[499] /Applications/Marmalade.app/Contents/s3e/lib/x86/darwin/libs3e_api_iwgl.a(__glRotatex.o)
[500] /Applications/Marmalade.app/Contents/s3e/lib/x86/darwin/libs3e_api_iwgl.a(__glSamplerParameterf.o)
[501] /Applications/Marmalade.app/Contents/s3e/lib/x86/darwin/libs3e_api_iwgl.a(__glSamplerParameteri.o)
[502] /Applications/Marmalade.app/Contents/s3e/lib/x86/darwin/libs3e_api_iwgl.a(__glScalef.o)
[503] /Applications/Marmalade.app/Contents/s3e/lib/x86/darwin/libs3e_api_iwgl.a(__glScalex.o)
[504] /Applications/Marmalade.app/Contents/s3e/lib/x86/darwin/libs3e_api_iwgl.a(__glScissor.o)
[505] /Applications/Marmalade.app/Contents/s3e/lib/x86/darwin/libs3e_api_iwgl.a(__glShadeModel.o)
[506] /Applications/Marmalade.app/Contents/s3e/lib/x86/darwin/libs3e_api_iwgl.a(__glShaderBinary.o)
[507] /Applications/Marmalade.app/Contents/s3e/lib/x86/darwin/libs3e_api_iwgl.a(__glShaderSource.o)
[508] /Applications/Marmalade.app/Contents/s3e/lib/x86/darwin/libs3e_api_iwgl.a(__glStencilFunc.o)
[509] /Applications/Marmalade.app/Contents/s3e/lib/x86/darwin/libs3e_api_iwgl.a(__glStencilFuncSeparate.o)
[510] /Applications/Marmalade.app/Contents/s3e/lib/x86/darwin/libs3e_api_iwgl.a(__glStencilMask.o)
[511] /Applications/Marmalade.app/Contents/s3e/lib/x86/darwin/libs3e_api_iwgl.a(__glStencilMaskSeparate.o)
[512] /Applications/Marmalade.app/Contents/s3e/lib/x86/darwin/libs3e_api_iwgl.a(__glStencilOp.o)
[513] /Applications/Marmalade.app/Contents/s3e/lib/x86/darwin/libs3e_api_iwgl.a(__glStencilOpSeparate.o)
[514] /Applications/Marmalade.app/Contents/s3e/lib/x86/darwin/libs3e_api_iwgl.a(__glTexCoordPointer.o)
[515] /Applications/Marmalade.app/Contents/s3e/lib/x86/darwin/libs3e_api_iwgl.a(__glTexEnvf.o)
[516] /Applications/Marmalade.app/Contents/s3e/lib/x86/darwin/libs3e_api_iwgl.a(__glTexEnvfv.o)
[517] /Applications/Marmalade.app/Contents/s3e/lib/x86/darwin/libs3e_api_iwgl.a(__glTexEnvi.o)
[518] /Applications/Marmalade.app/Contents/s3e/lib/x86/darwin/libs3e_api_iwgl.a(__glTexEnvx.o)
[519] /Applications/Marmalade.app/Contents/s3e/lib/x86/darwin/libs3e_api_iwgl.a(__glTexEnvxv.o)
[520] /Applications/Marmalade.app/Contents/s3e/lib/x86/darwin/libs3e_api_iwgl.a(__glTexImage2D.o)
[521] /Applications/Marmalade.app/Contents/s3e/lib/x86/darwin/libs3e_api_iwgl.a(__glTexImage3D.o)
[522] /Applications/Marmalade.app/Contents/s3e/lib/x86/darwin/libs3e_api_iwgl.a(__glTexParameterf.o)
[523] /Applications/Marmalade.app/Contents/s3e/lib/x86/darwin/libs3e_api_iwgl.a(__glTexParameteri.o)
[524] /Applications/Marmalade.app/Contents/s3e/lib/x86/darwin/libs3e_api_iwgl.a(__glTexParameterx.o)
[525] /Applications/Marmalade.app/Contents/s3e/lib/x86/darwin/libs3e_api_iwgl.a(__glTexSubImage2D.o)
[526] /Applications/Marmalade.app/Contents/s3e/lib/x86/darwin/libs3e_api_iwgl.a(__glTransformFeedbackVaryings.o)
[527] /Applications/Marmalade.app/Contents/s3e/lib/x86/darwin/libs3e_api_iwgl.a(__glTranslatef.o)
[528] /Applications/Marmalade.app/Contents/s3e/lib/x86/darwin/libs3e_api_iwgl.a(__glTranslatex.o)
[529] /Applications/Marmalade.app/Contents/s3e/lib/x86/darwin/libs3e_api_iwgl.a(__glUniform1f.o)
[530] /Applications/Marmalade.app/Contents/s3e/lib/x86/darwin/libs3e_api_iwgl.a(__glUniform1fv.o)
[531] /Applications/Marmalade.app/Contents/s3e/lib/x86/darwin/libs3e_api_iwgl.a(__glUniform1i.o)
[532] /Applications/Marmalade.app/Contents/s3e/lib/x86/darwin/libs3e_api_iwgl.a(__glUniform1iv.o)
[533] /Applications/Marmalade.app/Contents/s3e/lib/x86/darwin/libs3e_api_iwgl.a(__glUniform1uiv.o)
[534] /Applications/Marmalade.app/Contents/s3e/lib/x86/darwin/libs3e_api_iwgl.a(__glUniform2fv.o)
[535] /Applications/Marmalade.app/Contents/s3e/lib/x86/darwin/libs3e_api_iwgl.a(__glUniform2iv.o)
[536] /Applications/Marmalade.app/Contents/s3e/lib/x86/darwin/libs3e_api_iwgl.a(__glUniform2uiv.o)
[537] /Applications/Marmalade.app/Contents/s3e/lib/x86/darwin/libs3e_api_iwgl.a(__glUniform3fv.o)
[538] /Applications/Marmalade.app/Contents/s3e/lib/x86/darwin/libs3e_api_iwgl.a(__glUniform3iv.o)
[539] /Applications/Marmalade.app/Contents/s3e/lib/x86/darwin/libs3e_api_iwgl.a(__glUniform3uiv.o)
[540] /Applications/Marmalade.app/Contents/s3e/lib/x86/darwin/libs3e_api_iwgl.a(__glUniform4f.o)
[541] /Applications/Marmalade.app/Contents/s3e/lib/x86/darwin/libs3e_api_iwgl.a(__glUniform4fv.o)
[542] /Applications/Marmalade.app/Contents/s3e/lib/x86/darwin/libs3e_api_iwgl.a(__glUniform4iv.o)
[543] /Applications/Marmalade.app/Contents/s3e/lib/x86/darwin/libs3e_api_iwgl.a(__glUniform4uiv.o)
[544] /Applications/Marmalade.app/Contents/s3e/lib/x86/darwin/libs3e_api_iwgl.a(__glUniformMatrix2fv.o)
[545] /Applications/Marmalade.app/Contents/s3e/lib/x86/darwin/libs3e_api_iwgl.a(__glUniformMatrix2x3fv.o)
[546] /Applications/Marmalade.app/Contents/s3e/lib/x86/darwin/libs3e_api_iwgl.a(__glUniformMatrix2x4fv.o)
[547] /Applications/Marmalade.app/Contents/s3e/lib/x86/darwin/libs3e_api_iwgl.a(__glUniformMatrix3fv.o)
[548] /Applications/Marmalade.app/Contents/s3e/lib/x86/darwin/libs3e_api_iwgl.a(__glUniformMatrix3x2fv.o)
[549] /Applications/Marmalade.app/Contents/s3e/lib/x86/darwin/libs3e_api_iwgl.a(__glUniformMatrix3x4fv.o)
[550] /Applications/Marmalade.app/Contents/s3e/lib/x86/darwin/libs3e_api_iwgl.a(__glUniformMatrix4fv.o)
[551] /Applications/Marmalade.app/Contents/s3e/lib/x86/darwin/libs3e_api_iwgl.a(__glUniformMatrix4x2fv.o)
[552] /Applications/Marmalade.app/Contents/s3e/lib/x86/darwin/libs3e_api_iwgl.a(__glUniformMatrix4x3fv.o)
[553] /Applications/Marmalade.app/Contents/s3e/lib/x86/darwin/libs3e_api_iwgl.a(__glUseProgram.o)
[554] /Applications/Marmalade.app/Contents/s3e/lib/x86/darwin/libs3e_api_iwgl.a(__glVertexAttribDivisor.o)
[555] /Applications/Marmalade.app/Contents/s3e/lib/x86/darwin/libs3e_api_iwgl.a(__glVertexAttribIPointer.o)
[556] /Applications/Marmalade.app/Contents/s3e/lib/x86/darwin/libs3e_api_iwgl.a(__glVertexAttribPointer.o)
[557] /Applications/Marmalade.app/Contents/s3e/lib/x86/darwin/libs3e_api_iwgl.a(__glVertexPointer.o)
[558] /Applications/Marmalade.app/Contents/s3e/lib/x86/darwin/libs3e_api_iwgl.a(__glViewport.o)
[559] /Applications/Marmalade.app/Contents/s3e/lib/x86/darwin/libs3e_api_iwgl.a(__s3eFreeBase.o)
[560] /Applications/Marmalade.app/Contents/s3e/lib/x86/darwin/libs3e_api_iwgl.a(__s3eMallocBase.o)
[561] /Applications/Marmalade.app/Contents/s3e/lib/x86/darwin/libs3e_api_iwgl.a(__s3eMemorySetUserMemMgr.o)
[562] /Applications/Marmalade.app/Contents/s3e/lib/x86/darwin/libs3e_api_iwgl.a(__s3eReallocBase.o)
[563] /Applications/Marmalade.app/Contents/s3e/lib/x86/darwin/libs3e_api_iwgl.a(eglBindAPI.o)
[564] /Applications/Marmalade.app/Contents/s3e/lib/x86/darwin/libs3e_api_iwgl.a(eglCreateContext.o)
[565] /Applications/Marmalade.app/Contents/s3e/lib/x86/darwin/libs3e_api_iwgl.a(eglCreateWindowSurface.o)
[566] /Applications/Marmalade.app/Contents/s3e/lib/x86/darwin/libs3e_api_iwgl.a(eglDestroyContext.o)
[567] /Applications/Marmalade.app/Contents/s3e/lib/x86/darwin/libs3e_api_iwgl.a(eglDestroySurface.o)
[568] /Applications/Marmalade.app/Contents/s3e/lib/x86/darwin/libs3e_api_iwgl.a(eglGetConfigAttrib.o)
[569] /Applications/Marmalade.app/Contents/s3e/lib/x86/darwin/libs3e_api_iwgl.a(eglGetConfigs.o)
[570] /Applications/Marmalade.app/Contents/s3e/lib/x86/darwin/libs3e_api_iwgl.a(eglGetCurrentContext.o)
[571] /Applications/Marmalade.app/Contents/s3e/lib/x86/darwin/libs3e_api_iwgl.a(eglGetCurrentDisplay.o)
[572] /Applications/Marmalade.app/Contents/s3e/lib/x86/darwin/libs3e_api_iwgl.a(eglGetCurrentSurface.o)
[573] /Applications/Marmalade.app/Contents/s3e/lib/x86/darwin/libs3e_api_iwgl.a(eglGetDisplay.o)
[574] /Applications/Marmalade.app/Contents/s3e/lib/x86/darwin/libs3e_api_iwgl.a(eglGetError.o)
[575] /Applications/Marmalade.app/Contents/s3e/lib/x86/darwin/libs3e_api_iwgl.a(eglInitialize.o)
[576] /Applications/Marmalade.app/Contents/s3e/lib/x86/darwin/libs3e_api_iwgl.a(eglMakeCurrent.o)
[577] /Applications/Marmalade.app/Contents/s3e/lib/x86/darwin/libs3e_api_iwgl.a(eglQueryContext.o)
[578] /Applications/Marmalade.app/Contents/s3e/lib/x86/darwin/libs3e_api_iwgl.a(eglQueryString.o)
[579] /Applications/Marmalade.app/Contents/s3e/lib/x86/darwin/libs3e_api_iwgl.a(eglSwapBuffers.o)
[580] /Applications/Marmalade.app/Contents/s3e/lib/x86/darwin/libs3e_api_iwgl.a(eglTerminate.o)
[581] /Applications/Marmalade.app/Contents/s3e/lib/x86/darwin/libs3e_api_iwgl.a(s3eCompressionDecomp.o)
[582] /Applications/Marmalade.app/Contents/s3e/lib/x86/darwin/libs3e_api_iwgl.a(s3eConfigGetInt.o)
[583] /Applications/Marmalade.app/Contents/s3e/lib/x86/darwin/libs3e_api_iwgl.a(s3eConfigGetString.o)
[584] /Applications/Marmalade.app/Contents/s3e/lib/x86/darwin/libs3e_api_iwgl.a(s3eDebugAssertShow.o)
[585] /Applications/Marmalade.app/Contents/s3e/lib/x86/darwin/libs3e_api_iwgl.a(s3eDebugErrorShow.o)
[586] /Applications/Marmalade.app/Contents/s3e/lib/x86/darwin/libs3e_api_iwgl.a(s3eDebugGetInt.o)
[587] /Applications/Marmalade.app/Contents/s3e/lib/x86/darwin/libs3e_api_iwgl.a(s3eDebugIsDebuggerPresent.o)
[588] /Applications/Marmalade.app/Contents/s3e/lib/x86/darwin/libs3e_api_iwgl.a(s3eDebugOutputString.o)
[589] /Applications/Marmalade.app/Contents/s3e/lib/x86/darwin/libs3e_api_iwgl.a(s3eDebugPrint.o)
[590] /Applications/Marmalade.app/Contents/s3e/lib/x86/darwin/libs3e_api_iwgl.a(s3eDebugRegister.o)
[591] /Applications/Marmalade.app/Contents/s3e/lib/x86/darwin/libs3e_api_iwgl.a(s3eDebugTraceLine.o)
[592] /Applications/Marmalade.app/Contents/s3e/lib/x86/darwin/libs3e_api_iwgl.a(s3eDeviceCheckQuitRequest.o)
[593] /Applications/Marmalade.app/Contents/s3e/lib/x86/darwin/libs3e_api_iwgl.a(s3eDeviceExit.o)
[594] /Applications/Marmalade.app/Contents/s3e/lib/x86/darwin/libs3e_api_iwgl.a(s3eDeviceGetInt.o)
[595] /Applications/Marmalade.app/Contents/s3e/lib/x86/darwin/libs3e_api_iwgl.a(s3eDeviceGetString.o)
[596] /Applications/Marmalade.app/Contents/s3e/lib/x86/darwin/libs3e_api_iwgl.a(s3eDeviceRegister.o)
[597] /Applications/Marmalade.app/Contents/s3e/lib/x86/darwin/libs3e_api_iwgl.a(s3eDeviceSetInt.o)
[598] /Applications/Marmalade.app/Contents/s3e/lib/x86/darwin/libs3e_api_iwgl.a(s3eDeviceUnRegister.o)
[599] /Applications/Marmalade.app/Contents/s3e/lib/x86/darwin/libs3e_api_iwgl.a(s3eDeviceYield.o)
[600] /Applications/Marmalade.app/Contents/s3e/lib/x86/darwin/libs3e_api_iwgl.a(s3eDeviceYieldUntilEvent.o)
[601] /Applications/Marmalade.app/Contents/s3e/lib/x86/darwin/libs3e_api_iwgl.a(s3eExtGetHash.o)
[602] /Applications/Marmalade.app/Contents/s3e/lib/x86/darwin/libs3e_api_iwgl.a(s3eFileCheckExists.o)
[603] /Applications/Marmalade.app/Contents/s3e/lib/x86/darwin/libs3e_api_iwgl.a(s3eFileClose.o)
[604] /Applications/Marmalade.app/Contents/s3e/lib/x86/darwin/libs3e_api_iwgl.a(s3eFileDelete.o)
[605] /Applications/Marmalade.app/Contents/s3e/lib/x86/darwin/libs3e_api_iwgl.a(s3eFileEOF.o)
[606] /Applications/Marmalade.app/Contents/s3e/lib/x86/darwin/libs3e_api_iwgl.a(s3eFileGetChar.o)
[607] /Applications/Marmalade.app/Contents/s3e/lib/x86/darwin/libs3e_api_iwgl.a(s3eFileGetError.o)
[608] /Applications/Marmalade.app/Contents/s3e/lib/x86/darwin/libs3e_api_iwgl.a(s3eFileGetErrorString.o)
[609] /Applications/Marmalade.app/Contents/s3e/lib/x86/darwin/libs3e_api_iwgl.a(s3eFileGetFileInt.o)
[610] /Applications/Marmalade.app/Contents/s3e/lib/x86/darwin/libs3e_api_iwgl.a(s3eFileGetFileString.o)
[611] /Applications/Marmalade.app/Contents/s3e/lib/x86/darwin/libs3e_api_iwgl.a(s3eFileGetSize.o)
[612] /Applications/Marmalade.app/Contents/s3e/lib/x86/darwin/libs3e_api_iwgl.a(s3eFileListClose.o)
[613] /Applications/Marmalade.app/Contents/s3e/lib/x86/darwin/libs3e_api_iwgl.a(s3eFileListDirectory.o)
[614] /Applications/Marmalade.app/Contents/s3e/lib/x86/darwin/libs3e_api_iwgl.a(s3eFileListNext.o)
[615] /Applications/Marmalade.app/Contents/s3e/lib/x86/darwin/libs3e_api_iwgl.a(s3eFileMakeDirectory.o)
[616] /Applications/Marmalade.app/Contents/s3e/lib/x86/darwin/libs3e_api_iwgl.a(s3eFileOpen.o)
[617] /Applications/Marmalade.app/Contents/s3e/lib/x86/darwin/libs3e_api_iwgl.a(s3eFileRead.o)
[618] /Applications/Marmalade.app/Contents/s3e/lib/x86/darwin/libs3e_api_iwgl.a(s3eFileSeek.o)
[619] /Applications/Marmalade.app/Contents/s3e/lib/x86/darwin/libs3e_api_iwgl.a(s3eFileTell.o)
[620] /Applications/Marmalade.app/Contents/s3e/lib/x86/darwin/libs3e_api_iwgl.a(s3eFileWrite.o)
[621] /Applications/Marmalade.app/Contents/s3e/lib/x86/darwin/libs3e_api_iwgl.a(s3eFreeBase.o)
[622] /Applications/Marmalade.app/Contents/s3e/lib/x86/darwin/libs3e_api_iwgl.a(s3eGLGetInt.o)
[623] /Applications/Marmalade.app/Contents/s3e/lib/x86/darwin/libs3e_api_iwgl.a(s3eGLGetNativeWindow.o)
[624] /Applications/Marmalade.app/Contents/s3e/lib/x86/darwin/libs3e_api_iwgl.a(s3eGLRegister.o)
[625] /Applications/Marmalade.app/Contents/s3e/lib/x86/darwin/libs3e_api_iwgl.a(s3eGLUnRegister.o)
[626] /Applications/Marmalade.app/Contents/s3e/lib/x86/darwin/libs3e_api_iwgl.a(s3eKeyboardRegister.o)
[627] /Applications/Marmalade.app/Contents/s3e/lib/x86/darwin/libs3e_api_iwgl.a(s3eKeyboardSetInt.o)
[628] /Applications/Marmalade.app/Contents/s3e/lib/x86/darwin/libs3e_api_iwgl.a(s3eMallocBase.o)
[629] /Applications/Marmalade.app/Contents/s3e/lib/x86/darwin/libs3e_api_iwgl.a(s3eMemoryGetInt.o)
[630] /Applications/Marmalade.app/Contents/s3e/lib/x86/darwin/libs3e_api_iwgl.a(s3eMemoryHeapCreate.o)
[631] /Applications/Marmalade.app/Contents/s3e/lib/x86/darwin/libs3e_api_iwgl.a(s3eMemorySetInt.o)
[632] /Applications/Marmalade.app/Contents/s3e/lib/x86/darwin/libs3e_api_iwgl.a(s3ePointerGetX.o)
[633] /Applications/Marmalade.app/Contents/s3e/lib/x86/darwin/libs3e_api_iwgl.a(s3ePointerGetY.o)
[634] /Applications/Marmalade.app/Contents/s3e/lib/x86/darwin/libs3e_api_iwgl.a(s3ePointerSetInt.o)
[635] /Applications/Marmalade.app/Contents/s3e/lib/x86/darwin/libs3e_api_iwgl.a(s3eReallocBase.o)
[636] /Applications/Marmalade.app/Contents/s3e/lib/x86/darwin/libs3e_api_iwgl.a(s3eSocketClose.o)
[637] /Applications/Marmalade.app/Contents/s3e/lib/x86/darwin/libs3e_api_iwgl.a(s3eSurfaceGetInt.o)
[638] /Applications/Marmalade.app/Contents/s3e/lib/x86/darwin/libs3e_api_iwgl.a(s3eSurfacePtr.o)
[639] /Applications/Marmalade.app/Contents/s3e/lib/x86/darwin/libs3e_api_iwgl.a(s3eSurfaceRegister.o)
[640] /Applications/Marmalade.app/Contents/s3e/lib/x86/darwin/libs3e_api_iwgl.a(s3eSurfaceSetup.o)
[641] /Applications/Marmalade.app/Contents/s3e/lib/x86/darwin/libs3e_api_iwgl.a(s3eSurfaceShow.o)
[642] /Applications/Marmalade.app/Contents/s3e/lib/x86/darwin/libs3e_api_iwgl.a(s3eSurfaceUnRegister.o)
[643] /Applications/Marmalade.app/Contents/s3e/lib/x86/darwin/libs3e_api_iwgl.a(s3eTimerGetLocaltimeOffset.o)
[644] /Applications/Marmalade.app/Contents/s3e/lib/x86/darwin/libs3e_api_iwgl.a(s3eTimerGetMs.o)
[645] /Applications/Marmalade.app/Contents/s3e/lib/x86/darwin/libs3e_api_iwgl.a(s3eTimerGetUTC.o)
[646] /Applications/Marmalade.app/Contents/s3e/lib/x86/darwin/libs3e_api_iwgl.a(s3eTimerSetTimer.o)
[647] /Applications/Xcode.app/Contents/Developer/Platforms/MacOSX.platform/Developer/SDKs/MacOSX10.9.sdk/usr/lib/libc++.dylib
[648] /Applications/Marmalade.app/Contents/s3e/lib/x86/darwin/libm.a(lib_a-e_atan2.o)
[649] /Applications/Marmalade.app/Contents/s3e/lib/x86/darwin/libm.a(lib_a-e_pow.o)
[650] /Applications/Marmalade.app/Contents/s3e/lib/x86/darwin/libm.a(lib_a-e_rem_pio2.o)
[651] /Applications/Marmalade.app/Contents/s3e/lib/x86/darwin/libm.a(lib_a-e_sqrt.o)
[652] /Applications/Marmalade.app/Contents/s3e/lib/x86/darwin/libm.a(lib_a-k_cos.o)
[653] /Applications/Marmalade.app/Contents/s3e/lib/x86/darwin/libm.a(lib_a-k_rem_pio2.o)
[654] /Applications/Marmalade.app/Contents/s3e/lib/x86/darwin/libm.a(lib_a-k_sin.o)
[655] /Applications/Marmalade.app/Contents/s3e/lib/x86/darwin/libm.a(lib_a-s_atan.o)
[656] /Applications/Marmalade.app/Contents/s3e/lib/x86/darwin/libm.a(lib_a-s_ceil.o)
[657] /Applications/Marmalade.app/Contents/s3e/lib/x86/darwin/libm.a(lib_a-s_copysign.o)
[658] /Applications/Marmalade.app/Contents/s3e/lib/x86/darwin/libm.a(lib_a-s_cos.o)
[659] /Applications/Marmalade.app/Contents/s3e/lib/x86/darwin/libm.a(lib_a-s_fabs.o)
[660] /Applications/Marmalade.app/Contents/s3e/lib/x86/darwin/libm.a(lib_a-s_finite.o)
[661] /Applications/Marmalade.app/Contents/s3e/lib/x86/darwin/libm.a(lib_a-s_floor.o)
[662] /Applications/Marmalade.app/Contents/s3e/lib/x86/darwin/libm.a(lib_a-s_fpclassify.o)
[663] /Applications/Marmalade.app/Contents/s3e/lib/x86/darwin/libm.a(lib_a-s_frexp.o)
[664] /Applications/Marmalade.app/Contents/s3e/lib/x86/darwin/libm.a(lib_a-s_lib_ver.o)
[665] /Applications/Marmalade.app/Contents/s3e/lib/x86/darwin/libm.a(lib_a-s_matherr.o)
[666] /Applications/Marmalade.app/Contents/s3e/lib/x86/darwin/libm.a(lib_a-s_nan.o)
[667] /Applications/Marmalade.app/Contents/s3e/lib/x86/darwin/libm.a(lib_a-s_rint.o)
[668] /Applications/Marmalade.app/Contents/s3e/lib/x86/darwin/libm.a(lib_a-s_scalbn.o)
[669] /Applications/Marmalade.app/Contents/s3e/lib/x86/darwin/libm.a(lib_a-s_sin.o)
[670] /Applications/Marmalade.app/Contents/s3e/lib/x86/darwin/libm.a(lib_a-sf_nan.o)
[671] /Applications/Marmalade.app/Contents/s3e/lib/x86/darwin/libm.a(lib_a-w_atan2.o)
[672] /Applications/Marmalade.app/Contents/s3e/lib/x86/darwin/libm.a(lib_a-w_pow.o)
[673] /Applications/Marmalade.app/Contents/s3e/lib/x86/darwin/libm.a(lib_a-w_sqrt.o)
[674] /Applications/Marmalade.app/Contents/s3e/lib/x86/darwin/libm.a(lib_a-wf_fmod.o)
[675] /Applications/Marmalade.app/Contents/s3e/lib/x86/darwin/libc.a(lib_a-abs.o)
[676] /Applications/Marmalade.app/Contents/s3e/lib/x86/darwin/libc.a(lib_a-atof.o)
[677] /Applications/Marmalade.app/Contents/s3e/lib/x86/darwin/libc.a(lib_a-bzero.o)
[678] /Applications/Marmalade.app/Contents/s3e/lib/x86/darwin/libc.a(lib_a-closer.o)
[679] /Applications/Marmalade.app/Contents/s3e/lib/x86/darwin/libc.a(lib_a-ctype_.o)
[680] /Applications/Marmalade.app/Contents/s3e/lib/x86/darwin/libc.a(lib_a-div.o)
[681] /Applications/Marmalade.app/Contents/s3e/lib/x86/darwin/libc.a(lib_a-envlock.o)
[682] /Applications/Marmalade.app/Contents/s3e/lib/x86/darwin/libc.a(lib_a-errno.o)
[683] /Applications/Marmalade.app/Contents/s3e/lib/x86/darwin/libc.a(lib_a-fclose.o)
[684] /Applications/Marmalade.app/Contents/s3e/lib/x86/darwin/libc.a(lib_a-fflush.o)
[685] /Applications/Marmalade.app/Contents/s3e/lib/x86/darwin/libc.a(lib_a-findfp.o)
[686] /Applications/Marmalade.app/Contents/s3e/lib/x86/darwin/libc.a(lib_a-flags.o)
[687] /Applications/Marmalade.app/Contents/s3e/lib/x86/darwin/libc.a(lib_a-fopen.o)
[688] /Applications/Marmalade.app/Contents/s3e/lib/x86/darwin/libc.a(lib_a-fprintf.o)
[689] /Applications/Marmalade.app/Contents/s3e/lib/x86/darwin/libc.a(lib_a-fputc.o)
[690] /Applications/Marmalade.app/Contents/s3e/lib/x86/darwin/libc.a(lib_a-fputs.o)
[691] /Applications/Marmalade.app/Contents/s3e/lib/x86/darwin/libc.a(lib_a-fputwc.o)
[692] /Applications/Marmalade.app/Contents/s3e/lib/x86/darwin/libc.a(lib_a-fseek.o)
[693] /Applications/Marmalade.app/Contents/s3e/lib/x86/darwin/libc.a(lib_a-fstatr.o)
[694] /Applications/Marmalade.app/Contents/s3e/lib/x86/darwin/libc.a(lib_a-fvwrite.o)
[695] /Applications/Marmalade.app/Contents/s3e/lib/x86/darwin/libc.a(lib_a-fwalk.o)
[696] /Applications/Marmalade.app/Contents/s3e/lib/x86/darwin/libc.a(lib_a-fwrite.o)
[697] /Applications/Marmalade.app/Contents/s3e/lib/x86/darwin/libc.a(lib_a-gdtoa-gethex.o)
[698] /Applications/Marmalade.app/Contents/s3e/lib/x86/darwin/libc.a(lib_a-gdtoa-hexnan.o)
[699] /Applications/Marmalade.app/Contents/s3e/lib/x86/darwin/libc.a(lib_a-getenv_r.o)
[700] /Applications/Marmalade.app/Contents/s3e/lib/x86/darwin/libc.a(lib_a-gettimeofdayr.o)
[701] /Applications/Marmalade.app/Contents/s3e/lib/x86/darwin/libc.a(lib_a-gettzinfo.o)
[702] /Applications/Marmalade.app/Contents/s3e/lib/x86/darwin/libc.a(lib_a-gmtime.o)
[703] /Applications/Marmalade.app/Contents/s3e/lib/x86/darwin/libc.a(lib_a-gmtime_r.o)
[704] /Applications/Marmalade.app/Contents/s3e/lib/x86/darwin/libc.a(lib_a-impure.o)
[705] /Applications/Marmalade.app/Contents/s3e/lib/x86/darwin/libc.a(lib_a-isattyr.o)
[706] /Applications/Marmalade.app/Contents/s3e/lib/x86/darwin/libc.a(lib_a-isspace.o)
[707] /Applications/Marmalade.app/Contents/s3e/lib/x86/darwin/libc.a(lib_a-iswspace.o)
[708] /Applications/Marmalade.app/Contents/s3e/lib/x86/darwin/libc.a(lib_a-jp2uc.o)
[709] /Applications/Marmalade.app/Contents/s3e/lib/x86/darwin/libc.a(lib_a-labs.o)
[710] /Applications/Marmalade.app/Contents/s3e/lib/x86/darwin/libc.a(lib_a-ldtoa.o)
[711] /Applications/Marmalade.app/Contents/s3e/lib/x86/darwin/libc.a(lib_a-locale.o)
[712] /Applications/Marmalade.app/Contents/s3e/lib/x86/darwin/libc.a(lib_a-lseekr.o)
[713] /Applications/Marmalade.app/Contents/s3e/lib/x86/darwin/libc.a(lib_a-makebuf.o)
[714] /Applications/Marmalade.app/Contents/s3e/lib/x86/darwin/libc.a(lib_a-mbrtowc.o)
[715] /Applications/Marmalade.app/Contents/s3e/lib/x86/darwin/libc.a(lib_a-mbtowc_r.o)
[716] /Applications/Marmalade.app/Contents/s3e/lib/x86/darwin/libc.a(lib_a-memchr.o)
[717] /Applications/Marmalade.app/Contents/s3e/lib/x86/darwin/libc.a(lib_a-memcmp.o)
[718] /Applications/Marmalade.app/Contents/s3e/lib/x86/darwin/libc.a(lib_a-memcpy.o)
[719] /Applications/Marmalade.app/Contents/s3e/lib/x86/darwin/libc.a(lib_a-memmove.o)
[720] /Applications/Marmalade.app/Contents/s3e/lib/x86/darwin/libc.a(lib_a-memset.o)
[721] /Applications/Marmalade.app/Contents/s3e/lib/x86/darwin/libc.a(lib_a-mktime.o)
[722] /Applications/Marmalade.app/Contents/s3e/lib/x86/darwin/libc.a(lib_a-mktm_r.o)
[723] /Applications/Marmalade.app/Contents/s3e/lib/x86/darwin/libc.a(lib_a-mprec.o)
[724] /Applications/Marmalade.app/Contents/s3e/lib/x86/darwin/libc.a(lib_a-openr.o)
[725] /Applications/Marmalade.app/Contents/s3e/lib/x86/darwin/libc.a(lib_a-printf.o)
[726] /Applications/Marmalade.app/Contents/s3e/lib/x86/darwin/libc.a(lib_a-putc.o)
[727] /Applications/Marmalade.app/Contents/s3e/lib/x86/darwin/libc.a(lib_a-puts.o)
[728] /Applications/Marmalade.app/Contents/s3e/lib/x86/darwin/libc.a(lib_a-rand.o)
[729] /Applications/Marmalade.app/Contents/s3e/lib/x86/darwin/libc.a(lib_a-readr.o)
[730] /Applications/Marmalade.app/Contents/s3e/lib/x86/darwin/libc.a(lib_a-refill.o)
[731] /Applications/Marmalade.app/Contents/s3e/lib/x86/darwin/libc.a(lib_a-sccl.o)
[732] /Applications/Marmalade.app/Contents/s3e/lib/x86/darwin/libc.a(lib_a-snprintf.o)
[733] /Applications/Marmalade.app/Contents/s3e/lib/x86/darwin/libc.a(lib_a-sprintf.o)
[734] /Applications/Marmalade.app/Contents/s3e/lib/x86/darwin/libc.a(lib_a-sscanf.o)
[735] /Applications/Marmalade.app/Contents/s3e/lib/x86/darwin/libc.a(lib_a-stdio.o)
[736] /Applications/Marmalade.app/Contents/s3e/lib/x86/darwin/libc.a(lib_a-strcasecmp.o)
[737] /Applications/Marmalade.app/Contents/s3e/lib/x86/darwin/libc.a(lib_a-strcat.o)
[738] /Applications/Marmalade.app/Contents/s3e/lib/x86/darwin/libc.a(lib_a-strchr.o)
[739] /Applications/Marmalade.app/Contents/s3e/lib/x86/darwin/libc.a(lib_a-strcmp.o)
[740] /Applications/Marmalade.app/Contents/s3e/lib/x86/darwin/libc.a(lib_a-strcpy.o)
[741] /Applications/Marmalade.app/Contents/s3e/lib/x86/darwin/libc.a(lib_a-strerror.o)
[742] /Applications/Marmalade.app/Contents/s3e/lib/x86/darwin/libc.a(lib_a-strftime.o)
[743] /Applications/Marmalade.app/Contents/s3e/lib/x86/darwin/libc.a(lib_a-strlen.o)
[744] /Applications/Marmalade.app/Contents/s3e/lib/x86/darwin/libc.a(lib_a-strncat.o)
[745] /Applications/Marmalade.app/Contents/s3e/lib/x86/darwin/libc.a(lib_a-strncmp.o)
[746] /Applications/Marmalade.app/Contents/s3e/lib/x86/darwin/libc.a(lib_a-strncpy.o)
[747] /Applications/Marmalade.app/Contents/s3e/lib/x86/darwin/libc.a(lib_a-strstr.o)
[748] /Applications/Marmalade.app/Contents/s3e/lib/x86/darwin/libc.a(lib_a-strtod.o)
[749] /Applications/Marmalade.app/Contents/s3e/lib/x86/darwin/libc.a(lib_a-strtol.o)
[750] /Applications/Marmalade.app/Contents/s3e/lib/x86/darwin/libc.a(lib_a-strtoll_r.o)
[751] /Applications/Marmalade.app/Contents/s3e/lib/x86/darwin/libc.a(lib_a-strtoul.o)
[752] /Applications/Marmalade.app/Contents/s3e/lib/x86/darwin/libc.a(lib_a-strtoull_r.o)
[753] /Applications/Marmalade.app/Contents/s3e/lib/x86/darwin/libc.a(lib_a-svfiprintf.o)
[754] /Applications/Marmalade.app/Contents/s3e/lib/x86/darwin/libc.a(lib_a-svfiscanf.o)
[755] /Applications/Marmalade.app/Contents/s3e/lib/x86/darwin/libc.a(lib_a-svfprintf.o)
[756] /Applications/Marmalade.app/Contents/s3e/lib/x86/darwin/libc.a(lib_a-svfscanf.o)
[757] /Applications/Marmalade.app/Contents/s3e/lib/x86/darwin/libc.a(lib_a-time.o)
[758] /Applications/Marmalade.app/Contents/s3e/lib/x86/darwin/libc.a(lib_a-timelocal.o)
[759] /Applications/Marmalade.app/Contents/s3e/lib/x86/darwin/libc.a(lib_a-tolower.o)
[760] /Applications/Marmalade.app/Contents/s3e/lib/x86/darwin/libc.a(lib_a-tzlock.o)
[761] /Applications/Marmalade.app/Contents/s3e/lib/x86/darwin/libc.a(lib_a-tzset.o)
[762] /Applications/Marmalade.app/Contents/s3e/lib/x86/darwin/libc.a(lib_a-tzset_r.o)
[763] /Applications/Marmalade.app/Contents/s3e/lib/x86/darwin/libc.a(lib_a-tzvars.o)
[764] /Applications/Marmalade.app/Contents/s3e/lib/x86/darwin/libc.a(lib_a-u_strerr.o)
[765] /Applications/Marmalade.app/Contents/s3e/lib/x86/darwin/libc.a(lib_a-ungetc.o)
[766] /Applications/Marmalade.app/Contents/s3e/lib/x86/darwin/libc.a(lib_a-vfiprintf.o)
[767] /Applications/Marmalade.app/Contents/s3e/lib/x86/darwin/libc.a(lib_a-vfprintf.o)
[768] /Applications/Marmalade.app/Contents/s3e/lib/x86/darwin/libc.a(lib_a-vsnprintf.o)
[769] /Applications/Marmalade.app/Contents/s3e/lib/x86/darwin/libc.a(lib_a-vsprintf.o)
[770] /Applications/Marmalade.app/Contents/s3e/lib/x86/darwin/libc.a(lib_a-wbuf.o)
[771] /Applications/Marmalade.app/Contents/s3e/lib/x86/darwin/libc.a(lib_a-wcrtomb.o)
[772] /Applications/Marmalade.app/Contents/s3e/lib/x86/darwin/libc.a(lib_a-wcsnrtombs.o)
[773] /Applications/Marmalade.app/Contents/s3e/lib/x86/darwin/libc.a(lib_a-wcsrtombs.o)
[774] /Applications/Marmalade.app/Contents/s3e/lib/x86/darwin/libc.a(lib_a-wctomb_r.o)
[775] /Applications/Marmalade.app/Contents/s3e/lib/x86/darwin/libc.a(lib_a-writer.o)
[776] /Applications/Marmalade.app/Contents/s3e/lib/x86/darwin/libc.a(lib_a-wsetup.o)
[777] /Applications/Xcode.app/Contents/Developer/Platforms/MacOSX.platform/Developer/SDKs/MacOSX10.9.sdk/usr/lib/libSystem.dylib
# Sections:
# Address	Size    	Segment	Section
0x000012D0	0x000E89BB	__TEXT	__text
0x000E9C8C	0x0000003C	__TEXT	__symbol_stub
0x000E9CC8	0x00000070	__TEXT	__stub_helper
0x000E9D38	0x0001F1D9	__TEXT	__cstring
0x00108F20	0x00008082	__TEXT	__const
0x00110FA2	0x00000016	__TEXT	__ustring
0x00110FB8	0x0000102C	__TEXT	__unwind_info
0x00112000	0x00000454	__DATA	__nl_symbol_ptr
0x00112454	0x00000028	__DATA	__la_symbol_ptr
0x0011247C	0x00000050	__DATA	__mod_init_func
0x001124E0	0x000012DC	__DATA	__const
0x001137C0	0x00CFD520	__DATA	__data
0x00E10CE0	0x0000BC1A	__DATA	__bss
0x00E1C900	0x00013040	__DATA	__common
# Symbols:
# Address	Size    	File  Name
0x000012D0	0x000000A0	[  1] _PVRTexToolConvert
0x00001370	0x000000D0	[  1] __ZL8_extLoadv
0x00001440	0x0000008D	[  1] _PVRTexToolFree
0x000014D0	0x000001D0	[  2] _main
0x000016A0	0x00000170	[  2] __ZL9IwGxClearj
0x00001810	0x0000000B	[  2] __ZL11IwDebugExitv
0x0000181C	0x00000016	[  3] __ZN26CIwGxDXTCompressionHandlerC1Ev
0x00001832	0x0000056D	[  3] __ZN26CIwGxDXTCompressionHandler15CompressTextureER8CIwImageNS0_6FormatEb
0x00001D9F	0x0000000B	[  3] __ZL11IwDebugExitv
0x00001DAA	0x000000AE	[  3] __ZN26CIwGxDXTCompressionHandler11IsSupportedEN8CIwImage6FormatE
0x00001E58	0x00000076	[  3] __ZN26CIwGxDXTCompressionHandler19IsImageCompressibleERK8CIwImagejNS0_6FormatE
0x00001ECE	0x00000006	[  3] __ZN26CIwGxDXTCompressionHandlerD1Ev
0x00001ED4	0x0000000A	[  3] __ZN26CIwGxDXTCompressionHandlerD0Ev
0x00001EDE	0x0000000A	[  3] __ZN26CIwGxDXTCompressionHandler18GetPreferredFormatEN8CIwImage6FormatE
0x00001EE8	0x00000008	[  3] __ZN23CIwGxCompressionHandler16NeedsSquareInputEv
0x00001EF0	0x00000011	[  3] __ZN26CIwGxDXTCompressionHandler7GetNameEv
0x00001F01	0x000000B7	[  4] __ZN6squish17CompressAlphaDxt3EPKhiPv
0x00001FB8	0x0000027A	[  4] __ZN6squish17CompressAlphaDxt5EPKhiPv
0x00002232	0x0000007B	[  4] __ZN6squishL8FitCodesEPKhiS1_Ph
0x000022AD	0x0000005F	[  4] __ZN6squishL15WriteAlphaBlockEiiPKhPv
0x0000230C	0x000000EC	[  5] __ZN6squish10ClusterFitC2EPKNS_9ColourSetEi
0x000023F8	0x0000000A	[  5] __ZN6squish10ClusterFitC1EPKNS_9ColourSetEi
0x00002402	0x000001D2	[  5] __ZN6squish10ClusterFit17ConstructOrderingERKNS_4Vec3Ei
[...]
0x00E1C8EF	0x0000000B	[762] ___tzname_dst
0x00E1C900	0x00000001	[ 14] _g_TerminateOnSuspend
0x00E1C901	0x00000003	[ 14] _g_ShadowActive
0x00E1C904	0x00000010	[ 14] _s_pUploadedObjects
0x00E1C914	0x00000004	[ 14] _s_pRestoreBucket
0x00E1C918	0x00000004	[ 14] _s_pRestoreBuffer
0x00E1C91C	0x00000004	[ 14] _s_IwGxContextShadowRestoring
0x00E1C920	0x0000000C	[ 14] _s_DefaultMemMgr
0x00E1C92C	0x00000010	[ 23] _s_TextureRecords
0x00E1C93C	0x00000010	[ 23] _s_CompressedTextureRecords
0x00E1C94C	0x00000010	[ 23] _s_BufferRecords
0x00E1C95C	0x000000F0	[ 23] _s_IwGxMetricsGL
0x00E1CA4C	0x00000004	[ 25] __glTexParameter
0x00E1CA50	0x00000004	[ 25] _s_IgnoreInvalidValue
0x00E1CA54	0x00000004	[ 25] _g_DefaultFBO
0x00E1CA58	0x00000004	[ 25] _g_SwapBuffers
0x00E1CA5C	0x00000001	[ 25] _s_ResetViewport
0x00E1CA5D	0x00000003	[ 25] _s_SuppressDepthClear
0x00E1CA60	0x00000010	[ 25] _g_BoundTextures
0x00E1CA70	0x000000A8	[ 25] _s_TexMat
0x00E1CB18	0x00000001	[ 25] _g_NeedsTexFlush
0x00E1CB1C	0x00000004	[ 26] _g_IwGxShaderCache
0x00E1CB20	0x00000004	[ 26] _g_IwGxProgramCache
0x00E1CB24	0x00000030	[ 26] _g_GL2ProjMat
0x00E1CB54	0x00000004	[ 26] _g_IwGxRasterisationGL2_ResetShadersFn
0x00E1CB58	0x00000001	[ 27] _g_IwGxRainbowMipmaps
0x00E1CB59	0x00000001	[ 27] _g_IwGxConvertToSquareImage
0x00E1CB5A	0x00000001	[ 27] _g_IwGxNoTextureUpload
0x00E1CB60	0x00000018	[ 29] __ZN30CIwGxCompressionHandlerManager21m_CompressionHandlersE
0x00E1CB78	0x00000008	[ 29] __ZN30CIwGxCompressionHandlerManager31m_MaxCompressedTextureCacheSizeE
0x00E1CB80	0x00000008	[ 29] __ZN30CIwGxCompressionHandlerManager18m_TextureCacheSizeE
0x00E1CB88	0x00000004	[ 33] _g_IwAtlasContext
0x00E1CB8C	0x00000004	[ 38] _g_IwGxDrawUnindexedStream
0x00E1CB90	0x00000004	[ 38] _IW_GX_DRAW_UNINDEXED_STREAM_MAX
0x00E1CB94	0x00000001	[ 39] _g_SkipNextInvalidEnum
0x00E1CB98	0x0000003C	[ 41] _g_IwGxFuncTable
0x00E1CBD4	0x000000F0	[ 41] _g_IwGxFuncTableOptions
0x00E1CCC4	0x00000004	[ 41] _g_pIWGXFNI_HW_DrawPrims_THW
0x00E1CCC8	0x00000004	[ 42] _g_UseSoftSkin
0x00E1CCCC	0x00000004	[ 42] _g_IwGxMipMapOffset
0x00E1CCD0	0x00000004	[ 43] _g_ShaderUniformShadowMem
0x00E1CCD4	0x00000004	[ 43] _g_ShaderUniformShadowPtr
0x00E1CCD8	0x00000004	[ 43] _g_ShaderUniformShadowMemRemaining
0x00E1CCDC	0x00000014	[ 43] _g_DeviceOrientation
0x00E1CCF0	0x00000004	[ 43] _g_SurfaceNeedsRecreation
0x00E1CCF4	0x00000004	[ 43] _g_IwGxInitialised
0x00E1CCF8	0x00000004	[ 43] _g_IwGxHWInitialised
0x00E1CCFC	0x00000004	[ 43] _g_IwGxMemSelector
0x00E1CD00	0x00000001	[ 43] _s_Win32
0x00E1CD04	0x00000898	[ 46] _s_IwGxMetrics
0x00E1D59C	0x00000004	[ 49] _s_FontMaterial
0x00E1D5A0	0x00000004	[ 49] _s_Invert
0x00E1D5A4	0x00000898	[ 49] _s_StoredMetrics
0x00E1DE3C	0x00000008	[ 51] _g_IwGxResManagerCallbacks
0x00E1DE44	0x00000004	[ 53] _g_IwGxState
0x00E1DE48	0x00000001	[ 54] _g_IwGxUploadStreamsAsFloat
0x00E1DE4C	0x00000004	[ 61] __ZN11CIwMaterial15g_UserFlagNamesE
0x00E1DE50	0x00000004	[ 61] __ZN11CIwMaterial14g_UserCallbackE
0x00E1DE58	0x00000004	[ 62] __ZN10CIwTexture25g_GetSharedTexelsCallbackE
0x00E1DE5C	0x00000004	[ 62] __ZN10CIwTexture14g_SharedTexelsE
0x00E1DE60	0x00000004	[ 62] __ZN10CIwTexture9g_ContextE
0x00E1DE64	0x00000004	[ 62] __ZN10CIwTexture7g_StageE
0x00E1DE68	0x00000004	[ 62] _g_IwGxTextureUploadPreCallback
0x00E1DE6C	0x00000004	[ 62] _g_IwGxTextureUploadPostCallback
0x00E1DE70	0x00000008	[ 62] _g_pGL_Constructor
0x00E1DE78	0x00000008	[ 62] _g_pGL_Destructor
0x00E1DE80	0x00000008	[ 62] _g_pGL_Upload
0x00E1DE88	0x00000001	[ 62] _g_IwTextureAssertPowerOf2
0x00E1DE89	0x00000001	[ 62] _g_IwTexture2DLite
0x00E1DE8C	0x00000004	[225] _g_IwGLUsingEmulator
0x00E1DE90	0x00000004	[225] _g_IwGLUsingAngle
0x00E1DE94	0x0000000C	[225] _g_IwGLDefaultMemMgr
0x00E1DEA0	0x00000090	[225] _g_IwGLCallbacks
0x00E1DF30	0x00000004	[225] _g_IwGLCallbackCount
0x00E1DF34	0x00000044	[225] _g_IwGLProperty
0x00E1DF78	0x00000004	[225] _g_IwGLThread
0x00E1DF7C	0x000000FF	[225] __ZN16CIwGLErrorSentry13s_EntryBufferE
0x00E1E07C	0x00000004	[226] _g_IwGLDrawRectProgramLen
0x00E1E080	0x00000004	[226] _g_IwGLDrawRectProgram
0x00E1E084	0x00000001	[226] _g_IwGLRestoreCaching
0x00E1E088	0x00000004	[227] _s_EGLConfig
0x00E1E08C	0x00000004	[227] _s_EGLDisplay
0x00E1E090	0x00000004	[227] _s_EGLSurface
0x00E1E094	0x00000004	[227] _s_EGLContext
0x00E1E098	0x00000001	[227] _s_EGLInitialised
0x00E1E099	0x00000001	[227] _g_IwGL2
0x00E1E09A	0x00000002	[227] _g_IwGL3
0x00E1E09C	0x00000004	[227] _g_IwGLVersion
0x00E1E0A0	0x00000004	[227] _g_IwGLWorkarounds
0x00E1E0A4	0x00000001	[227] _g_IwGLOwnsContext
0x00E1E0A5	0x00000001	[227] _g_IwGLDepthBufferCleared
0x00E1E0A6	0x00000001	[227] _g_IwGLAnythingRendered
0x00E1E0A7	0x00000001	[227] _g_IwGLEGLZeroIsNoError
0x00E1E0A8	0x000000FF	[228] _s_Unknown
0x00E1E1A8	0x00000058	[229] _g_IwGLExts
0x00E1E200	0x00000004	[229] _g_IwGLExtFn_glMapBufferOES
0x00E1E204	0x00000004	[229] _g_IwGLExtFn_glUnmapBufferOES
0x00E1E208	0x00000004	[229] _g_IwGLExtFn_glGetBufferPointervOES
0x00E1E20C	0x00000004	[229] _g_IwGLExtFn_glDepthRangefOES
0x00E1E210	0x00000004	[229] _g_IwGLExtFn_glFrustumfOES
0x00E1E214	0x00000004	[229] _g_IwGLExtFn_glOrthofOES
0x00E1E218	0x00000004	[229] _g_IwGLExtFn_glClipPlanefOES
0x00E1E21C	0x00000004	[229] _g_IwGLExtFn_glGetClipPlanefOES
0x00E1E220	0x00000004	[229] _g_IwGLExtFn_glClearDepthfOES
0x00E1E224	0x00000004	[229] _g_IwGLExtFn_glTexGenfOES
0x00E1E228	0x00000004	[229] _g_IwGLExtFn_glTexGenfvOES
0x00E1E22C	0x00000004	[229] _g_IwGLExtFn_glTexGeniOES
0x00E1E230	0x00000004	[229] _g_IwGLExtFn_glTexGenivOES
0x00E1E234	0x00000004	[229] _g_IwGLExtFn_glTexGenxOES
0x00E1E238	0x00000004	[229] _g_IwGLExtFn_glTexGenxvOES
0x00E1E23C	0x00000004	[229] _g_IwGLExtFn_glGetTexGenfvOES
0x00E1E240	0x00000004	[229] _g_IwGLExtFn_glGetTexGenivOES
0x00E1E244	0x00000004	[229] _g_IwGLExtFn_glGetTexGenxvOES
0x00E1E248	0x00000004	[229] _g_IwGLExtFn_glClipPlanefIMG
0x00E1E24C	0x00000004	[229] _g_IwGLExtFn_glClipPlanexIMG
0x00E1E250	0x00000004	[229] _g_IwGLExtFn_glDeleteFencesNV
0x00E1E254	0x00000004	[229] _g_IwGLExtFn_glGenFencesNV
0x00E1E258	0x00000004	[229] _g_IwGLExtFn_glIsFenceNV
0x00E1E25C	0x00000004	[229] _g_IwGLExtFn_glTestFenceNV
0x00E1E260	0x00000004	[229] _g_IwGLExtFn_glGetFenceivNV
0x00E1E264	0x00000004	[229] _g_IwGLExtFn_glFinishFenceNV
0x00E1E268	0x00000004	[229] _g_IwGLExtFn_glSetFenceNV
0x00E1E26C	0x00000004	[229] _g_IwGLExtFn_glBlendEquationSeparateOES
0x00E1E270	0x00000004	[229] _g_IwGLExtFn_glBlendEquationOES
0x00E1E274	0x00000004	[229] _g_IwGLExtFn_glIsRenderbufferOES
0x00E1E278	0x00000004	[229] _g_IwGLExtFn_glBindRenderbufferOES
0x00E1E27C	0x00000004	[229] _g_IwGLExtFn_glDeleteRenderbuffersOES
0x00E1E280	0x00000004	[229] _g_IwGLExtFn_glGenRenderbuffersOES
0x00E1E284	0x00000004	[229] _g_IwGLExtFn_glRenderbufferStorageOES
0x00E1E288	0x00000004	[229] _g_IwGLExtFn_glGetRenderbufferParameterivOES
0x00E1E28C	0x00000004	[229] _g_IwGLExtFn_glIsFramebufferOES
0x00E1E290	0x00000004	[229] _g_IwGLExtFn_glBindFramebufferOES
0x00E1E294	0x00000004	[229] _g_IwGLExtFn_glDeleteFramebuffersOES
0x00E1E298	0x00000004	[229] _g_IwGLExtFn_glGenFramebuffersOES
0x00E1E29C	0x00000004	[229] _g_IwGLExtFn_glCheckFramebufferStatusOES
0x00E1E2A0	0x00000004	[229] _g_IwGLExtFn_glFramebufferRenderbufferOES
0x00E1E2A4	0x00000004	[229] _g_IwGLExtFn_glFramebufferTexture2DOES
0x00E1E2A8	0x00000004	[229] _g_IwGLExtFn_glGetFramebufferAttachmentParameterivOES
0x00E1E2AC	0x00000004	[229] _g_IwGLExtFn_glGenerateMipmapOES
0x00E1E2B0	0x00000004	[229] _g_IwGLExtFn_glExtGetShadersQCOM
0x00E1E2B4	0x00000004	[229] _g_IwGLExtFn_glExtGetProgramsQCOM
0x00E1E2B8	0x00000004	[229] _g_IwGLExtFn_glExtIsProgramBinaryQCOM
0x00E1E2BC	0x00000004	[229] _g_IwGLExtFn_glExtGetProgramBinarySourceQCOM
0x00E1E2C0	0x00000004	[229] _g_IwGLExtFn_glGetProgramBinaryOES
0x00E1E2C4	0x00000004	[229] _g_IwGLExtFn_glProgramBinaryOES
0x00E1E2C8	0x00000004	[229] _g_IwGLExtFn_glDiscardFramebufferEXT
0x00E1E2CC	0x00000004	[229] _g_IwGLExtFn_glAlphaFuncxOES
0x00E1E2D0	0x00000004	[229] _g_IwGLExtFn_glClearColorxOES
0x00E1E2D4	0x00000004	[229] _g_IwGLExtFn_glClearDepthxOES
0x00E1E2D8	0x00000004	[229] _g_IwGLExtFn_glClipPlanexOES
0x00E1E2DC	0x00000004	[229] _g_IwGLExtFn_glColor4xOES
0x00E1E2E0	0x00000004	[229] _g_IwGLExtFn_glDepthRangexOES
0x00E1E2E4	0x00000004	[229] _g_IwGLExtFn_glFogxOES
0x00E1E2E8	0x00000004	[229] _g_IwGLExtFn_glFogxvOES
0x00E1E2EC	0x00000004	[229] _g_IwGLExtFn_glFrustumxOES
0x00E1E2F0	0x00000004	[229] _g_IwGLExtFn_glGetClipPlanexOES
0x00E1E2F4	0x00000004	[229] _g_IwGLExtFn_glGetFixedvOES
0x00E1E2F8	0x00000004	[229] _g_IwGLExtFn_glGetLightxvOES
0x00E1E2FC	0x00000004	[229] _g_IwGLExtFn_glGetMaterialxvOES
0x00E1E300	0x00000004	[229] _g_IwGLExtFn_glGetTexEnvxvOES
0x00E1E304	0x00000004	[229] _g_IwGLExtFn_glGetTexParameterxvOES
0x00E1E308	0x00000004	[229] _g_IwGLExtFn_glLightModelxOES
0x00E1E30C	0x00000004	[229] _g_IwGLExtFn_glLightModelxvOES
0x00E1E310	0x00000004	[229] _g_IwGLExtFn_glLightxOES
0x00E1E314	0x00000004	[229] _g_IwGLExtFn_glLightxvOES
0x00E1E318	0x00000004	[229] _g_IwGLExtFn_glLineWidthxOES
0x00E1E31C	0x00000004	[229] _g_IwGLExtFn_glLoadMatrixxOES
0x00E1E320	0x00000004	[229] _g_IwGLExtFn_glMaterialxOES
0x00E1E324	0x00000004	[229] _g_IwGLExtFn_glMaterialxvOES
0x00E1E328	0x00000004	[229] _g_IwGLExtFn_glMultMatrixxOES
0x00E1E32C	0x00000004	[229] _g_IwGLExtFn_glMultiTexCoord4xOES
0x00E1E330	0x00000004	[229] _g_IwGLExtFn_glNormal3xOES
0x00E1E334	0x00000004	[229] _g_IwGLExtFn_glOrthoxOES
0x00E1E338	0x00000004	[229] _g_IwGLExtFn_glPointParameterxOES
0x00E1E33C	0x00000004	[229] _g_IwGLExtFn_glPointParameterxvOES
0x00E1E340	0x00000004	[229] _g_IwGLExtFn_glPointSizexOES
0x00E1E344	0x00000004	[229] _g_IwGLExtFn_glPolygonOffsetxOES
0x00E1E348	0x00000004	[229] _g_IwGLExtFn_glRotatexOES
0x00E1E34C	0x00000004	[229] _g_IwGLExtFn_glSampleCoveragexOES
0x00E1E350	0x00000004	[229] _g_IwGLExtFn_glScalexOES
0x00E1E354	0x00000004	[229] _g_IwGLExtFn_glTexEnvxOES
0x00E1E358	0x00000004	[229] _g_IwGLExtFn_glTexEnvxvOES
0x00E1E35C	0x00000004	[229] _g_IwGLExtFn_glTexParameterxOES
0x00E1E360	0x00000004	[229] _g_IwGLExtFn_glTexParameterxvOES
0x00E1E364	0x00000004	[229] _g_IwGLExtFn_glTranslatexOES
0x00E1E368	0x00000004	[229] _g_IwGLExtFn_glCurrentPaletteMatrixOES
0x00E1E36C	0x00000004	[229] _g_IwGLExtFn_glLoadPaletteFromModelViewMatrixOES
0x00E1E370	0x00000004	[229] _g_IwGLExtFn_glMatrixIndexPointerOES
0x00E1E374	0x00000004	[229] _g_IwGLExtFn_glWeightPointerOES
0x00E1E378	0x00000004	[229] _g_IwGLExtFn_glRenderbufferStorageMultisampleIMG
0x00E1E37C	0x00000004	[229] _g_IwGLExtFn_glFramebufferTexture2DMultisampleIMG
0x00E1E380	0x00000004	[229] _g_IwGLExtFn_glRenderbufferStorageMultisampleAPPLE
0x00E1E384	0x00000004	[229] _g_IwGLExtFn_glResolveMultisampleFramebufferAPPLE
0x00E1E388	0x00000004	[229] _g_IwGLExtFn_glBlendFuncSeparateOES
0x00E1E38C	0x00000004	[229] _g_IwGLExtFn_glEGLImageTargetTexture2DOES
0x00E1E390	0x00000004	[229] _g_IwGLExtFn_glEGLImageTargetRenderbufferStorageOES
0x00E1E394	0x00000004	[229] _g_IwGLExtFn_glExtGetTexturesQCOM
0x00E1E398	0x00000004	[229] _g_IwGLExtFn_glExtGetBuffersQCOM
0x00E1E39C	0x00000004	[229] _g_IwGLExtFn_glExtGetRenderbuffersQCOM
0x00E1E3A0	0x00000004	[229] _g_IwGLExtFn_glExtGetFramebuffersQCOM
0x00E1E3A4	0x00000004	[229] _g_IwGLExtFn_glExtGetTexLevelParameterivQCOM
0x00E1E3A8	0x00000004	[229] _g_IwGLExtFn_glExtTexObjectStateOverrideiQCOM
0x00E1E3AC	0x00000004	[229] _g_IwGLExtFn_glExtGetTexSubImageQCOM
0x00E1E3B0	0x00000004	[229] _g_IwGLExtFn_glExtGetBufferPointervQCOM
0x00E1E3B4	0x00000004	[229] _g_IwGLExtFn_glStartTilingQCOM
0x00E1E3B8	0x00000004	[229] _g_IwGLExtFn_glEndTilingQCOM
0x00E1E3BC	0x00000004	[229] _g_IwGLExtFn_glDrawTexsOES
0x00E1E3C0	0x00000004	[229] _g_IwGLExtFn_glDrawTexiOES
0x00E1E3C4	0x00000004	[229] _g_IwGLExtFn_glDrawTexxOES
0x00E1E3C8	0x00000004	[229] _g_IwGLExtFn_glDrawTexsvOES
0x00E1E3CC	0x00000004	[229] _g_IwGLExtFn_glDrawTexivOES
0x00E1E3D0	0x00000004	[229] _g_IwGLExtFn_glDrawTexxvOES
0x00E1E3D4	0x00000004	[229] _g_IwGLExtFn_glDrawTexfOES
0x00E1E3D8	0x00000004	[229] _g_IwGLExtFn_glDrawTexfvOES
0x00E1E3DC	0x00000004	[229] _g_IwGLExtFn_glQueryMatrixxOES
0x00E1E3E0	0x00000004	[229] _g_IwGLExtFn_glMultiDrawArraysEXT
0x00E1E3E4	0x00000004	[229] _g_IwGLExtFn_glMultiDrawElementsEXT
0x00E1E3E8	0x00000004	[229] _g_IwGLExtFn_glBindVertexArrayOES
0x00E1E3EC	0x00000004	[229] _g_IwGLExtFn_glDeleteVertexArraysOES
0x00E1E3F0	0x00000004	[229] _g_IwGLExtFn_glGenVertexArraysOES
0x00E1E3F4	0x00000004	[229] _g_IwGLExtFn_glIsVertexArrayOES
0x00E1E3F8	0x00000004	[229] _g_IwGLExtFn_glGetDriverControlsQCOM
0x00E1E3FC	0x00000004	[229] _g_IwGLExtFn_glGetDriverControlStringQCOM
0x00E1E400	0x00000004	[229] _g_IwGLExtFn_glEnableDriverControlQCOM
0x00E1E404	0x00000004	[229] _g_IwGLExtFn_glDisableDriverControlQCOM
0x00E1E408	0x00000004	[230] _fbo_glIsRenderbuffer
0x00E1E40C	0x00000004	[230] _fbo_glBindRenderbuffer
0x00E1E410	0x00000004	[230] _fbo_glDeleteRenderbuffers
0x00E1E414	0x00000004	[230] _fbo_glGenRenderbuffers
0x00E1E418	0x00000004	[230] _fbo_glRenderbufferStorage
0x00E1E41C	0x00000004	[230] _fbo_glGetRenderbufferParameteriv
0x00E1E420	0x00000004	[230] _fbo_glIsFramebuffer
0x00E1E424	0x00000004	[230] _fbo_glBindFramebuffer
0x00E1E428	0x00000004	[230] _fbo_glDeleteFramebuffers
0x00E1E42C	0x00000004	[230] _fbo_glGenFramebuffers
0x00E1E430	0x00000004	[230] _fbo_glCheckFramebufferStatus
0x00E1E434	0x00000004	[230] _fbo_glFramebufferRenderbuffer
0x00E1E438	0x00000004	[230] _fbo_glFramebufferTexture2D
0x00E1E43C	0x00000004	[230] _fbo_glGetFramebufferAttachmentParameteriv
0x00E1E440	0x00000004	[230] _fbo_glGenerateMipmap
0x00E1E444	0x00000014	[230] _g_IwGLFBOs
0x00E1E458	0x00000014	[230] _g_IwGLRBOs
0x00E1E46C	0x00000004	[230] _g_IwGLCurrentFBO
0x00E1E470	0x00000004	[230] _g_IwGLCurrentRBO
0x00E1E474	0x00000014	[232] _g_IwGLFeedbacks
0x00E1E488	0x00000014	[234] _g_IwGLQueries
0x00E1E49C	0x00000014	[236] _g_IwGLShaders
0x00E1E4B0	0x00000014	[236] _g_IwGLPrograms
0x00E1E4C4	0x00000004	[236] _g_IwGLCurrentProgramObj
0x00E1E4C8	0x00000004	[236] _g_IwGLCurrentProgram
0x00E1E4CC	0x00000001	[236] _g_IwGLAllowNegativeLocations
0x00E1E4D0	0x00000004	[238] _g_IwGLCachedState
0x00E1E4D4	0x00000014	[239] _g_IwGLTextures
0x00E1E4E8	0x00000014	[239] _g_IwGLSamplers
0x00E1E4FC	0x00000004	[239] _g_IwGLActiveTexture
0x00E1E500	0x00000004	[239] _g_IwGLMaxTexture
0x00E1E504	0x00000004	[239] _g_IwGLCurrentTex
0x00E1E508	0x00000004	[239] _g_IwGLCurrentSampler
0x00E1E50C	0x00000004	[239] _g_IwGLAllowTextureAllocInBind
0x00E1E510	0x00000014	[241] _g_IwGLVAOs
0x00E1E524	0x00000014	[242] _g_IwGLVBOs
0x00E1E538	0x00000020	[242] _g_IwGLCurrentVBO
0x00E1E558	0x00000600	[242] _g_IwGLCurrentBindBase
0x00E1EB58	0x00000020	[242] _g_IwGLMappedBuffer
0x00E1EB78	0x00000040	[242] _g_IwGLMappedBufferValues
0x00E1EBB8	0x00000004	[244] _g_IwGLMatrixMode
0x00E1EBBC	0x00000001	[244] _g_IwGLSuppressFBOWarning
0x00E1EBBD	0x00000003	[244] _g_IwGLRTBound
0x00E1EBC0	0x00000010	[244] _g_IwGLViewport
0x00E1EBD0	0x00000010	[244] _g_IwGLScissor
0x00E1EBE0	0x00000004	[244] _g_IwGLWidth
0x00E1EBE4	0x00000004	[244] _g_IwGLHeight
0x00E1EBE8	0x00000004	[244] _g_IwGLBlitDir
0x00E1EBEC	0x00000004	[244] _g_IwGLVirtualX
0x00E1EBF0	0x00000004	[244] _g_IwGLVirtualY
0x00E1EBF4	0x00000004	[244] _g_IwGLVirtualWidth
0x00E1EBF8	0x00000004	[244] _g_IwGLVirtualHeight
0x00E1EBFC	0x00000004	[244] _g_IwGLVirtualRot
0x00E1EC00	0x00000004	[251] __ZN8CIwImage13s_FixedBucketE
0x00E1EC08	0x00000008	[251] _g_ColourReductionThreshold
0x00E1EC10	0x00000004	[251] _g_ColourReductionDump
0x00E1EC14	0x00000004	[251] _g_DoColourReduction
0x00E1EC18	0x00000004	[262] _g_IwManagedParseAttributeFn
0x00E1EC1C	0x00000004	[262] _g_IwManagedSerialiseExpected
0x00E1EC20	0x00000004	[262] _g_IwManagedPreSerialisedHash
0x00E1EC24	0x00000001	[262] _g_IwManagedHashIsPreSerialised
0x00E1EC28	0x00000004	[264] _g_SystemBucket
0x00E1EC2C	0x00000004	[264] _g_SystemBucketDebug
0x00E1EC30	0x00000004	[267] _g_IwMenuManager
0x00E1EC34	0x00000140	[269] _g_Stack
0x00E1ED74	0x00000004	[269] _g_StackPtr
0x00E1ED78	0x000000CC	[270] _g_IwSerialiseContext
0x00E1EE44	0x00000004	[270] _g_IwSerialiseContextValid
0x00E1EE48	0x00000004	[272] _g_IwTextParserITX
0x00E1EE4C	0x00000030	[301] __ZN7CIwFMat10g_IdentityE
0x00E1EE7C	0x00000018	[302] __ZN9CIwFMat2D10g_IdentityE
0x00E1EE94	0x00000008	[304] __ZN8CIwFVec26g_ZeroE
0x00E1EE9C	0x00000008	[304] __ZN8CIwFVec27g_AxisXE
0x00E1EEA4	0x00000008	[304] __ZN8CIwFVec27g_AxisYE
0x00E1EEAC	0x0000000C	[305] __ZN8CIwFVec36g_ZeroE
0x00E1EEB8	0x0000000C	[305] __ZN8CIwFVec37g_AxisXE
0x00E1EEC4	0x0000000C	[305] __ZN8CIwFVec37g_AxisYE
0x00E1EED0	0x0000000C	[305] __ZN8CIwFVec37g_AxisZE
0x00E1EEDC	0x00000010	[306] __ZN8CIwFVec46g_ZeroE
0x00E1EEEC	0x00000010	[306] __ZN8CIwFVec47g_AxisXE
0x00E1EEFC	0x00000010	[306] __ZN8CIwFVec47g_AxisYE
0x00E1EF0C	0x00000010	[306] __ZN8CIwFVec47g_AxisZE
0x00E1EF1C	0x00000010	[306] __ZN8CIwFVec47g_AxisWE
0x00E1EF2C	0x00000030	[307] __ZN6CIwMat10g_IdentityE
0x00E1EF5C	0x00000018	[308] __ZN8CIwMat2D10g_IdentityE
0x00E1EF74	0x0000000C	[309] __ZN8CIwPlane4g_YZE
0x00E1EF80	0x0000000C	[309] __ZN8CIwPlane4g_XZE
0x00E1EF8C	0x0000000C	[309] __ZN8CIwPlane4g_XYE
0x00E1EF98	0x00000004	[312] __ZN8CIwSVec26g_ZeroE
0x00E1EF9C	0x00000004	[312] __ZN8CIwSVec27g_AxisXE
0x00E1EFA0	0x00000004	[312] __ZN8CIwSVec27g_AxisYE
0x00E1EFA4	0x00000006	[313] __ZN8CIwSVec36g_ZeroE
0x00E1EFAA	0x00000006	[313] __ZN8CIwSVec37g_AxisXE
0x00E1EFB0	0x00000006	[313] __ZN8CIwSVec37g_AxisYE
0x00E1EFB6	0x00000006	[313] __ZN8CIwSVec37g_AxisZE
0x00E1EFBC	0x00000008	[314] __ZN8CIwSVec46g_ZeroE
0x00E1EFC4	0x00000008	[314] __ZN8CIwSVec47g_AxisXE
0x00E1EFCC	0x00000008	[314] __ZN8CIwSVec47g_AxisYE
0x00E1EFD4	0x00000008	[314] __ZN8CIwSVec47g_AxisZE
0x00E1EFDC	0x00000008	[314] __ZN8CIwSVec47g_AxisWE
0x00E1EFE4	0x00004004	[315] _g_SqrtTable
0x00E22FE8	0x00004000	[315] _g_InverseSqrtTable
0x00E26FE8	0x00000008	[316] __ZN7CIwVec26g_ZeroE
0x00E26FF0	0x00000008	[316] __ZN7CIwVec27g_AxisXE
0x00E26FF8	0x00000008	[316] __ZN7CIwVec27g_AxisYE
0x00E27000	0x0000000C	[317] __ZN7CIwVec36g_ZeroE
0x00E2700C	0x0000000C	[317] __ZN7CIwVec37g_AxisXE
0x00E27018	0x0000000C	[317] __ZN7CIwVec37g_AxisYE
0x00E27024	0x0000000C	[317] __ZN7CIwVec37g_AxisZE
0x00E27030	0x00000010	[318] __ZN7CIwVec46g_ZeroE
0x00E27040	0x00000010	[318] __ZN7CIwVec47g_AxisXE
0x00E27050	0x00000010	[318] __ZN7CIwVec47g_AxisYE
0x00E27060	0x00000010	[318] __ZN7CIwVec47g_AxisZE
0x00E27070	0x00000010	[318] __ZN7CIwVec47g_AxisWE
0x00E27080	0x00000010	[319] _s_ResourceSizes
0x00E27090	0x00000004	[319] _s_ResourceSizeCursor
0x00E27094	0x00000004	[319] _s_ResourceSizeByType
0x00E27098	0x00000004	[322] _s_ResSearchGroup
0x00E2709C	0x00000004	[322] _g_IwResManager
0x00E270A0	0x00000004	[329] __ZN4_STL12_Locale_impl14_S_global_implE
0x00E270A4	0x00000004	[329] __ZN4_STL8ios_base9_Loc_init8_S_countE
0x00E270A8	0x0000000C	[331] __ZN4_STL15_S_empty_stringE
0x00E270B4	0x0000000C	[331] __ZN4_STL16_S_empty_wstringE
0x00E270C0	0x0000000C	[336] __ZN4_STL8numpunctIcE11_M_truenameE
0x00E270CC	0x0000000C	[336] __ZN4_STL8numpunctIcE12_M_falsenameE
0x00E270D8	0x0000000C	[336] __ZN4_STL8numpunctIcE11_M_groupingE
0x00E270E4	0x0000000C	[336] __ZN4_STL8numpunctIwE11_M_truenameE
0x00E270F0	0x0000000C	[336] __ZN4_STL8numpunctIwE12_M_falsenameE
0x00E270FC	0x0000000C	[336] __ZN4_STL8numpunctIwE11_M_groupingE
0x00E27108	0x00000004	[342] _g_DelayedCreationLock
0x00E2710C	0x00000004	[342] _g_CrtFilesLock
0x00E27110	0x00000004	[342] _g_CrtOpenDirsLock
0x00E27114	0x00000004	[342] _g_CrtSockets
0x00E27118	0x00000004	[342] ___s3eStackBase
0x00E2711C	0x00000004	[347] _g_PThreadChecked
0x00E27120	0x00000004	[347] _g_PThreadPresent
0x00E27124	0x00000004	[351] _g_StdinLen
0x00E27128	0x00000004	[355] _g_TLS
0x00E2712C	0x00002928	[357] _g_DebugGlobals
0x00E29A54	0x00005DC0	[366] _g_ExitFuncsAndArgs
0x00E2F814	0x00000004	[366] _g_ExitFuncsAndArgsOverspillBegin
0x00E2F818	0x00000004	[366] _g_ExitFuncsAndArgsOverspillEnd
0x00E2F81C	0x00000004	[366] _g_ExitFuncsRegistered
0x00E2F820	0x00000008	[274] _alphadec
0x00E2F840	0x00000100	[697] ___hexdig
