# Path: /Users/aaronpiotrowski/Library/Developer/Xcode/DerivedData/learn-fcpbozrucovixkfcyjqdizhiondn/Build/Products/Release/learn.dylib
# Arch: i386
# Object files:
[  0] linker synthesized
[  1] /Users/aaronpiotrowski/Library/Developer/Xcode/DerivedData/learn-fcpbozrucovixkfcyjqdizhiondn/Build/Intermediates/learn.build/Release/learn.build/Objects-normal/i386/Iw2DSceneGraph.o
[  2] /Users/aaronpiotrowski/Library/Developer/Xcode/DerivedData/learn-fcpbozrucovixkfcyjqdizhiondn/Build/Intermediates/learn.build/Release/learn.build/Objects-normal/i386/Iw2DSceneGraphCore.o
[  3] /Users/aaronpiotrowski/Library/Developer/Xcode/DerivedData/learn-fcpbozrucovixkfcyjqdizhiondn/Build/Intermediates/learn.build/Release/learn.build/Objects-normal/i386/IwTween.o
[  4] /Users/aaronpiotrowski/Library/Developer/Xcode/DerivedData/learn-fcpbozrucovixkfcyjqdizhiondn/Build/Intermediates/learn.build/Release/learn.build/Objects-normal/i386/Main.o
[  5] /Applications/Marmalade.app/Contents/modules/iw2d/lib/x86/darwin/libiw2d.a(Iw2D.o)
[  6] /Applications/Marmalade.app/Contents/modules/iw2d/lib/x86/darwin/libiw2d.a(Iw2DBatcher.o)
[  7] /Applications/Marmalade.app/Contents/modules/iw2d/lib/x86/darwin/libiw2d.a(Iw2DImage.o)
[  8] /Applications/Marmalade.app/Contents/modules/iw2d/lib/x86/darwin/libiw2d.a(Iw2DPrim.o)
[  9] /Applications/Marmalade.app/Contents/modules/iw2d/lib/x86/darwin/libiw2d.a(Iw2DState.o)
[ 10] /Applications/Marmalade.app/Contents/modules/iw2d/lib/x86/darwin/libiw2d.a(Iw2DString.o)
[ 11] /Applications/Marmalade.app/Contents/modules/iw2d/lib/x86/darwin/libiw2d.a(Iw2DSurface.o)
[ 12] /Applications/Marmalade.app/Contents/modules/iwgx/lib/x86/darwin/libiwgx.a(IwGxDXTCompressionHandler.o)
[ 13] /Applications/Marmalade.app/Contents/modules/iwgx/lib/x86/darwin/libiwgx.a(IwGxATITCCompressionHandler.o)
[ 14] /Applications/Marmalade.app/Contents/modules/iwgx/lib/x86/darwin/libiwgx.a(IwGxContextShadowGL.o)
[ 15] /Applications/Marmalade.app/Contents/modules/iwgx/lib/x86/darwin/libiwgx.a(IwGxCubeMap.o)
[ 16] /Applications/Marmalade.app/Contents/modules/iwgx/lib/x86/darwin/libiwgx.a(IwGxDefaultFragmentShader.o)
[ 17] /Applications/Marmalade.app/Contents/modules/iwgx/lib/x86/darwin/libiwgx.a(IwGxDefaultVertexShader.o)
[ 18] /Applications/Marmalade.app/Contents/modules/iwgx/lib/x86/darwin/libiwgx.a(IwGxETC2CompressionHandler.o)
[ 19] /Applications/Marmalade.app/Contents/modules/iwgx/lib/x86/darwin/libiwgx.a(IwGxETCCompressionHandler.o)
[ 20] /Applications/Marmalade.app/Contents/modules/iwgx/lib/x86/darwin/libiwgx.a(IwGxGL2Shader.o)
[ 21] /Applications/Marmalade.app/Contents/modules/iwgx/lib/x86/darwin/libiwgx.a(IwGxGL2ShaderParam.o)
[ 22] /Applications/Marmalade.app/Contents/modules/iwgx/lib/x86/darwin/libiwgx.a(IwGxLightingGL.o)
[ 23] /Applications/Marmalade.app/Contents/modules/iwgx/lib/x86/darwin/libiwgx.a(IwGxPVRCompressionHandler.o)
[ 24] /Applications/Marmalade.app/Contents/modules/iwgx/lib/x86/darwin/libiwgx.a(IwGxRasterisationGL.o)
[ 25] /Applications/Marmalade.app/Contents/modules/iwgx/lib/x86/darwin/libiwgx.a(IwGxRasterisationGL2.o)
[ 26] /Applications/Marmalade.app/Contents/modules/iwgx/lib/x86/darwin/libiwgx.a(IwGxTextureGL.o)
[ 27] /Applications/Marmalade.app/Contents/modules/iwgx/lib/x86/darwin/libiwgx.a(IwGxCompressionHandler.o)
[ 28] /Applications/Marmalade.app/Contents/modules/iwgx/lib/x86/darwin/libiwgx.a(IwGxCompressionHandlerManager.o)
[ 29] /Applications/Marmalade.app/Contents/modules/iwgx/lib/x86/darwin/libiwgx.a(IwGxLightingHW.o)
[ 30] /Applications/Marmalade.app/Contents/modules/iwgx/lib/x86/darwin/libiwgx.a(IwGxRasterisationHW.o)
[ 31] /Applications/Marmalade.app/Contents/modules/iwgx/lib/x86/darwin/libiwgx.a(IwGxTransformHW.o)
[ 32] /Applications/Marmalade.app/Contents/modules/iwgx/lib/x86/darwin/libiwgx.a(IwAtlas.o)
[ 33] /Applications/Marmalade.app/Contents/modules/iwgx/lib/x86/darwin/libiwgx.a(IwGxCallbacks.o)
[ 34] /Applications/Marmalade.app/Contents/modules/iwgx/lib/x86/darwin/libiwgx.a(IwGxCol.o)
[ 35] /Applications/Marmalade.app/Contents/modules/iwgx/lib/x86/darwin/libiwgx.a(IwGxCursor.o)
[ 36] /Applications/Marmalade.app/Contents/modules/iwgx/lib/x86/darwin/libiwgx.a(IwGxDraw.o)
[ 37] /Applications/Marmalade.app/Contents/modules/iwgx/lib/x86/darwin/libiwgx.a(IwGxError.o)
[ 38] /Applications/Marmalade.app/Contents/modules/iwgx/lib/x86/darwin/libiwgx.a(IwGxFog.o)
[ 39] /Applications/Marmalade.app/Contents/modules/iwgx/lib/x86/darwin/libiwgx.a(IwGxFuncTable.o)
[ 40] /Applications/Marmalade.app/Contents/modules/iwgx/lib/x86/darwin/libiwgx.a(IwGxFuncs.o)
[ 41] /Applications/Marmalade.app/Contents/modules/iwgx/lib/x86/darwin/libiwgx.a(IwGxInit.o)
[ 42] /Applications/Marmalade.app/Contents/modules/iwgx/lib/x86/darwin/libiwgx.a(IwGxMaterial.o)
[ 43] /Applications/Marmalade.app/Contents/modules/iwgx/lib/x86/darwin/libiwgx.a(IwGxMetrics.o)
[ 44] /Applications/Marmalade.app/Contents/modules/iwgx/lib/x86/darwin/libiwgx.a(IwGxMipMapBuilder.o)
[ 45] /Applications/Marmalade.app/Contents/modules/iwgx/lib/x86/darwin/libiwgx.a(IwGxNorm.o)
[ 46] /Applications/Marmalade.app/Contents/modules/iwgx/lib/x86/darwin/libiwgx.a(IwGxPrint.o)
[ 47] /Applications/Marmalade.app/Contents/modules/iwgx/lib/x86/darwin/libiwgx.a(IwGxPrintFont.o)
[ 48] /Applications/Marmalade.app/Contents/modules/iwgx/lib/x86/darwin/libiwgx.a(IwGxResManagerCallbacks.o)
[ 49] /Applications/Marmalade.app/Contents/modules/iwgx/lib/x86/darwin/libiwgx.a(IwGxShaderTechnique.o)
[ 50] /Applications/Marmalade.app/Contents/modules/iwgx/lib/x86/darwin/libiwgx.a(IwGxState.o)
[ 51] /Applications/Marmalade.app/Contents/modules/iwgx/lib/x86/darwin/libiwgx.a(IwGxStream.o)
[ 52] /Applications/Marmalade.app/Contents/modules/iwgx/lib/x86/darwin/libiwgx.a(IwGxSurface.o)
[ 53] /Applications/Marmalade.app/Contents/modules/iwgx/lib/x86/darwin/libiwgx.a(IwGxTransform.o)
[ 54] /Applications/Marmalade.app/Contents/modules/iwgx/lib/x86/darwin/libiwgx.a(IwGxTransformFloat.o)
[ 55] /Applications/Marmalade.app/Contents/modules/iwgx/lib/x86/darwin/libiwgx.a(IwGxUV.o)
[ 56] /Applications/Marmalade.app/Contents/modules/iwgx/lib/x86/darwin/libiwgx.a(IwMatAnim.o)
[ 57] /Applications/Marmalade.app/Contents/modules/iwgx/lib/x86/darwin/libiwgx.a(IwMatGeomInfo.o)
[ 58] /Applications/Marmalade.app/Contents/modules/iwgx/lib/x86/darwin/libiwgx.a(IwMaterial.o)
[ 59] /Applications/Marmalade.app/Contents/modules/iwgx/lib/x86/darwin/libiwgx.a(IwTexture.o)
[ 60] /Applications/Marmalade.app/Contents/modules/iwgl/lib/x86/darwin/libiwgl.a(iwglstub_eglGetProcAddress.o)
[ 61] /Applications/Marmalade.app/Contents/modules/iwgl/lib/x86/darwin/libiwgl.a(iwglstub_glActiveTexture.o)
[ 62] /Applications/Marmalade.app/Contents/modules/iwgl/lib/x86/darwin/libiwgl.a(iwglstub_glAlphaFunc.o)
[ 63] /Applications/Marmalade.app/Contents/modules/iwgl/lib/x86/darwin/libiwgl.a(iwglstub_glAlphaFuncx.o)
[ 64] /Applications/Marmalade.app/Contents/modules/iwgl/lib/x86/darwin/libiwgl.a(iwglstub_glAttachShader.o)
[ 65] /Applications/Marmalade.app/Contents/modules/iwgl/lib/x86/darwin/libiwgl.a(iwglstub_glBindAttribLocation.o)
[ 66] /Applications/Marmalade.app/Contents/modules/iwgl/lib/x86/darwin/libiwgl.a(iwglstub_glBindBuffer.o)
[ 67] /Applications/Marmalade.app/Contents/modules/iwgl/lib/x86/darwin/libiwgl.a(iwglstub_glBindFramebuffer.o)
[ 68] /Applications/Marmalade.app/Contents/modules/iwgl/lib/x86/darwin/libiwgl.a(iwglstub_glBindRenderbuffer.o)
[ 69] /Applications/Marmalade.app/Contents/modules/iwgl/lib/x86/darwin/libiwgl.a(iwglstub_glBindSampler.o)
[ 70] /Applications/Marmalade.app/Contents/modules/iwgl/lib/x86/darwin/libiwgl.a(iwglstub_glBindTexture.o)
[ 71] /Applications/Marmalade.app/Contents/modules/iwgl/lib/x86/darwin/libiwgl.a(iwglstub_glBlendColor.o)
[ 72] /Applications/Marmalade.app/Contents/modules/iwgl/lib/x86/darwin/libiwgl.a(iwglstub_glBlendEquationSeparate.o)
[ 73] /Applications/Marmalade.app/Contents/modules/iwgl/lib/x86/darwin/libiwgl.a(iwglstub_glBlendFunc.o)
[ 74] /Applications/Marmalade.app/Contents/modules/iwgl/lib/x86/darwin/libiwgl.a(iwglstub_glBlendFuncSeparate.o)
[ 75] /Applications/Marmalade.app/Contents/modules/iwgl/lib/x86/darwin/libiwgl.a(iwglstub_glCheckFramebufferStatus.o)
[ 76] /Applications/Marmalade.app/Contents/modules/iwgl/lib/x86/darwin/libiwgl.a(iwglstub_glClear.o)
[ 77] /Applications/Marmalade.app/Contents/modules/iwgl/lib/x86/darwin/libiwgl.a(iwglstub_glClearColor.o)
[ 78] /Applications/Marmalade.app/Contents/modules/iwgl/lib/x86/darwin/libiwgl.a(iwglstub_glClearColorx.o)
[ 79] /Applications/Marmalade.app/Contents/modules/iwgl/lib/x86/darwin/libiwgl.a(iwglstub_glClearDepthf.o)
[ 80] /Applications/Marmalade.app/Contents/modules/iwgl/lib/x86/darwin/libiwgl.a(iwglstub_glClearDepthx.o)
[ 81] /Applications/Marmalade.app/Contents/modules/iwgl/lib/x86/darwin/libiwgl.a(iwglstub_glClearStencil.o)
[ 82] /Applications/Marmalade.app/Contents/modules/iwgl/lib/x86/darwin/libiwgl.a(iwglstub_glClientActiveTexture.o)
[ 83] /Applications/Marmalade.app/Contents/modules/iwgl/lib/x86/darwin/libiwgl.a(iwglstub_glClipPlanef.o)
[ 84] /Applications/Marmalade.app/Contents/modules/iwgl/lib/x86/darwin/libiwgl.a(iwglstub_glClipPlanex.o)
[ 85] /Applications/Marmalade.app/Contents/modules/iwgl/lib/x86/darwin/libiwgl.a(iwglstub_glColor4f.o)
[ 86] /Applications/Marmalade.app/Contents/modules/iwgl/lib/x86/darwin/libiwgl.a(iwglstub_glColor4x.o)
[ 87] /Applications/Marmalade.app/Contents/modules/iwgl/lib/x86/darwin/libiwgl.a(iwglstub_glColorMask.o)
[ 88] /Applications/Marmalade.app/Contents/modules/iwgl/lib/x86/darwin/libiwgl.a(iwglstub_glColorPointer.o)
[ 89] /Applications/Marmalade.app/Contents/modules/iwgl/lib/x86/darwin/libiwgl.a(iwglstub_glCompileShader.o)
[ 90] /Applications/Marmalade.app/Contents/modules/iwgl/lib/x86/darwin/libiwgl.a(iwglstub_glCompressedTexImage2D.o)
[ 91] /Applications/Marmalade.app/Contents/modules/iwgl/lib/x86/darwin/libiwgl.a(iwglstub_glCompressedTexImage3D.o)
[ 92] /Applications/Marmalade.app/Contents/modules/iwgl/lib/x86/darwin/libiwgl.a(iwglstub_glCreateProgram.o)
[ 93] /Applications/Marmalade.app/Contents/modules/iwgl/lib/x86/darwin/libiwgl.a(iwglstub_glCreateShader.o)
[ 94] /Applications/Marmalade.app/Contents/modules/iwgl/lib/x86/darwin/libiwgl.a(iwglstub_glCullFace.o)
[ 95] /Applications/Marmalade.app/Contents/modules/iwgl/lib/x86/darwin/libiwgl.a(iwglstub_glDeleteFramebuffers.o)
[ 96] /Applications/Marmalade.app/Contents/modules/iwgl/lib/x86/darwin/libiwgl.a(iwglstub_glDeleteProgram.o)
[ 97] /Applications/Marmalade.app/Contents/modules/iwgl/lib/x86/darwin/libiwgl.a(iwglstub_glDeleteRenderbuffers.o)
[ 98] /Applications/Marmalade.app/Contents/modules/iwgl/lib/x86/darwin/libiwgl.a(iwglstub_glDeleteShader.o)
[ 99] /Applications/Marmalade.app/Contents/modules/iwgl/lib/x86/darwin/libiwgl.a(iwglstub_glDeleteTextures.o)
[100] /Applications/Marmalade.app/Contents/modules/iwgl/lib/x86/darwin/libiwgl.a(iwglstub_glDepthFunc.o)
[101] /Applications/Marmalade.app/Contents/modules/iwgl/lib/x86/darwin/libiwgl.a(iwglstub_glDepthMask.o)
[102] /Applications/Marmalade.app/Contents/modules/iwgl/lib/x86/darwin/libiwgl.a(iwglstub_glDepthRangef.o)
[103] /Applications/Marmalade.app/Contents/modules/iwgl/lib/x86/darwin/libiwgl.a(iwglstub_glDepthRangex.o)
[104] /Applications/Marmalade.app/Contents/modules/iwgl/lib/x86/darwin/libiwgl.a(iwglstub_glDetachShader.o)
[105] /Applications/Marmalade.app/Contents/modules/iwgl/lib/x86/darwin/libiwgl.a(iwglstub_glDisable.o)
[106] /Applications/Marmalade.app/Contents/modules/iwgl/lib/x86/darwin/libiwgl.a(iwglstub_glDisableClientState.o)
[107] /Applications/Marmalade.app/Contents/modules/iwgl/lib/x86/darwin/libiwgl.a(iwglstub_glDisableVertexAttribArray.o)
[108] /Applications/Marmalade.app/Contents/modules/iwgl/lib/x86/darwin/libiwgl.a(iwglstub_glDrawArrays.o)
[109] /Applications/Marmalade.app/Contents/modules/iwgl/lib/x86/darwin/libiwgl.a(iwglstub_glDrawElements.o)
[110] /Applications/Marmalade.app/Contents/modules/iwgl/lib/x86/darwin/libiwgl.a(iwglstub_glEnable.o)
[111] /Applications/Marmalade.app/Contents/modules/iwgl/lib/x86/darwin/libiwgl.a(iwglstub_glEnableClientState.o)
[112] /Applications/Marmalade.app/Contents/modules/iwgl/lib/x86/darwin/libiwgl.a(iwglstub_glEnableVertexAttribArray.o)
[113] /Applications/Marmalade.app/Contents/modules/iwgl/lib/x86/darwin/libiwgl.a(iwglstub_glFogf.o)
[114] /Applications/Marmalade.app/Contents/modules/iwgl/lib/x86/darwin/libiwgl.a(iwglstub_glFogfv.o)
[115] /Applications/Marmalade.app/Contents/modules/iwgl/lib/x86/darwin/libiwgl.a(iwglstub_glFogx.o)
[116] /Applications/Marmalade.app/Contents/modules/iwgl/lib/x86/darwin/libiwgl.a(iwglstub_glFogxv.o)
[117] /Applications/Marmalade.app/Contents/modules/iwgl/lib/x86/darwin/libiwgl.a(iwglstub_glFramebufferRenderbuffer.o)
[118] /Applications/Marmalade.app/Contents/modules/iwgl/lib/x86/darwin/libiwgl.a(iwglstub_glFramebufferTexture2D.o)
[119] /Applications/Marmalade.app/Contents/modules/iwgl/lib/x86/darwin/libiwgl.a(iwglstub_glFrontFace.o)
[120] /Applications/Marmalade.app/Contents/modules/iwgl/lib/x86/darwin/libiwgl.a(iwglstub_glFrustumf.o)
[121] /Applications/Marmalade.app/Contents/modules/iwgl/lib/x86/darwin/libiwgl.a(iwglstub_glGenFramebuffers.o)
[122] /Applications/Marmalade.app/Contents/modules/iwgl/lib/x86/darwin/libiwgl.a(iwglstub_glGenRenderbuffers.o)
[123] /Applications/Marmalade.app/Contents/modules/iwgl/lib/x86/darwin/libiwgl.a(iwglstub_glGenTextures.o)
[124] /Applications/Marmalade.app/Contents/modules/iwgl/lib/x86/darwin/libiwgl.a(iwglstub_glGenerateMipmap.o)
[125] /Applications/Marmalade.app/Contents/modules/iwgl/lib/x86/darwin/libiwgl.a(iwglstub_glGetAttribLocation.o)
[126] /Applications/Marmalade.app/Contents/modules/iwgl/lib/x86/darwin/libiwgl.a(iwglstub_glGetBooleanv.o)
[127] /Applications/Marmalade.app/Contents/modules/iwgl/lib/x86/darwin/libiwgl.a(iwglstub_glGetError.o)
[128] /Applications/Marmalade.app/Contents/modules/iwgl/lib/x86/darwin/libiwgl.a(iwglstub_glGetFloatv.o)
[129] /Applications/Marmalade.app/Contents/modules/iwgl/lib/x86/darwin/libiwgl.a(iwglstub_glGetFramebufferAttachmentParameteriv.o)
[130] /Applications/Marmalade.app/Contents/modules/iwgl/lib/x86/darwin/libiwgl.a(iwglstub_glGetIntegerv.o)
[131] /Applications/Marmalade.app/Contents/modules/iwgl/lib/x86/darwin/libiwgl.a(iwglstub_glGetProgramInfoLog.o)
[132] /Applications/Marmalade.app/Contents/modules/iwgl/lib/x86/darwin/libiwgl.a(iwglstub_glGetProgramiv.o)
[133] /Applications/Marmalade.app/Contents/modules/iwgl/lib/x86/darwin/libiwgl.a(iwglstub_glGetRenderbufferParameteriv.o)
[134] /Applications/Marmalade.app/Contents/modules/iwgl/lib/x86/darwin/libiwgl.a(iwglstub_glGetShaderInfoLog.o)
[135] /Applications/Marmalade.app/Contents/modules/iwgl/lib/x86/darwin/libiwgl.a(iwglstub_glGetShaderiv.o)
[136] /Applications/Marmalade.app/Contents/modules/iwgl/lib/x86/darwin/libiwgl.a(iwglstub_glGetString.o)
[137] /Applications/Marmalade.app/Contents/modules/iwgl/lib/x86/darwin/libiwgl.a(iwglstub_glGetUniformLocation.o)
[138] /Applications/Marmalade.app/Contents/modules/iwgl/lib/x86/darwin/libiwgl.a(iwglstub_glHint.o)
[139] /Applications/Marmalade.app/Contents/modules/iwgl/lib/x86/darwin/libiwgl.a(iwglstub_glIsFramebuffer.o)
[140] /Applications/Marmalade.app/Contents/modules/iwgl/lib/x86/darwin/libiwgl.a(iwglstub_glIsRenderbuffer.o)
[141] /Applications/Marmalade.app/Contents/modules/iwgl/lib/x86/darwin/libiwgl.a(iwglstub_glLightModelf.o)
[142] /Applications/Marmalade.app/Contents/modules/iwgl/lib/x86/darwin/libiwgl.a(iwglstub_glLightModelfv.o)
[143] /Applications/Marmalade.app/Contents/modules/iwgl/lib/x86/darwin/libiwgl.a(iwglstub_glLightModelx.o)
[144] /Applications/Marmalade.app/Contents/modules/iwgl/lib/x86/darwin/libiwgl.a(iwglstub_glLightModelxv.o)
[145] /Applications/Marmalade.app/Contents/modules/iwgl/lib/x86/darwin/libiwgl.a(iwglstub_glLightf.o)
[146] /Applications/Marmalade.app/Contents/modules/iwgl/lib/x86/darwin/libiwgl.a(iwglstub_glLightfv.o)
[147] /Applications/Marmalade.app/Contents/modules/iwgl/lib/x86/darwin/libiwgl.a(iwglstub_glLightx.o)
[148] /Applications/Marmalade.app/Contents/modules/iwgl/lib/x86/darwin/libiwgl.a(iwglstub_glLightxv.o)
[149] /Applications/Marmalade.app/Contents/modules/iwgl/lib/x86/darwin/libiwgl.a(iwglstub_glLineWidth.o)
[150] /Applications/Marmalade.app/Contents/modules/iwgl/lib/x86/darwin/libiwgl.a(iwglstub_glLineWidthx.o)
[151] /Applications/Marmalade.app/Contents/modules/iwgl/lib/x86/darwin/libiwgl.a(iwglstub_glLinkProgram.o)
[152] /Applications/Marmalade.app/Contents/modules/iwgl/lib/x86/darwin/libiwgl.a(iwglstub_glLoadIdentity.o)
[153] /Applications/Marmalade.app/Contents/modules/iwgl/lib/x86/darwin/libiwgl.a(iwglstub_glLoadMatrixf.o)
[154] /Applications/Marmalade.app/Contents/modules/iwgl/lib/x86/darwin/libiwgl.a(iwglstub_glLoadMatrixx.o)
[155] /Applications/Marmalade.app/Contents/modules/iwgl/lib/x86/darwin/libiwgl.a(iwglstub_glLogicOp.o)
[156] /Applications/Marmalade.app/Contents/modules/iwgl/lib/x86/darwin/libiwgl.a(iwglstub_glMaterialf.o)
[157] /Applications/Marmalade.app/Contents/modules/iwgl/lib/x86/darwin/libiwgl.a(iwglstub_glMaterialfv.o)
[158] /Applications/Marmalade.app/Contents/modules/iwgl/lib/x86/darwin/libiwgl.a(iwglstub_glMaterialx.o)
[159] /Applications/Marmalade.app/Contents/modules/iwgl/lib/x86/darwin/libiwgl.a(iwglstub_glMaterialxv.o)
[160] /Applications/Marmalade.app/Contents/modules/iwgl/lib/x86/darwin/libiwgl.a(iwglstub_glMatrixMode.o)
[161] /Applications/Marmalade.app/Contents/modules/iwgl/lib/x86/darwin/libiwgl.a(iwglstub_glMultMatrixf.o)
[162] /Applications/Marmalade.app/Contents/modules/iwgl/lib/x86/darwin/libiwgl.a(iwglstub_glMultMatrixx.o)
[163] /Applications/Marmalade.app/Contents/modules/iwgl/lib/x86/darwin/libiwgl.a(iwglstub_glMultiTexCoord4f.o)
[164] /Applications/Marmalade.app/Contents/modules/iwgl/lib/x86/darwin/libiwgl.a(iwglstub_glMultiTexCoord4x.o)
[165] /Applications/Marmalade.app/Contents/modules/iwgl/lib/x86/darwin/libiwgl.a(iwglstub_glNormal3f.o)
[166] /Applications/Marmalade.app/Contents/modules/iwgl/lib/x86/darwin/libiwgl.a(iwglstub_glNormal3x.o)
[167] /Applications/Marmalade.app/Contents/modules/iwgl/lib/x86/darwin/libiwgl.a(iwglstub_glNormalPointer.o)
[168] /Applications/Marmalade.app/Contents/modules/iwgl/lib/x86/darwin/libiwgl.a(iwglstub_glOrthox.o)
[169] /Applications/Marmalade.app/Contents/modules/iwgl/lib/x86/darwin/libiwgl.a(iwglstub_glPixelStorei.o)
[170] /Applications/Marmalade.app/Contents/modules/iwgl/lib/x86/darwin/libiwgl.a(iwglstub_glPolygonOffset.o)
[171] /Applications/Marmalade.app/Contents/modules/iwgl/lib/x86/darwin/libiwgl.a(iwglstub_glPolygonOffsetx.o)
[172] /Applications/Marmalade.app/Contents/modules/iwgl/lib/x86/darwin/libiwgl.a(iwglstub_glReadPixels.o)
[173] /Applications/Marmalade.app/Contents/modules/iwgl/lib/x86/darwin/libiwgl.a(iwglstub_glRenderbufferStorage.o)
[174] /Applications/Marmalade.app/Contents/modules/iwgl/lib/x86/darwin/libiwgl.a(iwglstub_glRotatef.o)
[175] /Applications/Marmalade.app/Contents/modules/iwgl/lib/x86/darwin/libiwgl.a(iwglstub_glRotatex.o)
[176] /Applications/Marmalade.app/Contents/modules/iwgl/lib/x86/darwin/libiwgl.a(iwglstub_glScalef.o)
[177] /Applications/Marmalade.app/Contents/modules/iwgl/lib/x86/darwin/libiwgl.a(iwglstub_glScalex.o)
[178] /Applications/Marmalade.app/Contents/modules/iwgl/lib/x86/darwin/libiwgl.a(iwglstub_glScissor.o)
[179] /Applications/Marmalade.app/Contents/modules/iwgl/lib/x86/darwin/libiwgl.a(iwglstub_glShadeModel.o)
[180] /Applications/Marmalade.app/Contents/modules/iwgl/lib/x86/darwin/libiwgl.a(iwglstub_glShaderBinary.o)
[181] /Applications/Marmalade.app/Contents/modules/iwgl/lib/x86/darwin/libiwgl.a(iwglstub_glShaderSource.o)
[182] /Applications/Marmalade.app/Contents/modules/iwgl/lib/x86/darwin/libiwgl.a(iwglstub_glStencilFunc.o)
[183] /Applications/Marmalade.app/Contents/modules/iwgl/lib/x86/darwin/libiwgl.a(iwglstub_glStencilFuncSeparate.o)
[184] /Applications/Marmalade.app/Contents/modules/iwgl/lib/x86/darwin/libiwgl.a(iwglstub_glStencilMask.o)
[185] /Applications/Marmalade.app/Contents/modules/iwgl/lib/x86/darwin/libiwgl.a(iwglstub_glStencilMaskSeparate.o)
[186] /Applications/Marmalade.app/Contents/modules/iwgl/lib/x86/darwin/libiwgl.a(iwglstub_glStencilOp.o)
[187] /Applications/Marmalade.app/Contents/modules/iwgl/lib/x86/darwin/libiwgl.a(iwglstub_glStencilOpSeparate.o)
[188] /Applications/Marmalade.app/Contents/modules/iwgl/lib/x86/darwin/libiwgl.a(iwglstub_glTexCoordPointer.o)
[189] /Applications/Marmalade.app/Contents/modules/iwgl/lib/x86/darwin/libiwgl.a(iwglstub_glTexEnvf.o)
[190] /Applications/Marmalade.app/Contents/modules/iwgl/lib/x86/darwin/libiwgl.a(iwglstub_glTexEnvfv.o)
[191] /Applications/Marmalade.app/Contents/modules/iwgl/lib/x86/darwin/libiwgl.a(iwglstub_glTexEnvi.o)
[192] /Applications/Marmalade.app/Contents/modules/iwgl/lib/x86/darwin/libiwgl.a(iwglstub_glTexEnvx.o)
[193] /Applications/Marmalade.app/Contents/modules/iwgl/lib/x86/darwin/libiwgl.a(iwglstub_glTexEnvxv.o)
[194] /Applications/Marmalade.app/Contents/modules/iwgl/lib/x86/darwin/libiwgl.a(iwglstub_glTexImage2D.o)
[195] /Applications/Marmalade.app/Contents/modules/iwgl/lib/x86/darwin/libiwgl.a(iwglstub_glTexImage3D.o)
[196] /Applications/Marmalade.app/Contents/modules/iwgl/lib/x86/darwin/libiwgl.a(iwglstub_glTexParameterf.o)
[197] /Applications/Marmalade.app/Contents/modules/iwgl/lib/x86/darwin/libiwgl.a(iwglstub_glTexParameteri.o)
[198] /Applications/Marmalade.app/Contents/modules/iwgl/lib/x86/darwin/libiwgl.a(iwglstub_glTexParameterx.o)
[199] /Applications/Marmalade.app/Contents/modules/iwgl/lib/x86/darwin/libiwgl.a(iwglstub_glTexSubImage2D.o)
[200] /Applications/Marmalade.app/Contents/modules/iwgl/lib/x86/darwin/libiwgl.a(iwglstub_glTranslatef.o)
[201] /Applications/Marmalade.app/Contents/modules/iwgl/lib/x86/darwin/libiwgl.a(iwglstub_glTranslatex.o)
[202] /Applications/Marmalade.app/Contents/modules/iwgl/lib/x86/darwin/libiwgl.a(iwglstub_glUniform1f.o)
[203] /Applications/Marmalade.app/Contents/modules/iwgl/lib/x86/darwin/libiwgl.a(iwglstub_glUniform1fv.o)
[204] /Applications/Marmalade.app/Contents/modules/iwgl/lib/x86/darwin/libiwgl.a(iwglstub_glUniform1i.o)
[205] /Applications/Marmalade.app/Contents/modules/iwgl/lib/x86/darwin/libiwgl.a(iwglstub_glUniform1iv.o)
[206] /Applications/Marmalade.app/Contents/modules/iwgl/lib/x86/darwin/libiwgl.a(iwglstub_glUniform2fv.o)
[207] /Applications/Marmalade.app/Contents/modules/iwgl/lib/x86/darwin/libiwgl.a(iwglstub_glUniform2iv.o)
[208] /Applications/Marmalade.app/Contents/modules/iwgl/lib/x86/darwin/libiwgl.a(iwglstub_glUniform3fv.o)
[209] /Applications/Marmalade.app/Contents/modules/iwgl/lib/x86/darwin/libiwgl.a(iwglstub_glUniform3iv.o)
[210] /Applications/Marmalade.app/Contents/modules/iwgl/lib/x86/darwin/libiwgl.a(iwglstub_glUniform4f.o)
[211] /Applications/Marmalade.app/Contents/modules/iwgl/lib/x86/darwin/libiwgl.a(iwglstub_glUniform4fv.o)
[212] /Applications/Marmalade.app/Contents/modules/iwgl/lib/x86/darwin/libiwgl.a(iwglstub_glUniform4iv.o)
[213] /Applications/Marmalade.app/Contents/modules/iwgl/lib/x86/darwin/libiwgl.a(iwglstub_glUniformMatrix2fv.o)
[214] /Applications/Marmalade.app/Contents/modules/iwgl/lib/x86/darwin/libiwgl.a(iwglstub_glUniformMatrix3fv.o)
[215] /Applications/Marmalade.app/Contents/modules/iwgl/lib/x86/darwin/libiwgl.a(iwglstub_glUniformMatrix4fv.o)
[216] /Applications/Marmalade.app/Contents/modules/iwgl/lib/x86/darwin/libiwgl.a(iwglstub_glUseProgram.o)
[217] /Applications/Marmalade.app/Contents/modules/iwgl/lib/x86/darwin/libiwgl.a(iwglstub_glVertexAttribIPointer.o)
[218] /Applications/Marmalade.app/Contents/modules/iwgl/lib/x86/darwin/libiwgl.a(iwglstub_glVertexAttribPointer.o)
[219] /Applications/Marmalade.app/Contents/modules/iwgl/lib/x86/darwin/libiwgl.a(iwglstub_glVertexPointer.o)
[220] /Applications/Marmalade.app/Contents/modules/iwgl/lib/x86/darwin/libiwgl.a(iwglstub_glViewport.o)
[221] /Applications/Marmalade.app/Contents/modules/iwgl/lib/x86/darwin/libiwgl.a(IwEGLHelper.o)
[222] /Applications/Marmalade.app/Contents/modules/iwgl/lib/x86/darwin/libiwgl.a(IwGL.o)
[223] /Applications/Marmalade.app/Contents/modules/iwgl/lib/x86/darwin/libiwgl.a(IwGLDrawRect.o)
[224] /Applications/Marmalade.app/Contents/modules/iwgl/lib/x86/darwin/libiwgl.a(IwGLEGL.o)
[225] /Applications/Marmalade.app/Contents/modules/iwgl/lib/x86/darwin/libiwgl.a(IwGLExt.o)
[226] /Applications/Marmalade.app/Contents/modules/iwgl/lib/x86/darwin/libiwgl.a(IwGLFBOCache.o)
[227] /Applications/Marmalade.app/Contents/modules/iwgl/lib/x86/darwin/libiwgl.a(IwGLFBOObj.o)
[228] /Applications/Marmalade.app/Contents/modules/iwgl/lib/x86/darwin/libiwgl.a(IwGLFeedbackObj.o)
[229] /Applications/Marmalade.app/Contents/modules/iwgl/lib/x86/darwin/libiwgl.a(IwGLGet.o)
[230] /Applications/Marmalade.app/Contents/modules/iwgl/lib/x86/darwin/libiwgl.a(IwGLQueryObj.o)
[231] /Applications/Marmalade.app/Contents/modules/iwgl/lib/x86/darwin/libiwgl.a(IwGLSamplerObj.o)
[232] /Applications/Marmalade.app/Contents/modules/iwgl/lib/x86/darwin/libiwgl.a(IwGLShaderCache.o)
[233] /Applications/Marmalade.app/Contents/modules/iwgl/lib/x86/darwin/libiwgl.a(IwGLShaderObj.o)
[234] /Applications/Marmalade.app/Contents/modules/iwgl/lib/x86/darwin/libiwgl.a(IwGLStateCache.o)
[235] /Applications/Marmalade.app/Contents/modules/iwgl/lib/x86/darwin/libiwgl.a(IwGLTexCache.o)
[236] /Applications/Marmalade.app/Contents/modules/iwgl/lib/x86/darwin/libiwgl.a(IwGLTexObj.o)
[237] /Applications/Marmalade.app/Contents/modules/iwgl/lib/x86/darwin/libiwgl.a(IwGLVAOObj.o)
[238] /Applications/Marmalade.app/Contents/modules/iwgl/lib/x86/darwin/libiwgl.a(IwGLVBOCache.o)
[239] /Applications/Marmalade.app/Contents/modules/iwgl/lib/x86/darwin/libiwgl.a(IwGLVBOObj.o)
[240] /Applications/Marmalade.app/Contents/modules/iwgl/lib/x86/darwin/libiwgl.a(IwGLVirtualRes.o)
[241] /Applications/Marmalade.app/Contents/modules/iwgl/lib/x86/darwin/libiwgl.a(IwGLWrappers.o)
[242] /Applications/Marmalade.app/Contents/modules/iwutil/lib/x86/darwin/libiwutil.a(IwList.o)
[243] /Applications/Marmalade.app/Contents/modules/iwutil/lib/x86/darwin/libiwutil.a(IwMemManagerDL.o)
[244] /Applications/Marmalade.app/Contents/modules/iwutil/lib/x86/darwin/libiwutil.a(IwColourOctree.o)
[245] /Applications/Marmalade.app/Contents/modules/iwutil/lib/x86/darwin/libiwutil.a(IwFile.o)
[246] /Applications/Marmalade.app/Contents/modules/iwutil/lib/x86/darwin/libiwutil.a(IwHashString.o)
[247] /Applications/Marmalade.app/Contents/modules/iwutil/lib/x86/darwin/libiwutil.a(IwImage.o)
[248] /Applications/Marmalade.app/Contents/modules/iwutil/lib/x86/darwin/libiwutil.a(IwImageATI.o)
[249] /Applications/Marmalade.app/Contents/modules/iwutil/lib/x86/darwin/libiwutil.a(IwImageBMP.o)
[250] /Applications/Marmalade.app/Contents/modules/iwutil/lib/x86/darwin/libiwutil.a(IwImageGIF.o)
[251] /Applications/Marmalade.app/Contents/modules/iwutil/lib/x86/darwin/libiwutil.a(IwImageHelper.o)
[252] /Applications/Marmalade.app/Contents/modules/iwutil/lib/x86/darwin/libiwutil.a(IwImageJPG.o)
[253] /Applications/Marmalade.app/Contents/modules/iwutil/lib/x86/darwin/libiwutil.a(IwImagePNG.o)
[254] /Applications/Marmalade.app/Contents/modules/iwutil/lib/x86/darwin/libiwutil.a(IwImagePVR.o)
[255] /Applications/Marmalade.app/Contents/modules/iwutil/lib/x86/darwin/libiwutil.a(IwImageRAW.o)
[256] /Applications/Marmalade.app/Contents/modules/iwutil/lib/x86/darwin/libiwutil.a(IwImageRP4.o)
[257] /Applications/Marmalade.app/Contents/modules/iwutil/lib/x86/darwin/libiwutil.a(IwImageTGA.o)
[258] /Applications/Marmalade.app/Contents/modules/iwutil/lib/x86/darwin/libiwutil.a(IwManaged.o)
[259] /Applications/Marmalade.app/Contents/modules/iwutil/lib/x86/darwin/libiwutil.a(IwManagedList.o)
[260] /Applications/Marmalade.app/Contents/modules/iwutil/lib/x86/darwin/libiwutil.a(IwMemBucket.o)
[261] /Applications/Marmalade.app/Contents/modules/iwutil/lib/x86/darwin/libiwutil.a(IwMemBucketHelpers.o)
[262] /Applications/Marmalade.app/Contents/modules/iwutil/lib/x86/darwin/libiwutil.a(IwMemory.o)
[263] /Applications/Marmalade.app/Contents/modules/iwutil/lib/x86/darwin/libiwutil.a(IwMenu.o)
[264] /Applications/Marmalade.app/Contents/modules/iwutil/lib/x86/darwin/libiwutil.a(IwResource.o)
[265] /Applications/Marmalade.app/Contents/modules/iwutil/lib/x86/darwin/libiwutil.a(IwRuntime.o)
[266] /Applications/Marmalade.app/Contents/modules/iwutil/lib/x86/darwin/libiwutil.a(IwSerialise.o)
[267] /Applications/Marmalade.app/Contents/modules/iwutil/lib/x86/darwin/libiwutil.a(IwTextParser.o)
[268] /Applications/Marmalade.app/Contents/modules/iwutil/lib/x86/darwin/libiwutil.a(IwTextParserITX.o)
[269] /Applications/Marmalade.app/Contents/modules/iwutil/lib/x86/darwin/libiwutil.a(IwUtil.o)
[270] /Applications/Marmalade.app/Contents/modules/iwutil/lib/x86/darwin/libiwutil.a(neuquant32.o)
[271] /Applications/Marmalade.app/Contents/modules/third_party/libjpeg/lib/x86/darwin/libjpeg.a(jcomapi.o)
[272] /Applications/Marmalade.app/Contents/modules/third_party/libjpeg/lib/x86/darwin/libjpeg.a(jdapimin.o)
[273] /Applications/Marmalade.app/Contents/modules/third_party/libjpeg/lib/x86/darwin/libjpeg.a(jdapistd.o)
[274] /Applications/Marmalade.app/Contents/modules/third_party/libjpeg/lib/x86/darwin/libjpeg.a(jdcoefct.o)
[275] /Applications/Marmalade.app/Contents/modules/third_party/libjpeg/lib/x86/darwin/libjpeg.a(jdcolor.o)
[276] /Applications/Marmalade.app/Contents/modules/third_party/libjpeg/lib/x86/darwin/libjpeg.a(jddctmgr.o)
[277] /Applications/Marmalade.app/Contents/modules/third_party/libjpeg/lib/x86/darwin/libjpeg.a(jdhuff.o)
[278] /Applications/Marmalade.app/Contents/modules/third_party/libjpeg/lib/x86/darwin/libjpeg.a(jdinput.o)
[279] /Applications/Marmalade.app/Contents/modules/third_party/libjpeg/lib/x86/darwin/libjpeg.a(jdmainct.o)
[280] /Applications/Marmalade.app/Contents/modules/third_party/libjpeg/lib/x86/darwin/libjpeg.a(jdmarker.o)
[281] /Applications/Marmalade.app/Contents/modules/third_party/libjpeg/lib/x86/darwin/libjpeg.a(jdmaster.o)
[282] /Applications/Marmalade.app/Contents/modules/third_party/libjpeg/lib/x86/darwin/libjpeg.a(jdmerge.o)
[283] /Applications/Marmalade.app/Contents/modules/third_party/libjpeg/lib/x86/darwin/libjpeg.a(jdphuff.o)
[284] /Applications/Marmalade.app/Contents/modules/third_party/libjpeg/lib/x86/darwin/libjpeg.a(jdpostct.o)
[285] /Applications/Marmalade.app/Contents/modules/third_party/libjpeg/lib/x86/darwin/libjpeg.a(jdsample.o)
[286] /Applications/Marmalade.app/Contents/modules/third_party/libjpeg/lib/x86/darwin/libjpeg.a(jerror.o)
[287] /Applications/Marmalade.app/Contents/modules/third_party/libjpeg/lib/x86/darwin/libjpeg.a(jidctflt.o)
[288] /Applications/Marmalade.app/Contents/modules/third_party/libjpeg/lib/x86/darwin/libjpeg.a(jidctfst.o)
[289] /Applications/Marmalade.app/Contents/modules/third_party/libjpeg/lib/x86/darwin/libjpeg.a(jidctint.o)
[290] /Applications/Marmalade.app/Contents/modules/third_party/libjpeg/lib/x86/darwin/libjpeg.a(jidctred.o)
[291] /Applications/Marmalade.app/Contents/modules/third_party/libjpeg/lib/x86/darwin/libjpeg.a(jmemmgr.o)
[292] /Applications/Marmalade.app/Contents/modules/third_party/libjpeg/lib/x86/darwin/libjpeg.a(jmemnobs.o)
[293] /Applications/Marmalade.app/Contents/modules/third_party/libjpeg/lib/x86/darwin/libjpeg.a(jquant1.o)
[294] /Applications/Marmalade.app/Contents/modules/third_party/libjpeg/lib/x86/darwin/libjpeg.a(jquant2.o)
[295] /Applications/Marmalade.app/Contents/modules/third_party/libjpeg/lib/x86/darwin/libjpeg.a(jutils.o)
[296] /Applications/Marmalade.app/Contents/modules/iwgeom/lib/x86/darwin/libiwgeom.a(IwGeomCore.o)
[297] /Applications/Marmalade.app/Contents/modules/iwgeom/lib/x86/darwin/libiwgeom.a(IwGeomFMat.o)
[298] /Applications/Marmalade.app/Contents/modules/iwgeom/lib/x86/darwin/libiwgeom.a(IwGeomFMat2D.o)
[299] /Applications/Marmalade.app/Contents/modules/iwgeom/lib/x86/darwin/libiwgeom.a(IwGeomFQuat.o)
[300] /Applications/Marmalade.app/Contents/modules/iwgeom/lib/x86/darwin/libiwgeom.a(IwGeomFVec2.o)
[301] /Applications/Marmalade.app/Contents/modules/iwgeom/lib/x86/darwin/libiwgeom.a(IwGeomFVec3.o)
[302] /Applications/Marmalade.app/Contents/modules/iwgeom/lib/x86/darwin/libiwgeom.a(IwGeomFVec4.o)
[303] /Applications/Marmalade.app/Contents/modules/iwgeom/lib/x86/darwin/libiwgeom.a(IwGeomMat.o)
[304] /Applications/Marmalade.app/Contents/modules/iwgeom/lib/x86/darwin/libiwgeom.a(IwGeomMat2D.o)
[305] /Applications/Marmalade.app/Contents/modules/iwgeom/lib/x86/darwin/libiwgeom.a(IwGeomPlane.o)
[306] /Applications/Marmalade.app/Contents/modules/iwgeom/lib/x86/darwin/libiwgeom.a(IwGeomQuat.o)
[307] /Applications/Marmalade.app/Contents/modules/iwgeom/lib/x86/darwin/libiwgeom.a(IwGeomSQuat.o)
[308] /Applications/Marmalade.app/Contents/modules/iwgeom/lib/x86/darwin/libiwgeom.a(IwGeomSVec2.o)
[309] /Applications/Marmalade.app/Contents/modules/iwgeom/lib/x86/darwin/libiwgeom.a(IwGeomSVec3.o)
[310] /Applications/Marmalade.app/Contents/modules/iwgeom/lib/x86/darwin/libiwgeom.a(IwGeomSVec4.o)
[311] /Applications/Marmalade.app/Contents/modules/iwgeom/lib/x86/darwin/libiwgeom.a(IwGeomSqrt.o)
[312] /Applications/Marmalade.app/Contents/modules/iwgeom/lib/x86/darwin/libiwgeom.a(IwGeomVec2.o)
[313] /Applications/Marmalade.app/Contents/modules/iwgeom/lib/x86/darwin/libiwgeom.a(IwGeomVec3.o)
[314] /Applications/Marmalade.app/Contents/modules/iwgeom/lib/x86/darwin/libiwgeom.a(IwGeomVec4.o)
[315] /Applications/Marmalade.app/Contents/modules/iwresmanager/lib/x86/darwin/libiwresmanager.a(IwResGroup.o)
[316] /Applications/Marmalade.app/Contents/modules/iwresmanager/lib/x86/darwin/libiwresmanager.a(IwResManager.o)
[317] /Applications/Marmalade.app/Contents/modules/iwresmanager/lib/x86/darwin/libiwresmanager.a(IwResSerialise.o)
[318] /Applications/Marmalade.app/Contents/modules/iwgxfont/lib/x86/darwin/libiwgxfont.a(IwGxFont.o)
[319] /Applications/Marmalade.app/Contents/modules/iwgxfont/lib/x86/darwin/libiwgxfont.a(IwGxFontCharMap.o)
[320] /Applications/Marmalade.app/Contents/modules/iwgxfont/lib/x86/darwin/libiwgxfont.a(IwGxFontContainer.o)
[321] /Applications/Marmalade.app/Contents/modules/iwgxfont/lib/x86/darwin/libiwgxfont.a(IwGxFontGlyph.o)
[322] /Applications/Marmalade.app/Contents/modules/iwgxfont/lib/x86/darwin/libiwgxfont.a(IwGxFontGlyphCache.o)
[323] /Applications/Marmalade.app/Contents/modules/iwgxfont/lib/x86/darwin/libiwgxfont.a(IwGxFontLoad.o)
[324] /Applications/Marmalade.app/Contents/modules/iwgxfont/lib/x86/darwin/libiwgxfont.a(IwGxFontPreparedData.o)
[325] /Applications/Marmalade.app/Contents/modules/iwgxfont/lib/x86/darwin/libiwgxfont.a(IwGxFontRenderer.o)
[326] /Applications/Marmalade.app/Contents/modules/iwgxfont/lib/x86/darwin/libiwgxfont.a(IwGxFontState.o)
[327] /Applications/Marmalade.app/Contents/modules/iwgxfont/lib/x86/darwin/libiwgxfont.a(IwGxFontTTFont.o)
[328] /Applications/Marmalade.app/Contents/modules/third_party/tiniconv/lib/x86/darwin/libtiniconv.a(tiniconv_desc.o)
[329] /Applications/Marmalade.app/Contents/s3e/lib/x86/darwin/libs3e_cpp.a(codecvt.o)
[330] /Applications/Marmalade.app/Contents/s3e/lib/x86/darwin/libs3e_cpp.a(collate.o)
[331] /Applications/Marmalade.app/Contents/s3e/lib/x86/darwin/libs3e_cpp.a(ctype.o)
[332] /Applications/Marmalade.app/Contents/s3e/lib/x86/darwin/libs3e_cpp.a(dll_main.o)
[333] /Applications/Marmalade.app/Contents/s3e/lib/x86/darwin/libs3e_cpp.a(fstream.o)
[334] /Applications/Marmalade.app/Contents/s3e/lib/x86/darwin/libs3e_cpp.a(ios.o)
[335] /Applications/Marmalade.app/Contents/s3e/lib/x86/darwin/libs3e_cpp.a(iostream.o)
[336] /Applications/Marmalade.app/Contents/s3e/lib/x86/darwin/libs3e_cpp.a(locale_impl.o)
[337] /Applications/Marmalade.app/Contents/s3e/lib/x86/darwin/libs3e_cpp.a(messages.o)
[338] /Applications/Marmalade.app/Contents/s3e/lib/x86/darwin/libs3e_cpp.a(monetary.o)
[339] /Applications/Marmalade.app/Contents/s3e/lib/x86/darwin/libs3e_cpp.a(num_get.o)
[340] /Applications/Marmalade.app/Contents/s3e/lib/x86/darwin/libs3e_cpp.a(num_get_float.o)
[341] /Applications/Marmalade.app/Contents/s3e/lib/x86/darwin/libs3e_cpp.a(num_put.o)
[342] /Applications/Marmalade.app/Contents/s3e/lib/x86/darwin/libs3e_cpp.a(num_put_float.o)
[343] /Applications/Marmalade.app/Contents/s3e/lib/x86/darwin/libs3e_cpp.a(numpunct.o)
[344] /Applications/Marmalade.app/Contents/s3e/lib/x86/darwin/libs3e_cpp.a(stdio_streambuf.o)
[345] /Applications/Marmalade.app/Contents/s3e/lib/x86/darwin/libs3e_cpp.a(time_facets.o)
[346] /Applications/Marmalade.app/Contents/s3e/lib/x86/darwin/libs3e_cpp.a(array_delete.o)
[347] /Applications/Marmalade.app/Contents/s3e/lib/x86/darwin/libs3e_cpp.a(array_new.o)
[348] /Applications/Marmalade.app/Contents/s3e/lib/x86/darwin/libs3e_cpp.a(delete.o)
[349] /Applications/Marmalade.app/Contents/s3e/lib/x86/darwin/libs3e_cpp.a(new.o)
[350] /Applications/Marmalade.app/Contents/s3e/lib/x86/darwin/libs3e.a(iwcrt_common.o)
[351] /Applications/Marmalade.app/Contents/s3e/lib/x86/darwin/libs3e.a(iwmain.o)
[352] /Applications/Marmalade.app/Contents/s3e/lib/x86/darwin/libs3e.a(malloc.o)
[353] /Applications/Marmalade.app/Contents/s3e/lib/x86/darwin/libs3e.a(pthread_cleanup.o)
[354] /Applications/Marmalade.app/Contents/s3e/lib/x86/darwin/libs3e.a(pthread_mutex.o)
[355] /Applications/Marmalade.app/Contents/s3e/lib/x86/darwin/libs3e.a(pthread_tls.o)
[356] /Applications/Marmalade.app/Contents/s3e/lib/x86/darwin/libs3e.a(pthreads.o)
[357] /Applications/Marmalade.app/Contents/s3e/lib/x86/darwin/libs3e.a(signal.o)
[358] /Applications/Marmalade.app/Contents/s3e/lib/x86/darwin/libs3e.a(sockets.o)
[359] /Applications/Marmalade.app/Contents/s3e/lib/x86/darwin/libs3e.a(stdlib.o)
[360] /Applications/Marmalade.app/Contents/s3e/lib/x86/darwin/libs3e.a(stdout.o)
[361] /Applications/Marmalade.app/Contents/s3e/lib/x86/darwin/libs3e.a(string.o)
[362] /Applications/Marmalade.app/Contents/s3e/lib/x86/darwin/libs3e.a(s3eMalloc_eapi.o)
[363] /Applications/Marmalade.app/Contents/s3e/lib/x86/darwin/libs3e.a(s3eMemory_eapi.o)
[364] /Applications/Marmalade.app/Contents/s3e/lib/x86/darwin/libs3e.a(IwAllocator.o)
[365] /Applications/Marmalade.app/Contents/s3e/lib/x86/darwin/libs3e.a(IwDebug.o)
[366] /Applications/Marmalade.app/Contents/s3e/lib/x86/darwin/libs3e.a(IwPath.o)
[367] /Applications/Marmalade.app/Contents/s3e/lib/x86/darwin/libs3e.a(s3eOSExec_interface.o)
[368] /Applications/Marmalade.app/Contents/s3e/lib/x86/darwin/libs3e.a(s3eThread_interface.o)
[369] /Applications/Marmalade.app/Contents/s3e/lib/x86/darwin/libs3e.a(iwcrt_gcc_init.o)
[370] /Applications/Marmalade.app/Contents/s3e/lib/x86/darwin/libs3e.a(newlib_impl.o)
[371] /Applications/Marmalade.app/Contents/s3e/lib/x86/darwin/libs3e.a(iwcrt_api_bind.o)
[372] /Applications/Marmalade.app/Contents/s3e/lib/x86/darwin/libs3e.a(iwcrt_gcc_x86.o)
[373] /Applications/Marmalade.app/Contents/s3e/lib/x86/darwin/libs3e.a(iwcrt_osx.o)
[374] /Applications/Marmalade.app/Contents/s3e/lib/x86/darwin/libs3e_api_iwgl.a(__eglGetProcAddress.o)
[375] /Applications/Marmalade.app/Contents/s3e/lib/x86/darwin/libs3e_api_iwgl.a(__glActiveTexture.o)
[376] /Applications/Marmalade.app/Contents/s3e/lib/x86/darwin/libs3e_api_iwgl.a(__glAlphaFunc.o)
[377] /Applications/Marmalade.app/Contents/s3e/lib/x86/darwin/libs3e_api_iwgl.a(__glAlphaFuncx.o)
[378] /Applications/Marmalade.app/Contents/s3e/lib/x86/darwin/libs3e_api_iwgl.a(__glAttachShader.o)
[379] /Applications/Marmalade.app/Contents/s3e/lib/x86/darwin/libs3e_api_iwgl.a(__glBindAttribLocation.o)
[380] /Applications/Marmalade.app/Contents/s3e/lib/x86/darwin/libs3e_api_iwgl.a(__glBindBuffer.o)
[381] /Applications/Marmalade.app/Contents/s3e/lib/x86/darwin/libs3e_api_iwgl.a(__glBindBufferBase.o)
[382] /Applications/Marmalade.app/Contents/s3e/lib/x86/darwin/libs3e_api_iwgl.a(__glBindBufferRange.o)
[383] /Applications/Marmalade.app/Contents/s3e/lib/x86/darwin/libs3e_api_iwgl.a(__glBindFramebuffer.o)
[384] /Applications/Marmalade.app/Contents/s3e/lib/x86/darwin/libs3e_api_iwgl.a(__glBindRenderbuffer.o)
[385] /Applications/Marmalade.app/Contents/s3e/lib/x86/darwin/libs3e_api_iwgl.a(__glBindSampler.o)
[386] /Applications/Marmalade.app/Contents/s3e/lib/x86/darwin/libs3e_api_iwgl.a(__glBindTexture.o)
[387] /Applications/Marmalade.app/Contents/s3e/lib/x86/darwin/libs3e_api_iwgl.a(__glBindTransformFeedback.o)
[388] /Applications/Marmalade.app/Contents/s3e/lib/x86/darwin/libs3e_api_iwgl.a(__glBindVertexArray.o)
[389] /Applications/Marmalade.app/Contents/s3e/lib/x86/darwin/libs3e_api_iwgl.a(__glBlendColor.o)
[390] /Applications/Marmalade.app/Contents/s3e/lib/x86/darwin/libs3e_api_iwgl.a(__glBlendEquationSeparate.o)
[391] /Applications/Marmalade.app/Contents/s3e/lib/x86/darwin/libs3e_api_iwgl.a(__glBlendFunc.o)
[392] /Applications/Marmalade.app/Contents/s3e/lib/x86/darwin/libs3e_api_iwgl.a(__glBlendFuncSeparate.o)
[393] /Applications/Marmalade.app/Contents/s3e/lib/x86/darwin/libs3e_api_iwgl.a(__glBufferData.o)
[394] /Applications/Marmalade.app/Contents/s3e/lib/x86/darwin/libs3e_api_iwgl.a(__glCheckFramebufferStatus.o)
[395] /Applications/Marmalade.app/Contents/s3e/lib/x86/darwin/libs3e_api_iwgl.a(__glClear.o)
[396] /Applications/Marmalade.app/Contents/s3e/lib/x86/darwin/libs3e_api_iwgl.a(__glClearColor.o)
[397] /Applications/Marmalade.app/Contents/s3e/lib/x86/darwin/libs3e_api_iwgl.a(__glClearColorx.o)
[398] /Applications/Marmalade.app/Contents/s3e/lib/x86/darwin/libs3e_api_iwgl.a(__glClearDepthf.o)
[399] /Applications/Marmalade.app/Contents/s3e/lib/x86/darwin/libs3e_api_iwgl.a(__glClearDepthx.o)
[400] /Applications/Marmalade.app/Contents/s3e/lib/x86/darwin/libs3e_api_iwgl.a(__glClearStencil.o)
[401] /Applications/Marmalade.app/Contents/s3e/lib/x86/darwin/libs3e_api_iwgl.a(__glClientActiveTexture.o)
[402] /Applications/Marmalade.app/Contents/s3e/lib/x86/darwin/libs3e_api_iwgl.a(__glClipPlanef.o)
[403] /Applications/Marmalade.app/Contents/s3e/lib/x86/darwin/libs3e_api_iwgl.a(__glClipPlanex.o)
[404] /Applications/Marmalade.app/Contents/s3e/lib/x86/darwin/libs3e_api_iwgl.a(__glColor4f.o)
[405] /Applications/Marmalade.app/Contents/s3e/lib/x86/darwin/libs3e_api_iwgl.a(__glColor4x.o)
[406] /Applications/Marmalade.app/Contents/s3e/lib/x86/darwin/libs3e_api_iwgl.a(__glColorMask.o)
[407] /Applications/Marmalade.app/Contents/s3e/lib/x86/darwin/libs3e_api_iwgl.a(__glColorPointer.o)
[408] /Applications/Marmalade.app/Contents/s3e/lib/x86/darwin/libs3e_api_iwgl.a(__glCompileShader.o)
[409] /Applications/Marmalade.app/Contents/s3e/lib/x86/darwin/libs3e_api_iwgl.a(__glCompressedTexImage2D.o)
[410] /Applications/Marmalade.app/Contents/s3e/lib/x86/darwin/libs3e_api_iwgl.a(__glCompressedTexImage3D.o)
[411] /Applications/Marmalade.app/Contents/s3e/lib/x86/darwin/libs3e_api_iwgl.a(__glCreateProgram.o)
[412] /Applications/Marmalade.app/Contents/s3e/lib/x86/darwin/libs3e_api_iwgl.a(__glCreateShader.o)
[413] /Applications/Marmalade.app/Contents/s3e/lib/x86/darwin/libs3e_api_iwgl.a(__glCullFace.o)
[414] /Applications/Marmalade.app/Contents/s3e/lib/x86/darwin/libs3e_api_iwgl.a(__glDeleteBuffers.o)
[415] /Applications/Marmalade.app/Contents/s3e/lib/x86/darwin/libs3e_api_iwgl.a(__glDeleteFramebuffers.o)
[416] /Applications/Marmalade.app/Contents/s3e/lib/x86/darwin/libs3e_api_iwgl.a(__glDeleteProgram.o)
[417] /Applications/Marmalade.app/Contents/s3e/lib/x86/darwin/libs3e_api_iwgl.a(__glDeleteRenderbuffers.o)
[418] /Applications/Marmalade.app/Contents/s3e/lib/x86/darwin/libs3e_api_iwgl.a(__glDeleteSamplers.o)
[419] /Applications/Marmalade.app/Contents/s3e/lib/x86/darwin/libs3e_api_iwgl.a(__glDeleteShader.o)
[420] /Applications/Marmalade.app/Contents/s3e/lib/x86/darwin/libs3e_api_iwgl.a(__glDeleteTextures.o)
[421] /Applications/Marmalade.app/Contents/s3e/lib/x86/darwin/libs3e_api_iwgl.a(__glDeleteVertexArrays.o)
[422] /Applications/Marmalade.app/Contents/s3e/lib/x86/darwin/libs3e_api_iwgl.a(__glDepthFunc.o)
[423] /Applications/Marmalade.app/Contents/s3e/lib/x86/darwin/libs3e_api_iwgl.a(__glDepthMask.o)
[424] /Applications/Marmalade.app/Contents/s3e/lib/x86/darwin/libs3e_api_iwgl.a(__glDepthRangef.o)
[425] /Applications/Marmalade.app/Contents/s3e/lib/x86/darwin/libs3e_api_iwgl.a(__glDepthRangex.o)
[426] /Applications/Marmalade.app/Contents/s3e/lib/x86/darwin/libs3e_api_iwgl.a(__glDetachShader.o)
[427] /Applications/Marmalade.app/Contents/s3e/lib/x86/darwin/libs3e_api_iwgl.a(__glDisable.o)
[428] /Applications/Marmalade.app/Contents/s3e/lib/x86/darwin/libs3e_api_iwgl.a(__glDisableClientState.o)
[429] /Applications/Marmalade.app/Contents/s3e/lib/x86/darwin/libs3e_api_iwgl.a(__glDisableVertexAttribArray.o)
[430] /Applications/Marmalade.app/Contents/s3e/lib/x86/darwin/libs3e_api_iwgl.a(__glDrawArrays.o)
[431] /Applications/Marmalade.app/Contents/s3e/lib/x86/darwin/libs3e_api_iwgl.a(__glDrawBuffers.o)
[432] /Applications/Marmalade.app/Contents/s3e/lib/x86/darwin/libs3e_api_iwgl.a(__glDrawElements.o)
[433] /Applications/Marmalade.app/Contents/s3e/lib/x86/darwin/libs3e_api_iwgl.a(__glEnable.o)
[434] /Applications/Marmalade.app/Contents/s3e/lib/x86/darwin/libs3e_api_iwgl.a(__glEnableClientState.o)
[435] /Applications/Marmalade.app/Contents/s3e/lib/x86/darwin/libs3e_api_iwgl.a(__glEnableVertexAttribArray.o)
[436] /Applications/Marmalade.app/Contents/s3e/lib/x86/darwin/libs3e_api_iwgl.a(__glFinish.o)
[437] /Applications/Marmalade.app/Contents/s3e/lib/x86/darwin/libs3e_api_iwgl.a(__glFogf.o)
[438] /Applications/Marmalade.app/Contents/s3e/lib/x86/darwin/libs3e_api_iwgl.a(__glFogfv.o)
[439] /Applications/Marmalade.app/Contents/s3e/lib/x86/darwin/libs3e_api_iwgl.a(__glFogx.o)
[440] /Applications/Marmalade.app/Contents/s3e/lib/x86/darwin/libs3e_api_iwgl.a(__glFogxv.o)
[441] /Applications/Marmalade.app/Contents/s3e/lib/x86/darwin/libs3e_api_iwgl.a(__glFramebufferRenderbuffer.o)
[442] /Applications/Marmalade.app/Contents/s3e/lib/x86/darwin/libs3e_api_iwgl.a(__glFramebufferTexture2D.o)
[443] /Applications/Marmalade.app/Contents/s3e/lib/x86/darwin/libs3e_api_iwgl.a(__glFramebufferTextureLayer.o)
[444] /Applications/Marmalade.app/Contents/s3e/lib/x86/darwin/libs3e_api_iwgl.a(__glFrontFace.o)
[445] /Applications/Marmalade.app/Contents/s3e/lib/x86/darwin/libs3e_api_iwgl.a(__glFrustumf.o)
[446] /Applications/Marmalade.app/Contents/s3e/lib/x86/darwin/libs3e_api_iwgl.a(__glGenBuffers.o)
[447] /Applications/Marmalade.app/Contents/s3e/lib/x86/darwin/libs3e_api_iwgl.a(__glGenFramebuffers.o)
[448] /Applications/Marmalade.app/Contents/s3e/lib/x86/darwin/libs3e_api_iwgl.a(__glGenRenderbuffers.o)
[449] /Applications/Marmalade.app/Contents/s3e/lib/x86/darwin/libs3e_api_iwgl.a(__glGenTextures.o)
[450] /Applications/Marmalade.app/Contents/s3e/lib/x86/darwin/libs3e_api_iwgl.a(__glGenerateMipmap.o)
[451] /Applications/Marmalade.app/Contents/s3e/lib/x86/darwin/libs3e_api_iwgl.a(__glGetActiveUniform.o)
[452] /Applications/Marmalade.app/Contents/s3e/lib/x86/darwin/libs3e_api_iwgl.a(__glGetAttribLocation.o)
[453] /Applications/Marmalade.app/Contents/s3e/lib/x86/darwin/libs3e_api_iwgl.a(__glGetBooleanv.o)
[454] /Applications/Marmalade.app/Contents/s3e/lib/x86/darwin/libs3e_api_iwgl.a(__glGetError.o)
[455] /Applications/Marmalade.app/Contents/s3e/lib/x86/darwin/libs3e_api_iwgl.a(__glGetFloatv.o)
[456] /Applications/Marmalade.app/Contents/s3e/lib/x86/darwin/libs3e_api_iwgl.a(__glGetFramebufferAttachmentParameteriv.o)
[457] /Applications/Marmalade.app/Contents/s3e/lib/x86/darwin/libs3e_api_iwgl.a(__glGetIntegerv.o)
[458] /Applications/Marmalade.app/Contents/s3e/lib/x86/darwin/libs3e_api_iwgl.a(__glGetProgramInfoLog.o)
[459] /Applications/Marmalade.app/Contents/s3e/lib/x86/darwin/libs3e_api_iwgl.a(__glGetProgramiv.o)
[460] /Applications/Marmalade.app/Contents/s3e/lib/x86/darwin/libs3e_api_iwgl.a(__glGetRenderbufferParameteriv.o)
[461] /Applications/Marmalade.app/Contents/s3e/lib/x86/darwin/libs3e_api_iwgl.a(__glGetShaderInfoLog.o)
[462] /Applications/Marmalade.app/Contents/s3e/lib/x86/darwin/libs3e_api_iwgl.a(__glGetShaderiv.o)
[463] /Applications/Marmalade.app/Contents/s3e/lib/x86/darwin/libs3e_api_iwgl.a(__glGetString.o)
[464] /Applications/Marmalade.app/Contents/s3e/lib/x86/darwin/libs3e_api_iwgl.a(__glGetUniformLocation.o)
[465] /Applications/Marmalade.app/Contents/s3e/lib/x86/darwin/libs3e_api_iwgl.a(__glHint.o)
[466] /Applications/Marmalade.app/Contents/s3e/lib/x86/darwin/libs3e_api_iwgl.a(__glIsFramebuffer.o)
[467] /Applications/Marmalade.app/Contents/s3e/lib/x86/darwin/libs3e_api_iwgl.a(__glIsRenderbuffer.o)
[468] /Applications/Marmalade.app/Contents/s3e/lib/x86/darwin/libs3e_api_iwgl.a(__glLightModelf.o)
[469] /Applications/Marmalade.app/Contents/s3e/lib/x86/darwin/libs3e_api_iwgl.a(__glLightModelfv.o)
[470] /Applications/Marmalade.app/Contents/s3e/lib/x86/darwin/libs3e_api_iwgl.a(__glLightModelx.o)
[471] /Applications/Marmalade.app/Contents/s3e/lib/x86/darwin/libs3e_api_iwgl.a(__glLightModelxv.o)
[472] /Applications/Marmalade.app/Contents/s3e/lib/x86/darwin/libs3e_api_iwgl.a(__glLightf.o)
[473] /Applications/Marmalade.app/Contents/s3e/lib/x86/darwin/libs3e_api_iwgl.a(__glLightfv.o)
[474] /Applications/Marmalade.app/Contents/s3e/lib/x86/darwin/libs3e_api_iwgl.a(__glLightx.o)
[475] /Applications/Marmalade.app/Contents/s3e/lib/x86/darwin/libs3e_api_iwgl.a(__glLightxv.o)
[476] /Applications/Marmalade.app/Contents/s3e/lib/x86/darwin/libs3e_api_iwgl.a(__glLineWidth.o)
[477] /Applications/Marmalade.app/Contents/s3e/lib/x86/darwin/libs3e_api_iwgl.a(__glLineWidthx.o)
[478] /Applications/Marmalade.app/Contents/s3e/lib/x86/darwin/libs3e_api_iwgl.a(__glLinkProgram.o)
[479] /Applications/Marmalade.app/Contents/s3e/lib/x86/darwin/libs3e_api_iwgl.a(__glLoadIdentity.o)
[480] /Applications/Marmalade.app/Contents/s3e/lib/x86/darwin/libs3e_api_iwgl.a(__glLoadMatrixf.o)
[481] /Applications/Marmalade.app/Contents/s3e/lib/x86/darwin/libs3e_api_iwgl.a(__glLoadMatrixx.o)
[482] /Applications/Marmalade.app/Contents/s3e/lib/x86/darwin/libs3e_api_iwgl.a(__glLogicOp.o)
[483] /Applications/Marmalade.app/Contents/s3e/lib/x86/darwin/libs3e_api_iwgl.a(__glMaterialf.o)
[484] /Applications/Marmalade.app/Contents/s3e/lib/x86/darwin/libs3e_api_iwgl.a(__glMaterialfv.o)
[485] /Applications/Marmalade.app/Contents/s3e/lib/x86/darwin/libs3e_api_iwgl.a(__glMaterialx.o)
[486] /Applications/Marmalade.app/Contents/s3e/lib/x86/darwin/libs3e_api_iwgl.a(__glMaterialxv.o)
[487] /Applications/Marmalade.app/Contents/s3e/lib/x86/darwin/libs3e_api_iwgl.a(__glMatrixMode.o)
[488] /Applications/Marmalade.app/Contents/s3e/lib/x86/darwin/libs3e_api_iwgl.a(__glMultMatrixf.o)
[489] /Applications/Marmalade.app/Contents/s3e/lib/x86/darwin/libs3e_api_iwgl.a(__glMultMatrixx.o)
[490] /Applications/Marmalade.app/Contents/s3e/lib/x86/darwin/libs3e_api_iwgl.a(__glMultiTexCoord4f.o)
[491] /Applications/Marmalade.app/Contents/s3e/lib/x86/darwin/libs3e_api_iwgl.a(__glMultiTexCoord4x.o)
[492] /Applications/Marmalade.app/Contents/s3e/lib/x86/darwin/libs3e_api_iwgl.a(__glNormal3f.o)
[493] /Applications/Marmalade.app/Contents/s3e/lib/x86/darwin/libs3e_api_iwgl.a(__glNormal3x.o)
[494] /Applications/Marmalade.app/Contents/s3e/lib/x86/darwin/libs3e_api_iwgl.a(__glNormalPointer.o)
[495] /Applications/Marmalade.app/Contents/s3e/lib/x86/darwin/libs3e_api_iwgl.a(__glOrthof.o)
[496] /Applications/Marmalade.app/Contents/s3e/lib/x86/darwin/libs3e_api_iwgl.a(__glOrthox.o)
[497] /Applications/Marmalade.app/Contents/s3e/lib/x86/darwin/libs3e_api_iwgl.a(__glPixelStorei.o)
[498] /Applications/Marmalade.app/Contents/s3e/lib/x86/darwin/libs3e_api_iwgl.a(__glPolygonOffset.o)
[499] /Applications/Marmalade.app/Contents/s3e/lib/x86/darwin/libs3e_api_iwgl.a(__glPolygonOffsetx.o)
[500] /Applications/Marmalade.app/Contents/s3e/lib/x86/darwin/libs3e_api_iwgl.a(__glReadBuffer.o)
[501] /Applications/Marmalade.app/Contents/s3e/lib/x86/darwin/libs3e_api_iwgl.a(__glReadPixels.o)
[502] /Applications/Marmalade.app/Contents/s3e/lib/x86/darwin/libs3e_api_iwgl.a(__glRenderbufferStorage.o)
[503] /Applications/Marmalade.app/Contents/s3e/lib/x86/darwin/libs3e_api_iwgl.a(__glRenderbufferStorageMultisample.o)
[504] /Applications/Marmalade.app/Contents/s3e/lib/x86/darwin/libs3e_api_iwgl.a(__glRotatef.o)
[505] /Applications/Marmalade.app/Contents/s3e/lib/x86/darwin/libs3e_api_iwgl.a(__glRotatex.o)
[506] /Applications/Marmalade.app/Contents/s3e/lib/x86/darwin/libs3e_api_iwgl.a(__glSamplerParameterf.o)
[507] /Applications/Marmalade.app/Contents/s3e/lib/x86/darwin/libs3e_api_iwgl.a(__glSamplerParameteri.o)
[508] /Applications/Marmalade.app/Contents/s3e/lib/x86/darwin/libs3e_api_iwgl.a(__glScalef.o)
[509] /Applications/Marmalade.app/Contents/s3e/lib/x86/darwin/libs3e_api_iwgl.a(__glScalex.o)
[510] /Applications/Marmalade.app/Contents/s3e/lib/x86/darwin/libs3e_api_iwgl.a(__glScissor.o)
[511] /Applications/Marmalade.app/Contents/s3e/lib/x86/darwin/libs3e_api_iwgl.a(__glShadeModel.o)
[512] /Applications/Marmalade.app/Contents/s3e/lib/x86/darwin/libs3e_api_iwgl.a(__glShaderBinary.o)
[513] /Applications/Marmalade.app/Contents/s3e/lib/x86/darwin/libs3e_api_iwgl.a(__glShaderSource.o)
[514] /Applications/Marmalade.app/Contents/s3e/lib/x86/darwin/libs3e_api_iwgl.a(__glStencilFunc.o)
[515] /Applications/Marmalade.app/Contents/s3e/lib/x86/darwin/libs3e_api_iwgl.a(__glStencilFuncSeparate.o)
[516] /Applications/Marmalade.app/Contents/s3e/lib/x86/darwin/libs3e_api_iwgl.a(__glStencilMask.o)
[517] /Applications/Marmalade.app/Contents/s3e/lib/x86/darwin/libs3e_api_iwgl.a(__glStencilMaskSeparate.o)
[518] /Applications/Marmalade.app/Contents/s3e/lib/x86/darwin/libs3e_api_iwgl.a(__glStencilOp.o)
[519] /Applications/Marmalade.app/Contents/s3e/lib/x86/darwin/libs3e_api_iwgl.a(__glStencilOpSeparate.o)
[520] /Applications/Marmalade.app/Contents/s3e/lib/x86/darwin/libs3e_api_iwgl.a(__glTexCoordPointer.o)
[521] /Applications/Marmalade.app/Contents/s3e/lib/x86/darwin/libs3e_api_iwgl.a(__glTexEnvf.o)
[522] /Applications/Marmalade.app/Contents/s3e/lib/x86/darwin/libs3e_api_iwgl.a(__glTexEnvfv.o)
[523] /Applications/Marmalade.app/Contents/s3e/lib/x86/darwin/libs3e_api_iwgl.a(__glTexEnvi.o)
[524] /Applications/Marmalade.app/Contents/s3e/lib/x86/darwin/libs3e_api_iwgl.a(__glTexEnvx.o)
[525] /Applications/Marmalade.app/Contents/s3e/lib/x86/darwin/libs3e_api_iwgl.a(__glTexEnvxv.o)
[526] /Applications/Marmalade.app/Contents/s3e/lib/x86/darwin/libs3e_api_iwgl.a(__glTexImage2D.o)
[527] /Applications/Marmalade.app/Contents/s3e/lib/x86/darwin/libs3e_api_iwgl.a(__glTexImage3D.o)
[528] /Applications/Marmalade.app/Contents/s3e/lib/x86/darwin/libs3e_api_iwgl.a(__glTexParameterf.o)
[529] /Applications/Marmalade.app/Contents/s3e/lib/x86/darwin/libs3e_api_iwgl.a(__glTexParameteri.o)
[530] /Applications/Marmalade.app/Contents/s3e/lib/x86/darwin/libs3e_api_iwgl.a(__glTexParameterx.o)
[531] /Applications/Marmalade.app/Contents/s3e/lib/x86/darwin/libs3e_api_iwgl.a(__glTexSubImage2D.o)
[532] /Applications/Marmalade.app/Contents/s3e/lib/x86/darwin/libs3e_api_iwgl.a(__glTransformFeedbackVaryings.o)
[533] /Applications/Marmalade.app/Contents/s3e/lib/x86/darwin/libs3e_api_iwgl.a(__glTranslatef.o)
[534] /Applications/Marmalade.app/Contents/s3e/lib/x86/darwin/libs3e_api_iwgl.a(__glTranslatex.o)
[535] /Applications/Marmalade.app/Contents/s3e/lib/x86/darwin/libs3e_api_iwgl.a(__glUniform1f.o)
[536] /Applications/Marmalade.app/Contents/s3e/lib/x86/darwin/libs3e_api_iwgl.a(__glUniform1fv.o)
[537] /Applications/Marmalade.app/Contents/s3e/lib/x86/darwin/libs3e_api_iwgl.a(__glUniform1i.o)
[538] /Applications/Marmalade.app/Contents/s3e/lib/x86/darwin/libs3e_api_iwgl.a(__glUniform1iv.o)
[539] /Applications/Marmalade.app/Contents/s3e/lib/x86/darwin/libs3e_api_iwgl.a(__glUniform1uiv.o)
[540] /Applications/Marmalade.app/Contents/s3e/lib/x86/darwin/libs3e_api_iwgl.a(__glUniform2fv.o)
[541] /Applications/Marmalade.app/Contents/s3e/lib/x86/darwin/libs3e_api_iwgl.a(__glUniform2iv.o)
[542] /Applications/Marmalade.app/Contents/s3e/lib/x86/darwin/libs3e_api_iwgl.a(__glUniform2uiv.o)
[543] /Applications/Marmalade.app/Contents/s3e/lib/x86/darwin/libs3e_api_iwgl.a(__glUniform3fv.o)
[544] /Applications/Marmalade.app/Contents/s3e/lib/x86/darwin/libs3e_api_iwgl.a(__glUniform3iv.o)
[545] /Applications/Marmalade.app/Contents/s3e/lib/x86/darwin/libs3e_api_iwgl.a(__glUniform3uiv.o)
[546] /Applications/Marmalade.app/Contents/s3e/lib/x86/darwin/libs3e_api_iwgl.a(__glUniform4f.o)
[547] /Applications/Marmalade.app/Contents/s3e/lib/x86/darwin/libs3e_api_iwgl.a(__glUniform4fv.o)
[548] /Applications/Marmalade.app/Contents/s3e/lib/x86/darwin/libs3e_api_iwgl.a(__glUniform4iv.o)
[549] /Applications/Marmalade.app/Contents/s3e/lib/x86/darwin/libs3e_api_iwgl.a(__glUniform4uiv.o)
[550] /Applications/Marmalade.app/Contents/s3e/lib/x86/darwin/libs3e_api_iwgl.a(__glUniformMatrix2fv.o)
[551] /Applications/Marmalade.app/Contents/s3e/lib/x86/darwin/libs3e_api_iwgl.a(__glUniformMatrix2x3fv.o)
[552] /Applications/Marmalade.app/Contents/s3e/lib/x86/darwin/libs3e_api_iwgl.a(__glUniformMatrix2x4fv.o)
[553] /Applications/Marmalade.app/Contents/s3e/lib/x86/darwin/libs3e_api_iwgl.a(__glUniformMatrix3fv.o)
[554] /Applications/Marmalade.app/Contents/s3e/lib/x86/darwin/libs3e_api_iwgl.a(__glUniformMatrix3x2fv.o)
[555] /Applications/Marmalade.app/Contents/s3e/lib/x86/darwin/libs3e_api_iwgl.a(__glUniformMatrix3x4fv.o)
[556] /Applications/Marmalade.app/Contents/s3e/lib/x86/darwin/libs3e_api_iwgl.a(__glUniformMatrix4fv.o)
[557] /Applications/Marmalade.app/Contents/s3e/lib/x86/darwin/libs3e_api_iwgl.a(__glUniformMatrix4x2fv.o)
[558] /Applications/Marmalade.app/Contents/s3e/lib/x86/darwin/libs3e_api_iwgl.a(__glUniformMatrix4x3fv.o)
[559] /Applications/Marmalade.app/Contents/s3e/lib/x86/darwin/libs3e_api_iwgl.a(__glUseProgram.o)
[560] /Applications/Marmalade.app/Contents/s3e/lib/x86/darwin/libs3e_api_iwgl.a(__glVertexAttribDivisor.o)
[561] /Applications/Marmalade.app/Contents/s3e/lib/x86/darwin/libs3e_api_iwgl.a(__glVertexAttribIPointer.o)
[562] /Applications/Marmalade.app/Contents/s3e/lib/x86/darwin/libs3e_api_iwgl.a(__glVertexAttribPointer.o)
[563] /Applications/Marmalade.app/Contents/s3e/lib/x86/darwin/libs3e_api_iwgl.a(__glVertexPointer.o)
[564] /Applications/Marmalade.app/Contents/s3e/lib/x86/darwin/libs3e_api_iwgl.a(__glViewport.o)
[565] /Applications/Marmalade.app/Contents/s3e/lib/x86/darwin/libs3e_api_iwgl.a(__s3eFreeBase.o)
[566] /Applications/Marmalade.app/Contents/s3e/lib/x86/darwin/libs3e_api_iwgl.a(__s3eMallocBase.o)
[567] /Applications/Marmalade.app/Contents/s3e/lib/x86/darwin/libs3e_api_iwgl.a(__s3eMemorySetUserMemMgr.o)
[568] /Applications/Marmalade.app/Contents/s3e/lib/x86/darwin/libs3e_api_iwgl.a(__s3eReallocBase.o)
[569] /Applications/Marmalade.app/Contents/s3e/lib/x86/darwin/libs3e_api_iwgl.a(eglBindAPI.o)
[570] /Applications/Marmalade.app/Contents/s3e/lib/x86/darwin/libs3e_api_iwgl.a(eglCreateContext.o)
[571] /Applications/Marmalade.app/Contents/s3e/lib/x86/darwin/libs3e_api_iwgl.a(eglCreateWindowSurface.o)
[572] /Applications/Marmalade.app/Contents/s3e/lib/x86/darwin/libs3e_api_iwgl.a(eglDestroyContext.o)
[573] /Applications/Marmalade.app/Contents/s3e/lib/x86/darwin/libs3e_api_iwgl.a(eglDestroySurface.o)
[574] /Applications/Marmalade.app/Contents/s3e/lib/x86/darwin/libs3e_api_iwgl.a(eglGetConfigAttrib.o)
[575] /Applications/Marmalade.app/Contents/s3e/lib/x86/darwin/libs3e_api_iwgl.a(eglGetConfigs.o)
[576] /Applications/Marmalade.app/Contents/s3e/lib/x86/darwin/libs3e_api_iwgl.a(eglGetCurrentContext.o)
[577] /Applications/Marmalade.app/Contents/s3e/lib/x86/darwin/libs3e_api_iwgl.a(eglGetCurrentDisplay.o)
[578] /Applications/Marmalade.app/Contents/s3e/lib/x86/darwin/libs3e_api_iwgl.a(eglGetCurrentSurface.o)
[579] /Applications/Marmalade.app/Contents/s3e/lib/x86/darwin/libs3e_api_iwgl.a(eglGetDisplay.o)
[580] /Applications/Marmalade.app/Contents/s3e/lib/x86/darwin/libs3e_api_iwgl.a(eglGetError.o)
[581] /Applications/Marmalade.app/Contents/s3e/lib/x86/darwin/libs3e_api_iwgl.a(eglInitialize.o)
[582] /Applications/Marmalade.app/Contents/s3e/lib/x86/darwin/libs3e_api_iwgl.a(eglMakeCurrent.o)
[583] /Applications/Marmalade.app/Contents/s3e/lib/x86/darwin/libs3e_api_iwgl.a(eglQueryContext.o)
[584] /Applications/Marmalade.app/Contents/s3e/lib/x86/darwin/libs3e_api_iwgl.a(eglQueryString.o)
[585] /Applications/Marmalade.app/Contents/s3e/lib/x86/darwin/libs3e_api_iwgl.a(eglSwapBuffers.o)
[586] /Applications/Marmalade.app/Contents/s3e/lib/x86/darwin/libs3e_api_iwgl.a(eglTerminate.o)
[587] /Applications/Marmalade.app/Contents/s3e/lib/x86/darwin/libs3e_api_iwgl.a(s3eCompressionDecomp.o)
[588] /Applications/Marmalade.app/Contents/s3e/lib/x86/darwin/libs3e_api_iwgl.a(s3eConfigGetInt.o)
[589] /Applications/Marmalade.app/Contents/s3e/lib/x86/darwin/libs3e_api_iwgl.a(s3eConfigGetString.o)
[590] /Applications/Marmalade.app/Contents/s3e/lib/x86/darwin/libs3e_api_iwgl.a(s3eDebugAssertShow.o)
[591] /Applications/Marmalade.app/Contents/s3e/lib/x86/darwin/libs3e_api_iwgl.a(s3eDebugErrorShow.o)
[592] /Applications/Marmalade.app/Contents/s3e/lib/x86/darwin/libs3e_api_iwgl.a(s3eDebugGetInt.o)
[593] /Applications/Marmalade.app/Contents/s3e/lib/x86/darwin/libs3e_api_iwgl.a(s3eDebugIsDebuggerPresent.o)
[594] /Applications/Marmalade.app/Contents/s3e/lib/x86/darwin/libs3e_api_iwgl.a(s3eDebugOutputString.o)
[595] /Applications/Marmalade.app/Contents/s3e/lib/x86/darwin/libs3e_api_iwgl.a(s3eDebugPrint.o)
[596] /Applications/Marmalade.app/Contents/s3e/lib/x86/darwin/libs3e_api_iwgl.a(s3eDeviceCheckQuitRequest.o)
[597] /Applications/Marmalade.app/Contents/s3e/lib/x86/darwin/libs3e_api_iwgl.a(s3eDeviceExit.o)
[598] /Applications/Marmalade.app/Contents/s3e/lib/x86/darwin/libs3e_api_iwgl.a(s3eDeviceGetInt.o)
[599] /Applications/Marmalade.app/Contents/s3e/lib/x86/darwin/libs3e_api_iwgl.a(s3eDeviceGetString.o)
[600] /Applications/Marmalade.app/Contents/s3e/lib/x86/darwin/libs3e_api_iwgl.a(s3eDeviceRegister.o)
[601] /Applications/Marmalade.app/Contents/s3e/lib/x86/darwin/libs3e_api_iwgl.a(s3eDeviceSetInt.o)
[602] /Applications/Marmalade.app/Contents/s3e/lib/x86/darwin/libs3e_api_iwgl.a(s3eDeviceUnRegister.o)
[603] /Applications/Marmalade.app/Contents/s3e/lib/x86/darwin/libs3e_api_iwgl.a(s3eDeviceYield.o)
[604] /Applications/Marmalade.app/Contents/s3e/lib/x86/darwin/libs3e_api_iwgl.a(s3eDeviceYieldUntilEvent.o)
[605] /Applications/Marmalade.app/Contents/s3e/lib/x86/darwin/libs3e_api_iwgl.a(s3eExtGetHash.o)
[606] /Applications/Marmalade.app/Contents/s3e/lib/x86/darwin/libs3e_api_iwgl.a(s3eFileCheckExists.o)
[607] /Applications/Marmalade.app/Contents/s3e/lib/x86/darwin/libs3e_api_iwgl.a(s3eFileClose.o)
[608] /Applications/Marmalade.app/Contents/s3e/lib/x86/darwin/libs3e_api_iwgl.a(s3eFileDelete.o)
[609] /Applications/Marmalade.app/Contents/s3e/lib/x86/darwin/libs3e_api_iwgl.a(s3eFileGetError.o)
[610] /Applications/Marmalade.app/Contents/s3e/lib/x86/darwin/libs3e_api_iwgl.a(s3eFileGetFileInt.o)
[611] /Applications/Marmalade.app/Contents/s3e/lib/x86/darwin/libs3e_api_iwgl.a(s3eFileGetFileString.o)
[612] /Applications/Marmalade.app/Contents/s3e/lib/x86/darwin/libs3e_api_iwgl.a(s3eFileGetSize.o)
[613] /Applications/Marmalade.app/Contents/s3e/lib/x86/darwin/libs3e_api_iwgl.a(s3eFileMakeDirectory.o)
[614] /Applications/Marmalade.app/Contents/s3e/lib/x86/darwin/libs3e_api_iwgl.a(s3eFileOpen.o)
[615] /Applications/Marmalade.app/Contents/s3e/lib/x86/darwin/libs3e_api_iwgl.a(s3eFileRead.o)
[616] /Applications/Marmalade.app/Contents/s3e/lib/x86/darwin/libs3e_api_iwgl.a(s3eFileSeek.o)
[617] /Applications/Marmalade.app/Contents/s3e/lib/x86/darwin/libs3e_api_iwgl.a(s3eFileTell.o)
[618] /Applications/Marmalade.app/Contents/s3e/lib/x86/darwin/libs3e_api_iwgl.a(s3eFileWrite.o)
[619] /Applications/Marmalade.app/Contents/s3e/lib/x86/darwin/libs3e_api_iwgl.a(s3eFreeBase.o)
[620] /Applications/Marmalade.app/Contents/s3e/lib/x86/darwin/libs3e_api_iwgl.a(s3eGLGetInt.o)
[621] /Applications/Marmalade.app/Contents/s3e/lib/x86/darwin/libs3e_api_iwgl.a(s3eGLGetNativeWindow.o)
[622] /Applications/Marmalade.app/Contents/s3e/lib/x86/darwin/libs3e_api_iwgl.a(s3eGLRegister.o)
[623] /Applications/Marmalade.app/Contents/s3e/lib/x86/darwin/libs3e_api_iwgl.a(s3eGLUnRegister.o)
[624] /Applications/Marmalade.app/Contents/s3e/lib/x86/darwin/libs3e_api_iwgl.a(s3eKeyboardRegister.o)
[625] /Applications/Marmalade.app/Contents/s3e/lib/x86/darwin/libs3e_api_iwgl.a(s3eKeyboardSetInt.o)
[626] /Applications/Marmalade.app/Contents/s3e/lib/x86/darwin/libs3e_api_iwgl.a(s3eMallocBase.o)
[627] /Applications/Marmalade.app/Contents/s3e/lib/x86/darwin/libs3e_api_iwgl.a(s3eMemoryGetInt.o)
[628] /Applications/Marmalade.app/Contents/s3e/lib/x86/darwin/libs3e_api_iwgl.a(s3eMemoryHeapCreate.o)
[629] /Applications/Marmalade.app/Contents/s3e/lib/x86/darwin/libs3e_api_iwgl.a(s3eMemorySetInt.o)
[630] /Applications/Marmalade.app/Contents/s3e/lib/x86/darwin/libs3e_api_iwgl.a(s3ePointerGetInt.o)
[631] /Applications/Marmalade.app/Contents/s3e/lib/x86/darwin/libs3e_api_iwgl.a(s3ePointerGetX.o)
[632] /Applications/Marmalade.app/Contents/s3e/lib/x86/darwin/libs3e_api_iwgl.a(s3ePointerGetY.o)
[633] /Applications/Marmalade.app/Contents/s3e/lib/x86/darwin/libs3e_api_iwgl.a(s3ePointerRegister.o)
[634] /Applications/Marmalade.app/Contents/s3e/lib/x86/darwin/libs3e_api_iwgl.a(s3ePointerSetInt.o)
[635] /Applications/Marmalade.app/Contents/s3e/lib/x86/darwin/libs3e_api_iwgl.a(s3ePointerUpdate.o)
[636] /Applications/Marmalade.app/Contents/s3e/lib/x86/darwin/libs3e_api_iwgl.a(s3eReallocBase.o)
[637] /Applications/Marmalade.app/Contents/s3e/lib/x86/darwin/libs3e_api_iwgl.a(s3eSocketClose.o)
[638] /Applications/Marmalade.app/Contents/s3e/lib/x86/darwin/libs3e_api_iwgl.a(s3eSurfaceGetInt.o)
[639] /Applications/Marmalade.app/Contents/s3e/lib/x86/darwin/libs3e_api_iwgl.a(s3eSurfacePtr.o)
[640] /Applications/Marmalade.app/Contents/s3e/lib/x86/darwin/libs3e_api_iwgl.a(s3eSurfaceRegister.o)
[641] /Applications/Marmalade.app/Contents/s3e/lib/x86/darwin/libs3e_api_iwgl.a(s3eSurfaceSetup.o)
[642] /Applications/Marmalade.app/Contents/s3e/lib/x86/darwin/libs3e_api_iwgl.a(s3eSurfaceShow.o)
[643] /Applications/Marmalade.app/Contents/s3e/lib/x86/darwin/libs3e_api_iwgl.a(s3eSurfaceUnRegister.o)
[644] /Applications/Marmalade.app/Contents/s3e/lib/x86/darwin/libs3e_api_iwgl.a(s3eTimerGetLocaltimeOffset.o)
[645] /Applications/Marmalade.app/Contents/s3e/lib/x86/darwin/libs3e_api_iwgl.a(s3eTimerGetMs.o)
[646] /Applications/Marmalade.app/Contents/s3e/lib/x86/darwin/libs3e_api_iwgl.a(s3eTimerSetTimer.o)
[647] /Applications/Xcode.app/Contents/Developer/Platforms/MacOSX.platform/Developer/SDKs/MacOSX10.9.sdk/usr/lib/libc++.dylib
[648] /Applications/Marmalade.app/Contents/s3e/lib/x86/darwin/libm.a(lib_a-e_pow.o)
[649] /Applications/Marmalade.app/Contents/s3e/lib/x86/darwin/libm.a(lib_a-e_rem_pio2.o)
[650] /Applications/Marmalade.app/Contents/s3e/lib/x86/darwin/libm.a(lib_a-e_sqrt.o)
[651] /Applications/Marmalade.app/Contents/s3e/lib/x86/darwin/libm.a(lib_a-k_cos.o)
[652] /Applications/Marmalade.app/Contents/s3e/lib/x86/darwin/libm.a(lib_a-k_rem_pio2.o)
[653] /Applications/Marmalade.app/Contents/s3e/lib/x86/darwin/libm.a(lib_a-k_sin.o)
[654] /Applications/Marmalade.app/Contents/s3e/lib/x86/darwin/libm.a(lib_a-s_copysign.o)
[655] /Applications/Marmalade.app/Contents/s3e/lib/x86/darwin/libm.a(lib_a-s_cos.o)
[656] /Applications/Marmalade.app/Contents/s3e/lib/x86/darwin/libm.a(lib_a-s_fabs.o)
[657] /Applications/Marmalade.app/Contents/s3e/lib/x86/darwin/libm.a(lib_a-s_finite.o)
[658] /Applications/Marmalade.app/Contents/s3e/lib/x86/darwin/libm.a(lib_a-s_floor.o)
[659] /Applications/Marmalade.app/Contents/s3e/lib/x86/darwin/libm.a(lib_a-s_fpclassify.o)
[660] /Applications/Marmalade.app/Contents/s3e/lib/x86/darwin/libm.a(lib_a-s_frexp.o)
[661] /Applications/Marmalade.app/Contents/s3e/lib/x86/darwin/libm.a(lib_a-s_lib_ver.o)
[662] /Applications/Marmalade.app/Contents/s3e/lib/x86/darwin/libm.a(lib_a-s_matherr.o)
[663] /Applications/Marmalade.app/Contents/s3e/lib/x86/darwin/libm.a(lib_a-s_nan.o)
[664] /Applications/Marmalade.app/Contents/s3e/lib/x86/darwin/libm.a(lib_a-s_rint.o)
[665] /Applications/Marmalade.app/Contents/s3e/lib/x86/darwin/libm.a(lib_a-s_scalbn.o)
[666] /Applications/Marmalade.app/Contents/s3e/lib/x86/darwin/libm.a(lib_a-s_sin.o)
[667] /Applications/Marmalade.app/Contents/s3e/lib/x86/darwin/libm.a(lib_a-sf_nan.o)
[668] /Applications/Marmalade.app/Contents/s3e/lib/x86/darwin/libm.a(lib_a-w_pow.o)
[669] /Applications/Marmalade.app/Contents/s3e/lib/x86/darwin/libm.a(lib_a-w_sqrt.o)
[670] /Applications/Marmalade.app/Contents/s3e/lib/x86/darwin/libm.a(lib_a-wf_pow.o)
[671] /Applications/Marmalade.app/Contents/s3e/lib/x86/darwin/libc.a(lib_a-__atexit.o)
[672] /Applications/Marmalade.app/Contents/s3e/lib/x86/darwin/libc.a(lib_a-atof.o)
[673] /Applications/Marmalade.app/Contents/s3e/lib/x86/darwin/libc.a(lib_a-bzero.o)
[674] /Applications/Marmalade.app/Contents/s3e/lib/x86/darwin/libc.a(lib_a-closer.o)
[675] /Applications/Marmalade.app/Contents/s3e/lib/x86/darwin/libc.a(lib_a-ctype_.o)
[676] /Applications/Marmalade.app/Contents/s3e/lib/x86/darwin/libc.a(lib_a-div.o)
[677] /Applications/Marmalade.app/Contents/s3e/lib/x86/darwin/libc.a(lib_a-envlock.o)
[678] /Applications/Marmalade.app/Contents/s3e/lib/x86/darwin/libc.a(lib_a-errno.o)
[679] /Applications/Marmalade.app/Contents/s3e/lib/x86/darwin/libc.a(lib_a-fclose.o)
[680] /Applications/Marmalade.app/Contents/s3e/lib/x86/darwin/libc.a(lib_a-feof.o)
[681] /Applications/Marmalade.app/Contents/s3e/lib/x86/darwin/libc.a(lib_a-fflush.o)
[682] /Applications/Marmalade.app/Contents/s3e/lib/x86/darwin/libc.a(lib_a-fgetpos.o)
[683] /Applications/Marmalade.app/Contents/s3e/lib/x86/darwin/libc.a(lib_a-findfp.o)
[684] /Applications/Marmalade.app/Contents/s3e/lib/x86/darwin/libc.a(lib_a-fprintf.o)
[685] /Applications/Marmalade.app/Contents/s3e/lib/x86/darwin/libc.a(lib_a-fputs.o)
[686] /Applications/Marmalade.app/Contents/s3e/lib/x86/darwin/libc.a(lib_a-fputwc.o)
[687] /Applications/Marmalade.app/Contents/s3e/lib/x86/darwin/libc.a(lib_a-fread.o)
[688] /Applications/Marmalade.app/Contents/s3e/lib/x86/darwin/libc.a(lib_a-fseek.o)
[689] /Applications/Marmalade.app/Contents/s3e/lib/x86/darwin/libc.a(lib_a-fsetpos.o)
[690] /Applications/Marmalade.app/Contents/s3e/lib/x86/darwin/libc.a(lib_a-fstatr.o)
[691] /Applications/Marmalade.app/Contents/s3e/lib/x86/darwin/libc.a(lib_a-ftell.o)
[692] /Applications/Marmalade.app/Contents/s3e/lib/x86/darwin/libc.a(lib_a-fvwrite.o)
[693] /Applications/Marmalade.app/Contents/s3e/lib/x86/darwin/libc.a(lib_a-fwalk.o)
[694] /Applications/Marmalade.app/Contents/s3e/lib/x86/darwin/libc.a(lib_a-fwrite.o)
[695] /Applications/Marmalade.app/Contents/s3e/lib/x86/darwin/libc.a(lib_a-gdtoa-gethex.o)
[696] /Applications/Marmalade.app/Contents/s3e/lib/x86/darwin/libc.a(lib_a-gdtoa-hexnan.o)
[697] /Applications/Marmalade.app/Contents/s3e/lib/x86/darwin/libc.a(lib_a-getc.o)
[698] /Applications/Marmalade.app/Contents/s3e/lib/x86/darwin/libc.a(lib_a-getenv_r.o)
[699] /Applications/Marmalade.app/Contents/s3e/lib/x86/darwin/libc.a(lib_a-gettzinfo.o)
[700] /Applications/Marmalade.app/Contents/s3e/lib/x86/darwin/libc.a(lib_a-impure.o)
[701] /Applications/Marmalade.app/Contents/s3e/lib/x86/darwin/libc.a(lib_a-isattyr.o)
[702] /Applications/Marmalade.app/Contents/s3e/lib/x86/darwin/libc.a(lib_a-isspace.o)
[703] /Applications/Marmalade.app/Contents/s3e/lib/x86/darwin/libc.a(lib_a-iswspace.o)
[704] /Applications/Marmalade.app/Contents/s3e/lib/x86/darwin/libc.a(lib_a-jp2uc.o)
[705] /Applications/Marmalade.app/Contents/s3e/lib/x86/darwin/libc.a(lib_a-ldtoa.o)
[706] /Applications/Marmalade.app/Contents/s3e/lib/x86/darwin/libc.a(lib_a-locale.o)
[707] /Applications/Marmalade.app/Contents/s3e/lib/x86/darwin/libc.a(lib_a-lseekr.o)
[708] /Applications/Marmalade.app/Contents/s3e/lib/x86/darwin/libc.a(lib_a-makebuf.o)
[709] /Applications/Marmalade.app/Contents/s3e/lib/x86/darwin/libc.a(lib_a-mbrtowc.o)
[710] /Applications/Marmalade.app/Contents/s3e/lib/x86/darwin/libc.a(lib_a-mbtowc_r.o)
[711] /Applications/Marmalade.app/Contents/s3e/lib/x86/darwin/libc.a(lib_a-memchr.o)
[712] /Applications/Marmalade.app/Contents/s3e/lib/x86/darwin/libc.a(lib_a-memcmp.o)
[713] /Applications/Marmalade.app/Contents/s3e/lib/x86/darwin/libc.a(lib_a-memcpy.o)
[714] /Applications/Marmalade.app/Contents/s3e/lib/x86/darwin/libc.a(lib_a-memmove.o)
[715] /Applications/Marmalade.app/Contents/s3e/lib/x86/darwin/libc.a(lib_a-memset.o)
[716] /Applications/Marmalade.app/Contents/s3e/lib/x86/darwin/libc.a(lib_a-mktime.o)
[717] /Applications/Marmalade.app/Contents/s3e/lib/x86/darwin/libc.a(lib_a-mktm_r.o)
[718] /Applications/Marmalade.app/Contents/s3e/lib/x86/darwin/libc.a(lib_a-mprec.o)
[719] /Applications/Marmalade.app/Contents/s3e/lib/x86/darwin/libc.a(lib_a-putc.o)
[720] /Applications/Marmalade.app/Contents/s3e/lib/x86/darwin/libc.a(lib_a-puts.o)
[721] /Applications/Marmalade.app/Contents/s3e/lib/x86/darwin/libc.a(lib_a-rand.o)
[722] /Applications/Marmalade.app/Contents/s3e/lib/x86/darwin/libc.a(lib_a-readr.o)
[723] /Applications/Marmalade.app/Contents/s3e/lib/x86/darwin/libc.a(lib_a-refill.o)
[724] /Applications/Marmalade.app/Contents/s3e/lib/x86/darwin/libc.a(lib_a-rget.o)
[725] /Applications/Marmalade.app/Contents/s3e/lib/x86/darwin/libc.a(lib_a-sccl.o)
[726] /Applications/Marmalade.app/Contents/s3e/lib/x86/darwin/libc.a(lib_a-setvbuf.o)
[727] /Applications/Marmalade.app/Contents/s3e/lib/x86/darwin/libc.a(lib_a-snprintf.o)
[728] /Applications/Marmalade.app/Contents/s3e/lib/x86/darwin/libc.a(lib_a-sprintf.o)
[729] /Applications/Marmalade.app/Contents/s3e/lib/x86/darwin/libc.a(lib_a-sscanf.o)
[730] /Applications/Marmalade.app/Contents/s3e/lib/x86/darwin/libc.a(lib_a-stdio.o)
[731] /Applications/Marmalade.app/Contents/s3e/lib/x86/darwin/libc.a(lib_a-strcasecmp.o)
[732] /Applications/Marmalade.app/Contents/s3e/lib/x86/darwin/libc.a(lib_a-strcat.o)
[733] /Applications/Marmalade.app/Contents/s3e/lib/x86/darwin/libc.a(lib_a-strchr.o)
[734] /Applications/Marmalade.app/Contents/s3e/lib/x86/darwin/libc.a(lib_a-strcmp.o)
[735] /Applications/Marmalade.app/Contents/s3e/lib/x86/darwin/libc.a(lib_a-strcpy.o)
[736] /Applications/Marmalade.app/Contents/s3e/lib/x86/darwin/libc.a(lib_a-strlen.o)
[737] /Applications/Marmalade.app/Contents/s3e/lib/x86/darwin/libc.a(lib_a-strncat.o)
[738] /Applications/Marmalade.app/Contents/s3e/lib/x86/darwin/libc.a(lib_a-strncmp.o)
[739] /Applications/Marmalade.app/Contents/s3e/lib/x86/darwin/libc.a(lib_a-strncpy.o)
[740] /Applications/Marmalade.app/Contents/s3e/lib/x86/darwin/libc.a(lib_a-strrchr.o)
[741] /Applications/Marmalade.app/Contents/s3e/lib/x86/darwin/libc.a(lib_a-strstr.o)
[742] /Applications/Marmalade.app/Contents/s3e/lib/x86/darwin/libc.a(lib_a-strtod.o)
[743] /Applications/Marmalade.app/Contents/s3e/lib/x86/darwin/libc.a(lib_a-strtol.o)
[744] /Applications/Marmalade.app/Contents/s3e/lib/x86/darwin/libc.a(lib_a-strtoll_r.o)
[745] /Applications/Marmalade.app/Contents/s3e/lib/x86/darwin/libc.a(lib_a-strtoul.o)
[746] /Applications/Marmalade.app/Contents/s3e/lib/x86/darwin/libc.a(lib_a-strtoull_r.o)
[747] /Applications/Marmalade.app/Contents/s3e/lib/x86/darwin/libc.a(lib_a-svfiprintf.o)
[748] /Applications/Marmalade.app/Contents/s3e/lib/x86/darwin/libc.a(lib_a-svfiscanf.o)
[749] /Applications/Marmalade.app/Contents/s3e/lib/x86/darwin/libc.a(lib_a-svfprintf.o)
[750] /Applications/Marmalade.app/Contents/s3e/lib/x86/darwin/libc.a(lib_a-svfscanf.o)
[751] /Applications/Marmalade.app/Contents/s3e/lib/x86/darwin/libc.a(lib_a-sysfstat.o)
[752] /Applications/Marmalade.app/Contents/s3e/lib/x86/darwin/libc.a(lib_a-tolower.o)
[753] /Applications/Marmalade.app/Contents/s3e/lib/x86/darwin/libc.a(lib_a-tzlock.o)
[754] /Applications/Marmalade.app/Contents/s3e/lib/x86/darwin/libc.a(lib_a-tzset.o)
[755] /Applications/Marmalade.app/Contents/s3e/lib/x86/darwin/libc.a(lib_a-tzset_r.o)
[756] /Applications/Marmalade.app/Contents/s3e/lib/x86/darwin/libc.a(lib_a-tzvars.o)
[757] /Applications/Marmalade.app/Contents/s3e/lib/x86/darwin/libc.a(lib_a-ungetc.o)
[758] /Applications/Marmalade.app/Contents/s3e/lib/x86/darwin/libc.a(lib_a-vfiprintf.o)
[759] /Applications/Marmalade.app/Contents/s3e/lib/x86/darwin/libc.a(lib_a-vfprintf.o)
[760] /Applications/Marmalade.app/Contents/s3e/lib/x86/darwin/libc.a(lib_a-vsnprintf.o)
[761] /Applications/Marmalade.app/Contents/s3e/lib/x86/darwin/libc.a(lib_a-wbuf.o)
[762] /Applications/Marmalade.app/Contents/s3e/lib/x86/darwin/libc.a(lib_a-wcrtomb.o)
[763] /Applications/Marmalade.app/Contents/s3e/lib/x86/darwin/libc.a(lib_a-wcsnrtombs.o)
[764] /Applications/Marmalade.app/Contents/s3e/lib/x86/darwin/libc.a(lib_a-wcsrtombs.o)
[765] /Applications/Marmalade.app/Contents/s3e/lib/x86/darwin/libc.a(lib_a-wctomb_r.o)
[766] /Applications/Marmalade.app/Contents/s3e/lib/x86/darwin/libc.a(lib_a-writer.o)
[767] /Applications/Marmalade.app/Contents/s3e/lib/x86/darwin/libc.a(lib_a-wsetup.o)
[768] /Applications/Xcode.app/Contents/Developer/Platforms/MacOSX.platform/Developer/SDKs/MacOSX10.9.sdk/usr/lib/libSystem.dylib
# Sections:
# Address	Size    	Segment	Section
0x00000C70	0x00098E9C	__TEXT	__text
0x00099B0C	0x00000036	__TEXT	__symbol_stub
0x00099B44	0x00000066	__TEXT	__stub_helper
0x00099BAA	0x00008B70	__TEXT	__cstring
0x000A2720	0x00006648	__TEXT	__const
0x000A8D68	0x00000016	__TEXT	__ustring
0x000A8D7E	0x0000127C	__TEXT	__unwind_info
0x000AA000	0x0000049C	__DATA	__nl_symbol_ptr
0x000AA49C	0x00000024	__DATA	__la_symbol_ptr
0x000AA4C0	0x0000004C	__DATA	__mod_init_func
0x000AA510	0x000012CC	__DATA	__const
0x000AB7E0	0x000047E0	__DATA	__data
0x000AFFC0	0x000100A0	__DATA	__common
0x000C0060	0x0000721E	__DATA	__bss
# Symbols:
# Address	Size    	File  Name
0x00000C70	0x00000040	[  1] __ZN14Iw2DSceneGraph9CDrawable9PreRenderEv
0x00000CB0	0x00000010	[  1] __ZN14Iw2DSceneGraph9CDrawable6UpdateEff
0x00000CC0	0x00000070	[  1] __ZN14Iw2DSceneGraph7CSpriteC1Ev
0x00000D30	0x00000030	[  1] __ZN14Iw2DSceneGraph7CSprite8SetImageEP10CIw2DImage
0x00000D60	0x00000010	[  1] __ZN14Iw2DSceneGraph7CSprite8GetImageEv
0x00000D70	0x00000070	[  1] __ZN14Iw2DSceneGraph7CSprite6UpdateEff
0x00000DE0	0x00000180	[  1] __ZN14Iw2DSceneGraph7CSprite6RenderEv
0x00000F60	0x00000010	[  1] __ZN14Iw2DSceneGraph6CLabelC1Ev
0x00000F70	0x000000F0	[  1] __ZN14Iw2DSceneGraph6CLabelC2Ev
0x00001060	0x00000154	[  1] __ZN14Iw2DSceneGraph6CLabel6RenderEv
0x000011C0	0x00000010	[  1] __ZN14Iw2DSceneGraph7CSpriteD1Ev
0x000011D0	0x00000020	[  1] __ZN14Iw2DSceneGraph7CSpriteD0Ev
0x000011F0	0x00000040	[  1] __ZN14Iw2DSceneGraph6CLabelD1Ev
0x00001230	0x00000040	[  1] __ZN14Iw2DSceneGraph6CLabelD0Ev
0x00001270	0x000000A0	[  1] __ZN4_STL12basic_stringIcNS_11char_traitsIcEENS_9allocatorIcEEE6assignEPKcS7_
0x00001310	0x0000013C	[  1] __ZN4_STL12basic_stringIcNS_11char_traitsIcEENS_9allocatorIcEEE6appendIPKcEERS5_T_SA_RKNS_20forward_iterator_tagE
0x00001450	0x00000090	[  2] __ZN18Iw2DSceneGraphCore5CNodeC2Ev
0x000014E0	0x00000060	[  2] __ZN18Iw2DSceneGraphCore5CNodeD0Ev
0x00001540	0x00000060	[  2] __ZN18Iw2DSceneGraphCore5CNodeD1Ev
0x000015A0	0x00000060	[  2] __ZN18Iw2DSceneGraphCore5CNodeD2Ev
0x00001600	0x00000210	[  2] __ZN18Iw2DSceneGraphCore5CNode6UpdateEff
0x00001810	0x00000040	[  2] __ZN18Iw2DSceneGraphCore5CNode6RenderEv
0x00001850	0x000008B0	[  4] _main
0x00002100	0x00000040	[  4] __Z18MultiTouchButtonCBP20s3ePointerTouchEvent
0x00002140	0x00000040	[  4] __Z19ButtonTouchButtonCBP20s3ePointerTouchEvent
0x00002180	0x00000110	[  4] __ZN4_STL19basic_ostringstreamIcNS_11char_traitsIcEENS_9allocatorIcEEEC1Ei
0x00002290	0x000000F0	[  4] __ZNK4_STL19basic_ostringstreamIcNS_11char_traitsIcEENS_9allocatorIcEEE3strEv
0x00002380	0x00000210	[  4] __ZN4_STLlsIcNS_11char_traitsIcEENS_9allocatorIcEEEERNS_13basic_ostreamIT_T0_EES9_RKNS_12basic_stringIS6_S7_T1_EE
0x00002590	0x000000D0	[  4] __ZN4_STLplIcNS_11char_traitsIcEENS_9allocatorIcEEEENS_12basic_stringIT_T0_T1_EES9_PKS6_
0x00002660	0x00000060	[  4] __ZN4_STL19basic_ostringstreamIcNS_11char_traitsIcEENS_9allocatorIcEEED1Ev
0x000026C0	0x000000A0	[  4] __ZN4_STL7_M_initIcNS_11char_traitsIcEEEEbRNS_13basic_ostreamIT_T0_EE
0x00002760	0x00000140	[  4] __ZN4_STL12basic_stringIcNS_11char_traitsIcEENS_9allocatorIcEEE6appendIPcEERS5_T_S9_RKNS_20forward_iterator_tagE
0x000028A0	0x000000C0	[  4] __ZN4_STL15basic_stringbufIcNS_11char_traitsIcEENS_9allocatorIcEEE3strERKNS_12basic_stringIcS2_S4_EE
0x00002960	0x00000120	[  4] __ZN4_STL10_M_put_numIcNS_11char_traitsIcEEdEERNS_13basic_ostreamIT_T0_EES7_T1_
[...]
0x000B055C	0x00000004	[225] _g_IwGLExtFn_glGetFixedvOES
0x000B0560	0x00000004	[225] _g_IwGLExtFn_glGetLightxvOES
0x000B0564	0x00000004	[225] _g_IwGLExtFn_glGetMaterialxvOES
0x000B0568	0x00000004	[225] _g_IwGLExtFn_glGetTexEnvxvOES
0x000B056C	0x00000004	[225] _g_IwGLExtFn_glGetTexParameterxvOES
0x000B0570	0x00000004	[225] _g_IwGLExtFn_glLightModelxOES
0x000B0574	0x00000004	[225] _g_IwGLExtFn_glLightModelxvOES
0x000B0578	0x00000004	[225] _g_IwGLExtFn_glLightxOES
0x000B057C	0x00000004	[225] _g_IwGLExtFn_glLightxvOES
0x000B0580	0x00000004	[225] _g_IwGLExtFn_glLineWidthxOES
0x000B0584	0x00000004	[225] _g_IwGLExtFn_glLoadMatrixxOES
0x000B0588	0x00000004	[225] _g_IwGLExtFn_glMaterialxOES
0x000B058C	0x00000004	[225] _g_IwGLExtFn_glMaterialxvOES
0x000B0590	0x00000004	[225] _g_IwGLExtFn_glMultMatrixxOES
0x000B0594	0x00000004	[225] _g_IwGLExtFn_glMultiTexCoord4xOES
0x000B0598	0x00000004	[225] _g_IwGLExtFn_glNormal3xOES
0x000B059C	0x00000004	[225] _g_IwGLExtFn_glOrthoxOES
0x000B05A0	0x00000004	[225] _g_IwGLExtFn_glPointParameterxOES
0x000B05A4	0x00000004	[225] _g_IwGLExtFn_glPointParameterxvOES
0x000B05A8	0x00000004	[225] _g_IwGLExtFn_glPointSizexOES
0x000B05AC	0x00000004	[225] _g_IwGLExtFn_glPolygonOffsetxOES
0x000B05B0	0x00000004	[225] _g_IwGLExtFn_glRotatexOES
0x000B05B4	0x00000004	[225] _g_IwGLExtFn_glSampleCoveragexOES
0x000B05B8	0x00000004	[225] _g_IwGLExtFn_glScalexOES
0x000B05BC	0x00000004	[225] _g_IwGLExtFn_glTexEnvxOES
0x000B05C0	0x00000004	[225] _g_IwGLExtFn_glTexEnvxvOES
0x000B05C4	0x00000004	[225] _g_IwGLExtFn_glTexParameterxOES
0x000B05C8	0x00000004	[225] _g_IwGLExtFn_glTexParameterxvOES
0x000B05CC	0x00000004	[225] _g_IwGLExtFn_glTranslatexOES
0x000B05D0	0x00000004	[225] _g_IwGLExtFn_glCurrentPaletteMatrixOES
0x000B05D4	0x00000004	[225] _g_IwGLExtFn_glLoadPaletteFromModelViewMatrixOES
0x000B05D8	0x00000004	[225] _g_IwGLExtFn_glMatrixIndexPointerOES
0x000B05DC	0x00000004	[225] _g_IwGLExtFn_glWeightPointerOES
0x000B05E0	0x00000004	[225] _g_IwGLExtFn_glRenderbufferStorageMultisampleIMG
0x000B05E4	0x00000004	[225] _g_IwGLExtFn_glFramebufferTexture2DMultisampleIMG
0x000B05E8	0x00000004	[225] _g_IwGLExtFn_glRenderbufferStorageMultisampleAPPLE
0x000B05EC	0x00000004	[225] _g_IwGLExtFn_glResolveMultisampleFramebufferAPPLE
0x000B05F0	0x00000004	[225] _g_IwGLExtFn_glBlendFuncSeparateOES
0x000B05F4	0x00000004	[225] _g_IwGLExtFn_glEGLImageTargetTexture2DOES
0x000B05F8	0x00000004	[225] _g_IwGLExtFn_glEGLImageTargetRenderbufferStorageOES
0x000B05FC	0x00000004	[225] _g_IwGLExtFn_glExtGetTexturesQCOM
0x000B0600	0x00000004	[225] _g_IwGLExtFn_glExtGetBuffersQCOM
0x000B0604	0x00000004	[225] _g_IwGLExtFn_glExtGetRenderbuffersQCOM
0x000B0608	0x00000004	[225] _g_IwGLExtFn_glExtGetFramebuffersQCOM
0x000B060C	0x00000004	[225] _g_IwGLExtFn_glExtGetTexLevelParameterivQCOM
0x000B0610	0x00000004	[225] _g_IwGLExtFn_glExtTexObjectStateOverrideiQCOM
0x000B0614	0x00000004	[225] _g_IwGLExtFn_glExtGetTexSubImageQCOM
0x000B0618	0x00000004	[225] _g_IwGLExtFn_glExtGetBufferPointervQCOM
0x000B061C	0x00000004	[225] _g_IwGLExtFn_glStartTilingQCOM
0x000B0620	0x00000004	[225] _g_IwGLExtFn_glEndTilingQCOM
0x000B0624	0x00000004	[225] _g_IwGLExtFn_glDrawTexsOES
0x000B0628	0x00000004	[225] _g_IwGLExtFn_glDrawTexiOES
0x000B062C	0x00000004	[225] _g_IwGLExtFn_glDrawTexxOES
0x000B0630	0x00000004	[225] _g_IwGLExtFn_glDrawTexsvOES
0x000B0634	0x00000004	[225] _g_IwGLExtFn_glDrawTexivOES
0x000B0638	0x00000004	[225] _g_IwGLExtFn_glDrawTexxvOES
0x000B063C	0x00000004	[225] _g_IwGLExtFn_glDrawTexfOES
0x000B0640	0x00000004	[225] _g_IwGLExtFn_glDrawTexfvOES
0x000B0644	0x00000004	[225] _g_IwGLExtFn_glQueryMatrixxOES
0x000B0648	0x00000004	[225] _g_IwGLExtFn_glMultiDrawArraysEXT
0x000B064C	0x00000004	[225] _g_IwGLExtFn_glMultiDrawElementsEXT
0x000B0650	0x00000004	[225] _g_IwGLExtFn_glBindVertexArrayOES
0x000B0654	0x00000004	[225] _g_IwGLExtFn_glDeleteVertexArraysOES
0x000B0658	0x00000004	[225] _g_IwGLExtFn_glGenVertexArraysOES
0x000B065C	0x00000004	[225] _g_IwGLExtFn_glIsVertexArrayOES
0x000B0660	0x00000004	[225] _g_IwGLExtFn_glGetDriverControlsQCOM
0x000B0664	0x00000004	[225] _g_IwGLExtFn_glGetDriverControlStringQCOM
0x000B0668	0x00000004	[225] _g_IwGLExtFn_glEnableDriverControlQCOM
0x000B066C	0x00000004	[225] _g_IwGLExtFn_glDisableDriverControlQCOM
0x000B0670	0x00000004	[226] _fbo_glIsRenderbuffer
0x000B0674	0x00000004	[226] _fbo_glBindRenderbuffer
0x000B0678	0x00000004	[226] _fbo_glDeleteRenderbuffers
0x000B067C	0x00000004	[226] _fbo_glGenRenderbuffers
0x000B0680	0x00000004	[226] _fbo_glRenderbufferStorage
0x000B0684	0x00000004	[226] _fbo_glGetRenderbufferParameteriv
0x000B0688	0x00000004	[226] _fbo_glIsFramebuffer
0x000B068C	0x00000004	[226] _fbo_glBindFramebuffer
0x000B0690	0x00000004	[226] _fbo_glDeleteFramebuffers
0x000B0694	0x00000004	[226] _fbo_glGenFramebuffers
0x000B0698	0x00000004	[226] _fbo_glCheckFramebufferStatus
0x000B069C	0x00000004	[226] _fbo_glFramebufferRenderbuffer
0x000B06A0	0x00000004	[226] _fbo_glFramebufferTexture2D
0x000B06A4	0x00000004	[226] _fbo_glGetFramebufferAttachmentParameteriv
0x000B06A8	0x00000004	[226] _fbo_glGenerateMipmap
0x000B06AC	0x00000014	[226] _g_IwGLFBOs
0x000B06C0	0x00000014	[226] _g_IwGLRBOs
0x000B06D4	0x00000004	[226] _g_IwGLCurrentFBO
0x000B06D8	0x00000004	[226] _g_IwGLCurrentRBO
0x000B06DC	0x00000014	[228] _g_IwGLFeedbacks
0x000B06F0	0x00000014	[230] _g_IwGLQueries
0x000B0704	0x00000014	[232] _g_IwGLShaders
0x000B0718	0x00000014	[232] _g_IwGLPrograms
0x000B072C	0x00000004	[232] _g_IwGLCurrentProgramObj
0x000B0730	0x00000004	[232] _g_IwGLCurrentProgram
0x000B0734	0x00000001	[232] _g_IwGLAllowNegativeLocations
0x000B0738	0x00000004	[234] _g_IwGLCachedState
0x000B073C	0x00000014	[235] _g_IwGLTextures
0x000B0750	0x00000014	[235] _g_IwGLSamplers
0x000B0764	0x00000004	[235] _g_IwGLActiveTexture
0x000B0768	0x00000004	[235] _g_IwGLMaxTexture
0x000B076C	0x00000004	[235] _g_IwGLCurrentTex
0x000B0770	0x00000004	[235] _g_IwGLCurrentSampler
0x000B0774	0x00000004	[235] _g_IwGLAllowTextureAllocInBind
0x000B0778	0x00000014	[237] _g_IwGLVAOs
0x000B078C	0x00000014	[238] _g_IwGLVBOs
0x000B07A0	0x00000020	[238] _g_IwGLCurrentVBO
0x000B07C0	0x00000600	[238] _g_IwGLCurrentBindBase
0x000B0DC0	0x00000020	[238] _g_IwGLMappedBuffer
0x000B0DE0	0x00000040	[238] _g_IwGLMappedBufferValues
0x000B0E20	0x00000004	[240] _g_IwGLMatrixMode
0x000B0E24	0x00000001	[240] _g_IwGLSuppressFBOWarning
0x000B0E25	0x00000003	[240] _g_IwGLRTBound
0x000B0E28	0x00000010	[240] _g_IwGLViewport
0x000B0E38	0x00000010	[240] _g_IwGLScissor
0x000B0E48	0x00000004	[240] _g_IwGLWidth
0x000B0E4C	0x00000004	[240] _g_IwGLHeight
0x000B0E50	0x00000004	[240] _g_IwGLBlitDir
0x000B0E54	0x00000004	[240] _g_IwGLVirtualX
0x000B0E58	0x00000004	[240] _g_IwGLVirtualY
0x000B0E5C	0x00000004	[240] _g_IwGLVirtualWidth
0x000B0E60	0x00000004	[240] _g_IwGLVirtualHeight
0x000B0E64	0x00000004	[240] _g_IwGLVirtualRot
0x000B0E68	0x00000004	[247] __ZN8CIwImage13s_FixedBucketE
0x000B0E70	0x00000008	[247] _g_ColourReductionThreshold
0x000B0E78	0x00000004	[247] _g_ColourReductionDump
0x000B0E7C	0x00000004	[247] _g_DoColourReduction
0x000B0E80	0x00000004	[258] _g_IwManagedParseAttributeFn
0x000B0E84	0x00000004	[258] _g_IwManagedPreSerialisedHash
0x000B0E88	0x00000001	[258] _g_IwManagedHashIsPreSerialised
0x000B0E8C	0x00000004	[260] _g_SystemBucket
0x000B0E90	0x00000004	[263] _g_IwMenuManager
0x000B0E94	0x000000CC	[266] _g_IwSerialiseContext
0x000B0F60	0x00000004	[266] _g_IwSerialiseContextValid
0x000B0F64	0x00000030	[297] __ZN7CIwFMat10g_IdentityE
0x000B0F94	0x00000018	[298] __ZN9CIwFMat2D10g_IdentityE
0x000B0FAC	0x00000008	[300] __ZN8CIwFVec26g_ZeroE
0x000B0FB4	0x00000008	[300] __ZN8CIwFVec27g_AxisXE
0x000B0FBC	0x00000008	[300] __ZN8CIwFVec27g_AxisYE
0x000B0FC4	0x0000000C	[301] __ZN8CIwFVec36g_ZeroE
0x000B0FD0	0x0000000C	[301] __ZN8CIwFVec37g_AxisXE
0x000B0FDC	0x0000000C	[301] __ZN8CIwFVec37g_AxisYE
0x000B0FE8	0x0000000C	[301] __ZN8CIwFVec37g_AxisZE
0x000B0FF4	0x00000010	[302] __ZN8CIwFVec46g_ZeroE
0x000B1004	0x00000010	[302] __ZN8CIwFVec47g_AxisXE
0x000B1014	0x00000010	[302] __ZN8CIwFVec47g_AxisYE
0x000B1024	0x00000010	[302] __ZN8CIwFVec47g_AxisZE
0x000B1034	0x00000010	[302] __ZN8CIwFVec47g_AxisWE
0x000B1044	0x00000030	[303] __ZN6CIwMat10g_IdentityE
0x000B1074	0x00000018	[304] __ZN8CIwMat2D10g_IdentityE
0x000B108C	0x0000000C	[305] __ZN8CIwPlane4g_YZE
0x000B1098	0x0000000C	[305] __ZN8CIwPlane4g_XZE
0x000B10A4	0x0000000C	[305] __ZN8CIwPlane4g_XYE
0x000B10B0	0x00000004	[308] __ZN8CIwSVec26g_ZeroE
0x000B10B4	0x00000004	[308] __ZN8CIwSVec27g_AxisXE
0x000B10B8	0x00000004	[308] __ZN8CIwSVec27g_AxisYE
0x000B10BC	0x00000006	[309] __ZN8CIwSVec36g_ZeroE
0x000B10C2	0x00000006	[309] __ZN8CIwSVec37g_AxisXE
0x000B10C8	0x00000006	[309] __ZN8CIwSVec37g_AxisYE
0x000B10CE	0x00000006	[309] __ZN8CIwSVec37g_AxisZE
0x000B10D4	0x00000008	[310] __ZN8CIwSVec46g_ZeroE
0x000B10DC	0x00000008	[310] __ZN8CIwSVec47g_AxisXE
0x000B10E4	0x00000008	[310] __ZN8CIwSVec47g_AxisYE
0x000B10EC	0x00000008	[310] __ZN8CIwSVec47g_AxisZE
0x000B10F4	0x00000008	[310] __ZN8CIwSVec47g_AxisWE
0x000B10FC	0x00004004	[311] _g_SqrtTable
0x000B5100	0x00004000	[311] _g_InverseSqrtTable
0x000B9100	0x00000008	[312] __ZN7CIwVec26g_ZeroE
0x000B9108	0x00000008	[312] __ZN7CIwVec27g_AxisXE
0x000B9110	0x00000008	[312] __ZN7CIwVec27g_AxisYE
0x000B9118	0x0000000C	[313] __ZN7CIwVec36g_ZeroE
0x000B9124	0x0000000C	[313] __ZN7CIwVec37g_AxisXE
0x000B9130	0x0000000C	[313] __ZN7CIwVec37g_AxisYE
0x000B913C	0x0000000C	[313] __ZN7CIwVec37g_AxisZE
0x000B9148	0x00000010	[314] __ZN7CIwVec46g_ZeroE
0x000B9158	0x00000010	[314] __ZN7CIwVec47g_AxisXE
0x000B9168	0x00000010	[314] __ZN7CIwVec47g_AxisYE
0x000B9178	0x00000010	[314] __ZN7CIwVec47g_AxisZE
0x000B9188	0x00000010	[314] __ZN7CIwVec47g_AxisWE
0x000B9198	0x00000004	[316] _s_ResSearchGroup
0x000B919C	0x00000004	[316] _g_IwResManager
0x000B91A0	0x00000004	[318] _g_IwGxFontTextureMaxSize
0x000B91A4	0x00000004	[318] _g_IwGxFontCacheTextureMaxSize
0x000B91A8	0x00000004	[318] _g_IwGxFontEnableTTFKerning
0x000B91AC	0x00000004	[318] _g_TestWinAscent
0x000B91B0	0x00000010	[322] _g_Caches
0x000B91C0	0x00000004	[323] _g_pFactoryInstance
0x000B91C4	0x00000004	[326] _g_IwGxFontState
0x000B91C8	0x00000004	[328] _tiniconv_charset_map
0x000B91CC	0x00000068	[335] __ZN4_STL3cinE
0x000B9234	0x00000064	[335] __ZN4_STL4coutE
0x000B9298	0x00000064	[335] __ZN4_STL4cerrE
0x000B92FC	0x00000064	[335] __ZN4_STL4clogE
0x000B9360	0x00000068	[335] __ZN4_STL4wcinE
0x000B93C8	0x00000064	[335] __ZN4_STL5wcoutE
0x000B942C	0x00000064	[335] __ZN4_STL5wcerrE
0x000B9490	0x00000064	[335] __ZN4_STL5wclogE
0x000B94F4	0x00000004	[335] __ZN4_STL8ios_base4Init8_S_countE
0x000B94F8	0x00000004	[336] __ZN4_STL12_Locale_impl14_S_global_implE
0x000B94FC	0x00000004	[336] __ZN4_STL8ios_base9_Loc_init8_S_countE
0x000B9500	0x0000000C	[338] __ZN4_STL15_S_empty_stringE
0x000B950C	0x0000000C	[338] __ZN4_STL16_S_empty_wstringE
0x000B9518	0x0000000C	[343] __ZN4_STL8numpunctIcE11_M_truenameE
0x000B9524	0x0000000C	[343] __ZN4_STL8numpunctIcE12_M_falsenameE
0x000B9530	0x0000000C	[343] __ZN4_STL8numpunctIcE11_M_groupingE
0x000B953C	0x0000000C	[343] __ZN4_STL8numpunctIwE11_M_truenameE
0x000B9548	0x0000000C	[343] __ZN4_STL8numpunctIwE12_M_falsenameE
0x000B9554	0x0000000C	[343] __ZN4_STL8numpunctIwE11_M_groupingE
0x000B9560	0x00000004	[350] _g_DelayedCreationLock
0x000B9564	0x00000004	[350] _g_CrtFilesLock
0x000B9568	0x00000004	[350] _g_CrtOpenDirsLock
0x000B956C	0x00000004	[350] _g_CrtSockets
0x000B9570	0x00000004	[350] ___s3eStackBase
0x000B9574	0x00000004	[356] _g_PThreadChecked
0x000B9578	0x00000004	[356] _g_PThreadPresent
0x000B957C	0x00000004	[360] _g_StdinLen
0x000B9580	0x00000004	[363] _g_TLS
0x000B9584	0x00000C08	[365] _g_DebugGlobals
0x000BA18C	0x00005DC0	[372] _g_ExitFuncsAndArgs
0x000BFF4C	0x00000004	[372] _g_ExitFuncsAndArgsOverspillBegin
0x000BFF50	0x00000004	[372] _g_ExitFuncsAndArgsOverspillEnd
0x000BFF54	0x00000004	[372] _g_ExitFuncsRegistered
0x000BFF58	0x00000008	[270] _alphadec
0x000BFF60	0x00000100	[695] ___hexdig
0x000C0060	0x00000001	[  4] __ZN4_STLL8_LocInitE
0x000C0061	0x00000001	[  4] __ZN4_STLL8_IosInitE
0x000C0064	0x00000004	[  5] __ZL17g_Iw2DInitialised
0x000C0068	0x00000008	[ 14] __ZZ33IwGxDefaultContextRestoreCallbackiE7s_Timer
0x000C0070	0x00000004	[ 14] __ZL9s_Suspend
0x000C0074	0x00000004	[ 14] __ZL15g_ClearRequired
0x000C0078	0x00000004	[ 14] __ZL17s_MaxRestoreDepth
0x000C007C	0x00000001	[ 24] __ZL18s_DefaultDepthMask
0x000C0080	0x00000100	[ 25] __ZL23s_UserShaderEnvironment
0x000C0180	0x00000024	[ 25] __ZL12g_BoundArray
0x000C01A4	0x00000024	[ 25] __ZL13g_BoundOffset
0x000C01C8	0x00000004	[ 26] __ZZN10CIwTexture24_UploadIndividualImageGLEjR8CIwImageE5s_Col
0x000C01CC	0x00000004	[ 32] __ZL24g_SerialiseBakedTextures
0x000C01D0	0x00000004	[ 32] __ZL18g_SerialisePadding
0x000C01D4	0x00000004	[ 35] __ZL15g_CursorEnabled
0x000C01D8	0x00000004	[ 35] __ZL12g_CursorSize
0x000C01DC	0x00000004	[ 46] __ZL17s_IwGxPrintBuffer
0x000C01E0	0x00000004	[ 46] __ZL19s_PrintStringBuffer
0x000C01E4	0x00000004	[ 46] __ZL21s_IwGxPrintBufferSize
0x000C01E8	0x00000004	[ 46] __ZL23s_PrintStringBufferSize
0x000C01EC	0x00000004	[ 46] __ZL20s_IwGxPrintBufferPos
0x000C01F0	0x00000004	[ 46] __ZL17s_NumPrintStrings
0x000C01F4	0x00000004	[ 46] __ZL12s_PrintFlush
0x000C01F8	0x00000004	[ 46] __ZL22s_IwGxPrintFontTexture
0x000C01FC	0x000000C4	[ 46] __ZL28s_IwGxPrintFontTextureBuffer
0x000C02C0	0x00000200	[ 58] __ZL14s_TextureNames
0x000C04C0	0x00000080	[ 58] __ZL18s_VertexShaderName
0x000C0540	0x00000004	[222] __ZL17g_IwGLInitialised
0x000C0544	0x00000004	[224] __ZL17s_EGLMajorVersion
0x000C0548	0x00000004	[224] __ZL17s_EGLMinorVersion
0x000C054C	0x00000004	[245] __ZL13s_ReadGlobals
0x000C0550	0x00000004	[245] __ZL14s_ReadPrefixes
0x000C0554	0x00000004	[245] __ZL13s_WritePrefix
0x000C0558	0x00000004	[246] __ZL18s_IwHashFactoryFns
0x000C055C	0x00000400	[247] __ZL3map
0x000C095C	0x00000400	[247] __ZL5remap
0x000C0D5C	0x00000004	[250] __ZL7Private
0x000C0D60	0x00000034	[250] __ZL9CodeMasks
0x000C0D94	0x00000004	[250] __ZL7DataLen
0x000C0D98	0x00000004	[250] __ZL7BuffPos
0x000C0D9C	0x00000001	[253] __ZZ15ReformatPNGDataPhS_P9PNGHeaderP8CIwImageE3val
0x000C0D9D	0x00000003	[253] __ZZ15ReformatPNGDataPhS_P9PNGHeaderP8CIwImageE3val_0
0x000C0DA0	0x00000004	[253] __ZL18s_pPNGDecompBuffer
0x000C0DA4	0x00000004	[253] __ZL23s_PNGDecompBufferCursor
0x000C0DA8	0x00000004	[259] __ZL13s_CallbackPre
0x000C0DAC	0x00000004	[259] __ZL14s_CallbackPost
0x000C0DB0	0x00000008	[260] __ZL23s_SystemMemoryPlacement
0x000C0DB8	0x00000004	[260] __ZL15s_FailBehaviour
0x000C0DBC	0x00000004	[260] __ZL21s_IwMemBucketSelector
0x000C0DC0	0x00000004	[260] __ZL18s_IwMemBucketForce
0x000C0DC4	0x00000004	[262] __ZL1X
0x000C0DC8	0x00000004	[269] __ZL13s_Initialised
0x000C0DD0	0x00000008	[270] _gamma_correction
0x000C0DD8	0x00002000	[270] _network
0x000C2DD8	0x00000004	[270] _thepicture
0x000C2DDC	0x00000004	[270] _lengthcount
0x000C2DE0	0x00000008	[270] _netsize
0x000C2DE8	0x00000800	[270] _biasvalues
0x000C35E8	0x00000800	[270] _freq
0x000C3DE8	0x00000800	[270] _bias
0x000C45E8	0x00000400	[270] _colormap
0x000C49E8	0x00000400	[270] _netindex
0x000C4DE8	0x00000100	[270] _radpower
0x000C4EE8	0x00000004	[296] __ZL13s_Initialised
0x000C4EEC	0x00000004	[315] __ZL17g_SerialisingList
0x000C4EF0	0x00000004	[315] __ZL23s_LoadDirEntryRecursion
0x000C4EF4	0x00000040	[316] __ZL16s_BuildStylePath
0x000C4F34	0x00000004	[316] __ZL13s_Initialised
0x000C4F38	0x00000010	[317] __ZL29s_IwGxBinaryBlockSerialiseFns
0x000C4F4C	0x000000A4	[317] __ZZ29_Serialise_ResGroupChildPathsvE8pathonly
0x000C4FF0	0x00000008	[317] __ZGVZ29_Serialise_ResGroupChildPathsvE8pathonly
0x000C4FF8	0x000000A0	[317] __ZZ29_Serialise_ResGroupChildPathsvE8fileonly
0x000C5098	0x00000008	[317] __ZGVZ29_Serialise_ResGroupChildPathsvE8fileonly
0x000C50A0	0x00000020	[317] __ZZ29_Serialise_ResGroupChildPathsvE3ext
0x000C50C0	0x00000008	[317] __ZGVZ29_Serialise_ResGroupChildPathsvE3ext
0x000C50C8	0x00000004	[318] __ZL13s_Initialised
0x000C50CC	0x00000004	[318] __ZL21s_IwGxFontDefaultData
0x000C50D0	0x00000004	[318] __ZL18s_IwGxFontRenderer
0x000C50D4	0x00000004	[320] __ZL22s_ResolvingFontTexture
0x000C50D8	0x00000004	[320] __ZL21s_LegacyResolvingFont
0x000C50DC	0x00000004	[325] __ZL12s_DecodeMode
0x000C50E0	0x00000050	[325] __ZZN17CIwGxFontRenderer8ReadCharEvE4temp
0x000C5130	0x00000001	[333] __ZN4_STLL8_LocInitE
0x000C5134	0x00000004	[336] __ZN4_STLL8_LocInitE
0x000C5138	0x00000008	[336] __ZN4_STLL14_Null_messagesE
0x000C5140	0x00000018	[336] __ZN4_STLL17_S_classic_localeE
0x000C5158	0x00000014	[336] __ZN4_STLL13_S_ctype_charE
0x000C516C	0x00000010	[336] __ZN4_STLL15_S_collate_charE
0x000C517C	0x00000010	[336] __ZN4_STLL15_S_codecvt_charE
0x000C518C	0x00000010	[336] __ZN4_STLL16_S_numpunct_charE
0x000C519C	0x00000010	[336] __ZN4_STLL15_S_num_get_charE
0x000C51AC	0x00000010	[336] __ZN4_STLL15_S_num_put_charE
0x000C51BC	0x00000228	[336] __ZN4_STLL16_S_time_get_charE
0x000C53E4	0x00000228	[336] __ZN4_STLL16_S_time_put_charE
0x000C560C	0x00000014	[336] __ZN4_STLL23_S_moneypunct_true_charE
0x000C5620	0x00000014	[336] __ZN4_STLL24_S_moneypunct_false_charE
0x000C5634	0x00000010	[336] __ZN4_STLL17_S_money_get_charE
0x000C5644	0x00000010	[336] __ZN4_STLL17_S_money_put_charE
0x000C5654	0x00000010	[336] __ZN4_STLL16_S_messages_charE
0x000C5664	0x00000010	[336] __ZN4_STLL14_S_ctype_wcharE
0x000C5674	0x00000010	[336] __ZN4_STLL16_S_collate_wcharE
0x000C5684	0x00000010	[336] __ZN4_STLL16_S_codecvt_wcharE
0x000C5694	0x00000010	[336] __ZN4_STLL17_S_numpunct_wcharE
0x000C56A4	0x00000010	[336] __ZN4_STLL16_S_num_get_wcharE
0x000C56B4	0x00000010	[336] __ZN4_STLL16_S_num_put_wcharE
0x000C56C4	0x00000228	[336] __ZN4_STLL17_S_time_get_wcharE
0x000C58EC	0x00000228	[336] __ZN4_STLL17_S_time_put_wcharE
0x000C5B14	0x00000010	[336] __ZN4_STLL17_S_messages_wcharE
0x000C5B24	0x00000014	[336] __ZN4_STLL24_S_moneypunct_true_wcharE
0x000C5B38	0x00000014	[336] __ZN4_STLL25_S_moneypunct_false_wcharE
0x000C5B4C	0x00000010	[336] __ZN4_STLL18_S_money_get_wcharE
0x000C5B5C	0x00000010	[336] __ZN4_STLL18_S_money_put_wcharE
0x000C5B6C	0x00000010	[336] __ZN4_STLL12_S_b_classicE
0x000C5B7C	0x0000000C	[336] __ZN4_STLL9_NamelessE
0x000C5B88	0x00000001	[350] __ZZ5abortE8aborting
0x000C5B8C	0x00000A00	[350] __ZL7g_Files
0x000C658C	0x00000100	[351] __ZL9g_AppName
0x000C668C	0x00000004	[352] __ZL15g_AlignedAllocs
0x000C6690	0x00000004	[354] __ZZL15IsUninitializedP15pthread_mutex_tE17s_reference_mutex
0x000C6694	0x00000004	[355] __ZL9g_NumKeys
0x000C6698	0x00000004	[355] __ZL6g_Keys
0x000C669C	0x00000004	[355] __ZL13g_TLSKeysLock
0x000C66A0	0x00000400	[355] __ZL11g_TLSBlocks
0x000C6AA0	0x00000004	[357] __ZL14g_exit_handler
0x000C6AA4	0x00000400	[358] __ZL9g_Sockets
0x000C6EA4	0x00000010	[359] __ZL13s_freeSetting
0x000C6EB4	0x00000001	[360] __ZL17g_ConfigCheckDone
0x000C6EB5	0x00000003	[360] __ZL13g_ConsoleMode
0x000C6EB8	0x00000004	[360] __ZL14g_TracelineErr
0x000C6EBC	0x00000004	[360] __ZL12g_StderrFile
0x000C6EC0	0x00000004	[360] __ZL14g_TracelineOut
0x000C6EC4	0x00000004	[360] __ZL12g_StdoutFile
0x000C6EC8	0x00000004	[360] __ZL12g_StdinEnded
0x000C6ECC	0x00000004	[360] __ZL13g_StdinBuffer
0x000C6ED0	0x00000004	[360] __ZL11g_StdinFile
0x000C6ED4	0x00000004	[360] __ZL7g_Mutex
0x000C6ED8	0x00000004	[360] __ZL15g_ConsoleString
0x000C6EDC	0x00000004	[360] __ZL12g_StdinStart
0x000C6EE0	0x00000001	[360] __ZZL10DrawCursorbbE7g_White
0x000C6EE4	0x00000004	[364] __ZL7current
0x000C6EE8	0x00000004	[364] __ZL3def
0x000C6EEC	0x00000004	[367] __ZL8g_GotExt
0x000C6EF0	0x00000004	[367] __ZL5g_Ext
0x000C6EF4	0x00000001	[367] __ZL10g_TriedExt
0x000C6EF5	0x00000001	[367] __ZL15g_TriedNoMsgExt
0x000C6EF8	0x00000004	[368] __ZL8g_GotExt
0x000C6EFC	0x00000050	[368] __ZL5g_Ext
0x000C6F4C	0x00000001	[368] __ZL10g_TriedExt
0x000C6F4D	0x00000001	[368] __ZL15g_TriedNoMsgExt
0x000C6F4E	0x00000300	[371] __Z9g_Message
0x000C724E	0x00000014	[705] _ezero
0x000C7264	0x00000004	[755] _prev_tzenv
0x000C7268	0x0000000B	[755] ___tzname_std
0x000C7273	0x0000000B	[755] ___tzname_dst
