# Path: deployments/default/iphone/debug/arm/intermediate_files/learn.app/learn
# Arch: armv7
# Object files:
[  0] linker synthesized
[  1] /Applications/Marmalade.app/Contents/s3e/deploy/plugins/iphone/sys_libs/arm32/System/Library/Frameworks/SystemConfiguration.framework/SystemConfiguration
[  2] /Applications/Marmalade.app/Contents/s3e/deploy/plugins/iphone/sys_libs/arm32/System/Library/Frameworks/Foundation.framework/Foundation
[  3] /Applications/Marmalade.app/Contents/s3e/deploy/plugins/iphone/sys_libs/arm32/System/Library/Frameworks/CoreGraphics.framework/CoreGraphics
[  4] /Applications/Marmalade.app/Contents/s3e/deploy/plugins/iphone/sys_libs/arm32/System/Library/Frameworks/AudioToolbox.framework/AudioToolbox
[  5] /Applications/Marmalade.app/Contents/s3e/deploy/plugins/iphone/sys_libs/arm32/System/Library/Frameworks/AddressBook.framework/AddressBook
[  6] /Applications/Marmalade.app/Contents/s3e/deploy/plugins/iphone/sys_libs/arm32/System/Library/Frameworks/UIKit.framework/UIKit
[  7] /Applications/Marmalade.app/Contents/s3e/deploy/plugins/iphone/sys_libs/arm32/System/Library/Frameworks/OpenGLES.framework/OpenGLES
[  8] /Applications/Marmalade.app/Contents/s3e/deploy/plugins/iphone/sys_libs/arm32/System/Library/Frameworks/CoreMedia.framework/CoreMedia
[  9] /Applications/Marmalade.app/Contents/s3e/deploy/plugins/iphone/sys_libs/arm32/System/Library/Frameworks/CoreVideo.framework/CoreVideo
[ 10] /Applications/Marmalade.app/Contents/s3e/deploy/plugins/iphone/sys_libs/arm32/usr/lib/libz.dylib
[ 11] /Applications/Marmalade.app/Contents/s3e/deploy/plugins/iphone/sys_libs/arm32/lib/crt1.3.1.o
[ 12] /Applications/Marmalade.app/Contents/s3e/deploy/plugins/iphone/sys_libs/arm32/usr/lib/libSystem.B.dylib
[ 13] /Applications/Marmalade.app/Contents/s3e/deploy/plugins/iphone/sys_libs/arm32/usr/lib/libstdc++.dylib
[ 14] /Applications/Marmalade.app/Contents/s3e/deploy/plugins/iphone/sys_libs/arm32/usr/lib/libobjc.dylib
[ 15] /Applications/Marmalade.app/Contents/s3e/deploy/plugins/iphone/sys_libs/arm32/System/Library/Frameworks/CoreFoundation.framework/CoreFoundation
[ 16] /Applications/Marmalade.app/Contents/s3e/loader/ios/armv7/libs3e_debug.a(IwScanf.o)
[ 17] /Applications/Marmalade.app/Contents/s3e/loader/ios/armv7/libs3e_debug.a(IwStdarg.o)
[ 18] /Applications/Marmalade.app/Contents/s3e/loader/ios/armv7/libs3e_debug.a(IwStdlib.o)
[ 19] /Applications/Marmalade.app/Contents/s3e/loader/ios/armv7/libs3e_debug.a(IwStdlibGlobals.o)
[ 20] /Applications/Marmalade.app/Contents/s3e/loader/ios/armv7/libs3e_debug.a(strlcpy.o)
[ 21] /Applications/Marmalade.app/Contents/s3e/loader/ios/armv7/libs3e_debug.a(IwS3ERead.o)
[ 22] /Applications/Marmalade.app/Contents/s3e/loader/ios/armv7/libs3e_debug.a(IwS3EReadCheckLicense.o)
[ 23] /Applications/Marmalade.app/Contents/s3e/loader/ios/armv7/libs3e_debug.a(IwS3ERelocate64.o)
[ 24] /Applications/Marmalade.app/Contents/s3e/loader/ios/armv7/libs3e_debug.a(s3eAnalytics.o)
[ 25] /Applications/Marmalade.app/Contents/s3e/loader/ios/armv7/libs3e_debug.a(s3eExec.o)
[ 26] /Applications/Marmalade.app/Contents/s3e/loader/ios/armv7/libs3e_debug.a(s3eExec_fibre.o)
[ 27] /Applications/Marmalade.app/Contents/s3e/loader/ios/armv7/libs3e_debug.a(s3eExports_IPHONE.o)
[ 28] /Applications/Marmalade.app/Contents/s3e/loader/ios/armv7/libs3e_debug.a(s3eLoader.o)
[ 29] /Applications/Marmalade.app/Contents/s3e/loader/ios/armv7/libs3e_debug.a(s3eLoaderGeneric.o)
[ 30] /Applications/Marmalade.app/Contents/s3e/loader/ios/armv7/libs3e_debug.a(s3eLoaderKey.o)
[ 31] /Applications/Marmalade.app/Contents/s3e/loader/ios/armv7/libs3e_debug.a(s3eLoaderKeyData.o)
[ 32] /Applications/Marmalade.app/Contents/s3e/loader/ios/armv7/libs3e_debug.a(s3eMD5.o)
[ 33] /Applications/Marmalade.app/Contents/s3e/loader/ios/armv7/libs3e_debug.a(s3eSplash.o)
[ 34] /Applications/Marmalade.app/Contents/s3e/loader/ios/armv7/libs3e_debug.a(s3eSplashDuration.o)
[ 35] /Applications/Marmalade.app/Contents/s3e/loader/ios/armv7/libs3e_debug.a(s3eSplashScreenAd.o)
[ 36] /Applications/Marmalade.app/Contents/s3e/loader/ios/armv7/libs3e_debug.a(s3eSplashScreenApp.o)
[ 37] /Applications/Marmalade.app/Contents/s3e/loader/ios/armv7/libs3e_debug.a(s3eSplashScreenBrand.o)
[ 38] /Applications/Marmalade.app/Contents/s3e/loader/ios/armv7/libs3e_debug.a(s3eSplashScreenDebug.o)
[ 39] /Applications/Marmalade.app/Contents/s3e/loader/ios/armv7/libs3e_debug.a(s3eSplashScreenDummy.o)
[ 40] /Applications/Marmalade.app/Contents/s3e/loader/ios/armv7/libs3e_debug.a(s3eSplashScreenEvaluation.o)
[ 41] /Applications/Marmalade.app/Contents/s3e/loader/ios/armv7/libs3e_debug.a(s3eSplashScreenManager.o)
[ 42] /Applications/Marmalade.app/Contents/s3e/loader/ios/armv7/libs3e_debug.a(s3eSplashUtil.o)
[ 43] /Applications/Marmalade.app/Contents/s3e/loader/ios/armv7/libs3e_debug.a(s3eCodeHash.o)
[ 44] /Applications/Marmalade.app/Contents/s3e/loader/ios/armv7/libs3e_debug.a(s3eDataDecode.o)
[ 45] /Applications/Marmalade.app/Contents/s3e/loader/ios/armv7/libs3e_debug.a(s3eExec_platform.o)
[ 46] /Applications/Marmalade.app/Contents/s3e/loader/ios/armv7/libs3e_debug.a(s3eSection.o)
[ 47] /Applications/Marmalade.app/Contents/s3e/loader/ios/armv7/libs3e_debug.a(s3eCamera.o)
[ 48] /Applications/Marmalade.app/Contents/s3e/loader/ios/armv7/libs3e_debug.a(s3eCamera_register.o)
[ 49] /Applications/Marmalade.app/Contents/s3e/loader/ios/armv7/libs3e_debug.a(s3eCamera_platform.o)
[ 50] /Applications/Marmalade.app/Contents/s3e/loader/ios/armv7/libs3e_debug.a(s3eCameraCapture.o)
[ 51] /Applications/Marmalade.app/Contents/s3e/loader/ios/armv7/libs3e_debug.a(s3eCameraCapture_register.o)
[ 52] /Applications/Marmalade.app/Contents/s3e/loader/ios/armv7/libs3e_debug.a(s3eCameraCapture_platform.o)
[ 53] /Applications/Marmalade.app/Contents/s3e/loader/ios/armv7/libs3e_debug.a(s3eClipboard_register.o)
[ 54] /Applications/Marmalade.app/Contents/s3e/loader/ios/armv7/libs3e_debug.a(s3eCompass_register.o)
[ 55] /Applications/Marmalade.app/Contents/s3e/loader/ios/armv7/libs3e_debug.a(s3eContacts.o)
[ 56] /Applications/Marmalade.app/Contents/s3e/loader/ios/armv7/libs3e_debug.a(s3eContacts_register.o)
[ 57] /Applications/Marmalade.app/Contents/s3e/loader/ios/armv7/libs3e_debug.a(s3eContacts_platform.o)
[ 58] /Applications/Marmalade.app/Contents/s3e/loader/ios/armv7/libs3e_debug.a(s3eDebugHeap.o)
[ 59] /Applications/Marmalade.app/Contents/s3e/loader/ios/armv7/libs3e_debug.a(s3eDebugHeap_register.o)
[ 60] /Applications/Marmalade.app/Contents/s3e/loader/ios/armv7/libs3e_debug.a(s3eEMail.o)
[ 61] /Applications/Marmalade.app/Contents/s3e/loader/ios/armv7/libs3e_debug.a(s3eEMail_register.o)
[ 62] /Applications/Marmalade.app/Contents/s3e/loader/ios/armv7/libs3e_debug.a(s3eEMail_1.o)
[ 63] /Applications/Marmalade.app/Contents/s3e/loader/ios/armv7/libs3e_debug.a(s3eEMail_platform.o)
[ 64] /Applications/Marmalade.app/Contents/s3e/loader/ios/armv7/libs3e_debug.a(s3eEval.o)
[ 65] /Applications/Marmalade.app/Contents/s3e/loader/ios/armv7/libs3e_debug.a(s3eEval_register.o)
[ 66] /Applications/Marmalade.app/Contents/s3e/loader/ios/armv7/libs3e_debug.a(s3eHighResTimer_register.o)
[ 67] /Applications/Marmalade.app/Contents/s3e/loader/ios/armv7/libs3e_debug.a(s3eIOSBackgroundAudio_register.o)
[ 68] /Applications/Marmalade.app/Contents/s3e/loader/ios/armv7/libs3e_debug.a(s3eIOSBackgroundAudio.o)
[ 69] /Applications/Marmalade.app/Contents/s3e/loader/ios/armv7/libs3e_debug.a(s3eImagePicker.o)
[ 70] /Applications/Marmalade.app/Contents/s3e/loader/ios/armv7/libs3e_debug.a(s3eImagePicker_register.o)
[ 71] /Applications/Marmalade.app/Contents/s3e/loader/ios/armv7/libs3e_debug.a(s3eIOSImagePicker.o)
[ 72] /Applications/Marmalade.app/Contents/s3e/loader/ios/armv7/libs3e_debug.a(s3eImagePicker_platform.o)
[ 73] /Applications/Marmalade.app/Contents/s3e/loader/ios/armv7/libs3e_debug.a(s3eLibrary.o)
[ 74] /Applications/Marmalade.app/Contents/s3e/loader/ios/armv7/libs3e_debug.a(s3eLibrary_dlopen.o)
[ 75] /Applications/Marmalade.app/Contents/s3e/loader/ios/armv7/libs3e_debug.a(s3eLibrary_register.o)
[ 76] /Applications/Marmalade.app/Contents/s3e/loader/ios/armv7/libs3e_debug.a(s3eLocation_register.o)
[ 77] /Applications/Marmalade.app/Contents/s3e/loader/ios/armv7/libs3e_debug.a(s3eOSExec.o)
[ 78] /Applications/Marmalade.app/Contents/s3e/loader/ios/armv7/libs3e_debug.a(s3eOSExec_register.o)
[ 79] /Applications/Marmalade.app/Contents/s3e/loader/ios/armv7/libs3e_debug.a(s3eOSExec_iphone.o)
[ 80] /Applications/Marmalade.app/Contents/s3e/loader/ios/armv7/libs3e_debug.a(s3eOSReadString.o)
[ 81] /Applications/Marmalade.app/Contents/s3e/loader/ios/armv7/libs3e_debug.a(s3eOSReadString_register.o)
[ 82] /Applications/Marmalade.app/Contents/s3e/loader/ios/armv7/libs3e_debug.a(s3eOpenUDID.o)
[ 83] /Applications/Marmalade.app/Contents/s3e/loader/ios/armv7/libs3e_debug.a(s3eOpenUDID_register.o)
[ 84] /Applications/Marmalade.app/Contents/s3e/loader/ios/armv7/libs3e_debug.a(OpenUDID.o)
[ 85] /Applications/Marmalade.app/Contents/s3e/loader/ios/armv7/libs3e_debug.a(s3eOpenUDID_platform.o)
[ 86] /Applications/Marmalade.app/Contents/s3e/loader/ios/armv7/libs3e_debug.a(s3eSocketOpt_register.o)
[ 87] /Applications/Marmalade.app/Contents/s3e/loader/ios/armv7/libs3e_debug.a(s3eSoundRecord_register.o)
[ 88] /Applications/Marmalade.app/Contents/s3e/loader/ios/armv7/libs3e_debug.a(s3eTest.o)
[ 89] /Applications/Marmalade.app/Contents/s3e/loader/ios/armv7/libs3e_debug.a(s3eTest_register.o)
[ 90] /Applications/Marmalade.app/Contents/s3e/loader/ios/armv7/libs3e_debug.a(s3eTest_platform.o)
[ 91] /Applications/Marmalade.app/Contents/s3e/loader/ios/armv7/libs3e_debug.a(s3eThread_register.o)
[ 92] /Applications/Marmalade.app/Contents/s3e/loader/ios/armv7/libs3e_debug.a(s3eVFS.o)
[ 93] /Applications/Marmalade.app/Contents/s3e/loader/ios/armv7/libs3e_debug.a(s3eVFS_register.o)
[ 94] /Applications/Marmalade.app/Contents/s3e/loader/ios/armv7/libs3e_debug.a(IwDebug.o)
[ 95] /Applications/Marmalade.app/Contents/s3e/loader/ios/armv7/libs3e_debug.a(IwMemManagerDL.o)
[ 96] /Applications/Marmalade.app/Contents/s3e/loader/ios/armv7/libs3e_debug.a(IwPath.o)
[ 97] /Applications/Marmalade.app/Contents/s3e/loader/ios/armv7/libs3e_debug.a(s3eCompression_platform.o)
[ 98] /Applications/Marmalade.app/Contents/s3e/loader/ios/armv7/libs3e_debug.a(s3eLicense_platform.o)
[ 99] /Applications/Marmalade.app/Contents/s3e/loader/ios/armv7/libs3e_debug.a(s3eSecureStorage_platform.o)
[100] /Applications/Marmalade.app/Contents/s3e/loader/ios/armv7/libs3e_debug.a(s3eSoundVolume_platform.o)
[101] /Applications/Marmalade.app/Contents/s3e/loader/ios/armv7/libs3e_debug.a(s3eAccelerometer.o)
[102] /Applications/Marmalade.app/Contents/s3e/loader/ios/armv7/libs3e_debug.a(s3eAudio.o)
[103] /Applications/Marmalade.app/Contents/s3e/loader/ios/armv7/libs3e_debug.a(s3eBigInt.o)
[104] /Applications/Marmalade.app/Contents/s3e/loader/ios/armv7/libs3e_debug.a(s3eCallbacks.o)
[105] /Applications/Marmalade.app/Contents/s3e/loader/ios/armv7/libs3e_debug.a(s3eCompass.o)
[106] /Applications/Marmalade.app/Contents/s3e/loader/ios/armv7/libs3e_debug.a(s3eCompression.o)
[107] /Applications/Marmalade.app/Contents/s3e/loader/ios/armv7/libs3e_debug.a(s3eCompression_lzma.o)
[108] /Applications/Marmalade.app/Contents/s3e/loader/ios/armv7/libs3e_debug.a(s3eConfig.o)
[109] /Applications/Marmalade.app/Contents/s3e/loader/ios/armv7/libs3e_debug.a(s3eCopyups.o)
[110] /Applications/Marmalade.app/Contents/s3e/loader/ios/armv7/libs3e_debug.a(s3eCrypto.o)
[111] /Applications/Marmalade.app/Contents/s3e/loader/ios/armv7/libs3e_debug.a(s3eCrypto_generic.o)
[112] /Applications/Marmalade.app/Contents/s3e/loader/ios/armv7/libs3e_debug.a(s3eCrypto_sha1.o)
[113] /Applications/Marmalade.app/Contents/s3e/loader/ios/armv7/libs3e_debug.a(s3eDebug.o)
[114] /Applications/Marmalade.app/Contents/s3e/loader/ios/armv7/libs3e_debug.a(s3eDebugPrint.o)
[115] /Applications/Marmalade.app/Contents/s3e/loader/ios/armv7/libs3e_debug.a(s3eDebugTest.o)
[116] /Applications/Marmalade.app/Contents/s3e/loader/ios/armv7/libs3e_debug.a(s3eDevice.o)
[117] /Applications/Marmalade.app/Contents/s3e/loader/ios/armv7/libs3e_debug.a(s3eDeviceAbort.o)
[118] /Applications/Marmalade.app/Contents/s3e/loader/ios/armv7/libs3e_debug.a(s3eEdk.o)
[119] /Applications/Marmalade.app/Contents/s3e/loader/ios/armv7/libs3e_debug.a(s3eEntry.o)
[120] /Applications/Marmalade.app/Contents/s3e/loader/ios/armv7/libs3e_debug.a(s3eError.o)
[121] /Applications/Marmalade.app/Contents/s3e/loader/ios/armv7/libs3e_debug.a(s3eExt.o)
[122] /Applications/Marmalade.app/Contents/s3e/loader/ios/armv7/libs3e_debug.a(s3eFibre.o)
[123] /Applications/Marmalade.app/Contents/s3e/loader/ios/armv7/libs3e_debug.a(s3eFile.o)
[124] /Applications/Marmalade.app/Contents/s3e/loader/ios/armv7/libs3e_debug.a(s3eFile_SystemFS.o)
[125] /Applications/Marmalade.app/Contents/s3e/loader/ios/armv7/libs3e_debug.a(s3eFile_UserFS.o)
[126] /Applications/Marmalade.app/Contents/s3e/loader/ios/armv7/libs3e_debug.a(s3eFile_memory.o)
[127] /Applications/Marmalade.app/Contents/s3e/loader/ios/armv7/libs3e_debug.a(s3eFile_posix.o)
[128] /Applications/Marmalade.app/Contents/s3e/loader/ios/armv7/libs3e_debug.a(s3eGL.o)
[129] /Applications/Marmalade.app/Contents/s3e/loader/ios/armv7/libs3e_debug.a(s3eGlobalLock.o)
[130] /Applications/Marmalade.app/Contents/s3e/loader/ios/armv7/libs3e_debug.a(s3eGlobalsStatic.o)
[131] /Applications/Marmalade.app/Contents/s3e/loader/ios/armv7/libs3e_debug.a(s3eKeyboard.o)
[132] /Applications/Marmalade.app/Contents/s3e/loader/ios/armv7/libs3e_debug.a(s3eLicense.o)
[133] /Applications/Marmalade.app/Contents/s3e/loader/ios/armv7/libs3e_debug.a(s3eLicenseEDK.o)
[134] /Applications/Marmalade.app/Contents/s3e/loader/ios/armv7/libs3e_debug.a(s3eLocation.o)
[135] /Applications/Marmalade.app/Contents/s3e/loader/ios/armv7/libs3e_debug.a(s3eMemory.o)
[136] /Applications/Marmalade.app/Contents/s3e/loader/ios/armv7/libs3e_debug.a(s3eMemory_malloc.o)
[137] /Applications/Marmalade.app/Contents/s3e/loader/ios/armv7/libs3e_debug.a(s3ePointer.o)
[138] /Applications/Marmalade.app/Contents/s3e/loader/ios/armv7/libs3e_debug.a(s3eSecureStorage.o)
[139] /Applications/Marmalade.app/Contents/s3e/loader/ios/armv7/libs3e_debug.a(s3eSocket.o)
[140] /Applications/Marmalade.app/Contents/s3e/loader/ios/armv7/libs3e_debug.a(s3eSocket_bsd.o)
[141] /Applications/Marmalade.app/Contents/s3e/loader/ios/armv7/libs3e_debug.a(s3eSound.o)
[142] /Applications/Marmalade.app/Contents/s3e/loader/ios/armv7/libs3e_debug.a(s3eSoundChannel.o)
[143] /Applications/Marmalade.app/Contents/s3e/loader/ios/armv7/libs3e_debug.a(s3eSoundChannelMix.o)
[144] /Applications/Marmalade.app/Contents/s3e/loader/ios/armv7/libs3e_debug.a(s3eSoundMixer.o)
[145] /Applications/Marmalade.app/Contents/s3e/loader/ios/armv7/libs3e_debug.a(s3eSoundRecord.o)
[146] /Applications/Marmalade.app/Contents/s3e/loader/ios/armv7/libs3e_debug.a(s3eStackSwitch.o)
[147] /Applications/Marmalade.app/Contents/s3e/loader/ios/armv7/libs3e_debug.a(s3eStackSwitchGetThunkAddress.o)
[148] /Applications/Marmalade.app/Contents/s3e/loader/ios/armv7/libs3e_debug.a(s3eSurface.o)
[149] /Applications/Marmalade.app/Contents/s3e/loader/ios/armv7/libs3e_debug.a(s3eThread.o)
[150] /Applications/Marmalade.app/Contents/s3e/loader/ios/armv7/libs3e_debug.a(s3eThread_pthread.o)
[151] /Applications/Marmalade.app/Contents/s3e/loader/ios/armv7/libs3e_debug.a(s3eTimer.o)
[152] /Applications/Marmalade.app/Contents/s3e/loader/ios/armv7/libs3e_debug.a(s3eVibra.o)
[153] /Applications/Marmalade.app/Contents/s3e/loader/ios/armv7/libs3e_debug.a(s3eVideo.o)
[154] /Applications/Marmalade.app/Contents/s3e/loader/ios/armv7/libs3e_debug.a(CS_Wrapper.o)
[155] /Applications/Marmalade.app/Contents/s3e/loader/ios/armv7/libs3e_debug.a(GLView.o)
[156] /Applications/Marmalade.app/Contents/s3e/loader/ios/armv7/libs3e_debug.a(LaunchImageViewController.o)
[157] /Applications/Marmalade.app/Contents/s3e/loader/ios/armv7/libs3e_debug.a(MainView.o)
[158] /Applications/Marmalade.app/Contents/s3e/loader/ios/armv7/libs3e_debug.a(MainViewController.o)
[159] /Applications/Marmalade.app/Contents/s3e/loader/ios/armv7/libs3e_debug.a(MarmaladeViewController.o)
[160] /Applications/Marmalade.app/Contents/s3e/loader/ios/armv7/libs3e_debug.a(s3eAccelerometer_iphone.o)
[161] /Applications/Marmalade.app/Contents/s3e/loader/ios/armv7/libs3e_debug.a(s3eAppDelegate.o)
[162] /Applications/Marmalade.app/Contents/s3e/loader/ios/armv7/libs3e_debug.a(s3eAudio_iphone.o)
[163] /Applications/Marmalade.app/Contents/s3e/loader/ios/armv7/libs3e_debug.a(s3eAudio_platform.o)
[164] /Applications/Marmalade.app/Contents/s3e/loader/ios/armv7/libs3e_debug.a(s3eClipboard.o)
[165] /Applications/Marmalade.app/Contents/s3e/loader/ios/armv7/libs3e_debug.a(s3eCompass_iphone.o)
[166] /Applications/Marmalade.app/Contents/s3e/loader/ios/armv7/libs3e_debug.a(s3eConfig_platform.o)
[167] /Applications/Marmalade.app/Contents/s3e/loader/ios/armv7/libs3e_debug.a(s3eCopyups_platform.o)
[168] /Applications/Marmalade.app/Contents/s3e/loader/ios/armv7/libs3e_debug.a(s3eDebug_platform.o)
[169] /Applications/Marmalade.app/Contents/s3e/loader/ios/armv7/libs3e_debug.a(s3eDevice_iphone.o)
[170] /Applications/Marmalade.app/Contents/s3e/loader/ios/armv7/libs3e_debug.a(s3eDevice_platform.o)
[171] /Applications/Marmalade.app/Contents/s3e/loader/ios/armv7/libs3e_debug.a(s3eEdk_iphone.o)
[172] /Applications/Marmalade.app/Contents/s3e/loader/ios/armv7/libs3e_debug.a(s3eEglWrapper.o)
[173] /Applications/Marmalade.app/Contents/s3e/loader/ios/armv7/libs3e_debug.a(s3eFile_iphone.o)
[174] /Applications/Marmalade.app/Contents/s3e/loader/ios/armv7/libs3e_debug.a(s3eGLWrapper.o)
[175] /Applications/Marmalade.app/Contents/s3e/loader/ios/armv7/libs3e_debug.a(s3eGL_platform.o)
[176] /Applications/Marmalade.app/Contents/s3e/loader/ios/armv7/libs3e_debug.a(s3eKeyboard_iphone.o)
[177] /Applications/Marmalade.app/Contents/s3e/loader/ios/armv7/libs3e_debug.a(s3eKeyboard_platform.o)
[178] /Applications/Marmalade.app/Contents/s3e/loader/ios/armv7/libs3e_debug.a(s3eLocation_iphone.o)
[179] /Applications/Marmalade.app/Contents/s3e/loader/ios/armv7/libs3e_debug.a(s3ePointer_platform.o)
[180] /Applications/Marmalade.app/Contents/s3e/loader/ios/armv7/libs3e_debug.a(s3eSocket_iphone.o)
[181] /Applications/Marmalade.app/Contents/s3e/loader/ios/armv7/libs3e_debug.a(s3eSoundRecord_platform.o)
[182] /Applications/Marmalade.app/Contents/s3e/loader/ios/armv7/libs3e_debug.a(s3eSound_iphone.o)
[183] /Applications/Marmalade.app/Contents/s3e/loader/ios/armv7/libs3e_debug.a(s3eSound_platform.o)
[184] /Applications/Marmalade.app/Contents/s3e/loader/ios/armv7/libs3e_debug.a(s3eStaticLink.o)
[185] /Applications/Marmalade.app/Contents/s3e/loader/ios/armv7/libs3e_debug.a(s3eSurface_iphone.o)
[186] /Applications/Marmalade.app/Contents/s3e/loader/ios/armv7/libs3e_debug.a(s3eSurface_platform.o)
[187] /Applications/Marmalade.app/Contents/s3e/loader/ios/armv7/libs3e_debug.a(s3eTrace.o)
[188] /Applications/Marmalade.app/Contents/s3e/loader/ios/armv7/libs3e_debug.a(s3eVibra_platform.o)
[189] /Applications/Marmalade.app/Contents/s3e/loader/ios/armv7/libs3e_debug.a(s3eVideo_iphone.o)
[190] /Applications/Marmalade.app/Contents/s3e/loader/ios/armv7/libs3e_debug.a(s3eVideo_platform.o)
[191] /Applications/Marmalade.app/Contents/s3e/loader/ios/armv7/libs3e_debug.a(s3eCrypto_platform.o)
[192] /Applications/Marmalade.app/Contents/s3e/loader/ios/armv7/libs3e_debug.a(s3eTimer_platform.o)
[193] /Applications/Marmalade.app/Contents/s3e/loader/ios/armv7/libs3e_debug.a(edk_helpers.o)
[194] /Applications/Marmalade.app/Contents/s3e/loader/ios/armv7/libs3e_debug.a(IwLicenseCheck.o)
[195] /Applications/Marmalade.app/Contents/s3e/loader/ios/armv7/libs3e_debug.a(LzmaDec.o)
# Sections:
# Address	Size    	Segment	Section
0x000082F0	0x000A2B3C	__TEXT	__text
0x000AAE2C	0x00002A00	__TEXT	__picsymbolstub4
0x000AD830	0x0000341C	__TEXT	__const
0x000B0C4C	0x00017895	__TEXT	__cstring
0x000C84E1	0x00000284	__TEXT	__objc_classname
0x000C8765	0x00003A5B	__TEXT	__objc_methname
0x000CC1C0	0x00001535	__TEXT	__objc_methtype
0x000CD700	0x00002004	__TEXT	__stub_helper
0x000CF800	0x00000304	__TEXT	__gcc_except_tab
0x000CFC00	0x00000004	__TEXT	__ustring
0x000CFD00	0x00000004	__TEXT	__dof_RACCompou
0x000CFE00	0x00000004	__TEXT	__dof_RACSignal
0x000CFF00	0x00000004	__TEXT	__symbolstub0
0x000D0000	0x0000000C	__TEXT	__symbolstub1
0x18000000	0x00000014	__DATA	__program_vars
0x18000014	0x00000F18	__DATA	__nl_symbol_ptr
0x18000F2C	0x00000A80	__DATA	__la_symbol_ptr
0x180019AC	0x0000000C	__DATA	__mod_init_func
0x180019C0	0x00001840	__DATA	__const
0x18003200	0x000006C0	__DATA	__cfstring
0x180038C0	0x00000058	__DATA	__objc_classlist
0x18003918	0x0000002C	__DATA	__objc_protolist
0x18003944	0x00000008	__DATA	__objc_imageinfo
0x18003950	0x000030B0	__DATA	__objc_const
0x18006A00	0x000006A0	__DATA	__objc_selrefs
0x180070A0	0x00000110	__DATA	__objc_classrefs
0x180071B0	0x00000044	__DATA	__objc_superrefs
0x180071F4	0x0000013C	__DATA	__objc_ivar
0x18007330	0x00000370	__DATA	__objc_data
0x180076A0	0x000012B0	__DATA	__data
0x18008950	0x00001098	__DATA	__bss
0x180099E8	0x00022940	__DATA	__common
0x10000000	0x00000004	__S3E_DATA	s3e_data
0x18800000	0x00000004	__S3E_META	s3e_meta
# Symbols:
# Address	Size    	File  Name
0x000082F0	0x00001C24	[ 16] __Z11__IwVfscanfP12InternalFilePKcPv
0x00009F14	0x00000054	[ 16] _IwSscanf
0x00009F68	0x000000E0	[ 16] __Z20iw__strtold_internalPKcPPci
0x0000A048	0x00000374	[ 16] __Z6strtodPKcPPc
0x0000A3BC	0x00000194	[ 16] __ZN12InternalFile6readchEv
0x0000A550	0x0000163C	[ 17] __ZL12__IwvfprintfP12InternalFilePKcPv
0x0000BB8C	0x00000058	[ 17] _IwVsnprintf
0x0000BBE4	0x00000054	[ 17] _IwSprintf
0x0000BC38	0x00000074	[ 17] _IwSnprintf
0x0000BCAC	0x0000067C	[ 17] __ZL6numberP12InternalFilexiiii
0x0000C328	0x0000010C	[ 17] __ZN12InternalFile4tellEv
0x0000C434	0x00000020	[ 18] _IwMemset
0x0000C454	0x0000001C	[ 18] _IwStrcpy
0x0000C470	0x0000002C	[ 18] _IwStrcat
0x0000C49C	0x0000005C	[ 18] _IwStrncat
0x0000C4F8	0x00000054	[ 18] _IwStrncpy
0x0000C54C	0x00000044	[ 18] _IwStrrchr
0x0000C590	0x0000007C	[ 18] _IwStrstr
0x0000C60C	0x00000040	[ 18] _IwStrnlen
0x0000C64C	0x00000030	[ 18] _IwWcslen
0x0000C67C	0x0000011C	[ 18] _IwStrtoul
0x0000C798	0x00000010	[ 18] _IwToupper
0x0000C7A8	0x00000180	[ 18] _IwStrtol
0x0000C928	0x00000044	[ 18] _IwMemmove
0x0000C96C	0x00000020	[ 18] _IwBzero
0x0000C98C	0x0000002C	[ 18] _IwMemcmp
0x0000C9B8	0x000000B8	[ 18] _IwStrcmpi
0x0000CA70	0x000000E8	[ 18] _IwStrncmpi
0x0000CB58	0x000000A0	[ 18] _IwStrcmp
0x0000CBF8	0x000000A4	[ 18] _IwStrncmp
0x0000CC9C	0x00000010	[ 18] _IwTolower
0x0000CCAC	0x0000025C	[ 18] __Z13_IwTimeFormatPcmPKcPK2tmi
0x0000CF08	0x00000414	[ 18] _IwTimeFormat
0x0000D31C	0x00000040	[ 20] _IwStrchr
0x0000D35C	0x00000030	[ 20] _IwStrlen
0x0000D38C	0x00000100	[ 20] _IwMemcpy
0x0000D48C	0x00000160	[ 20] _strlcpy
0x0000D5EC	0x000001D4	[ 20] _strlcat
0x0000D7C0	0x00000E08	[ 21] __Z9IwS3EReadPKcPFiPviS1_ES1_h
0x0000E5C8	0x000000AC	[ 21] __Z17IwS3ECheckLicenseP5IwS3E
0x0000E674	0x000007D0	[ 21] __Z12PrintHeadersP5IwS3E
0x0000EE44	0x00000118	[ 21] __Z13IwS3ELoadCodeP5IwS3E
0x0000EF5C	0x000000D4	[ 21] __Z12IwS3ELoadSigP5IwS3E
0x0000F030	0x000000D8	[ 21] __Z19IwS3EBuildHashtableP5IwS3E
0x0000F108	0x000000B0	[ 21] __Z18IwS3EBuildHashListP5IwS3EP19IwS3ESymbolsSectionPj
0x0000F1B8	0x00000050	[ 21] __Z22IwS3EGetSymbolFromHashP5IwS3Ej
0x0000F208	0x000004F4	[ 21] __Z21IwS3EDoInternalRelocsP5IwS3EP25IwS3EInternalRelocSection
0x0000F6FC	0x000005EC	[ 21] __Z21IwS3EDoExternalRelocsP5IwS3EP25IwS3EExternalRelocSectionPjPKcbb
0x0000FCE8	0x0000044C	[ 22] __Z25IwS3EReadCheckLicenseDataP19IwS3EAdditionalDatai
0x00010134	0x00000180	[ 23] __Z15IwS3ERelocate64P5IwS3E
0x000102B4	0x00000168	[ 23] __Z23IwS3EDoInternalRelocs64P5IwS3EP25IwS3EInternalRelocSection
0x0001041C	0x00000350	[ 23] __Z23IwS3EDoExternalRelocs64P5IwS3EP25IwS3EExternalRelocSectionPjPKcb
0x0001076C	0x000001F8	[ 23] __Z21HandleUndefinedSymbolPKciRiRPc
0x00010964	0x0000011C	[ 24] __Z21s3eAnalyticsSendStartv
0x00010A80	0x000007FC	[ 24] __ZL9ConnectCBP9s3eSocketPvS1_
0x0001127C	0x00000194	[ 25] __ZN13CS3EExecStack4PushEPKcS1_S1_S1_
0x00011410	0x00000098	[ 25] __ZL18copy_config_stringRPcPKc
0x000114A8	0x00000154	[ 25] __ZN13CS3EExecStack3PopEv
0x000115FC	0x000000E4	[ 25] __ZN13CS3EExecStack8PeekRootEv
0x000116E0	0x00000008	[ 25] __ZN13CS3EExecStack5CountEv
0x000116E8	0x000000C8	[ 25] __ZN13CS3EExecStack4DumpEv
0x000117B0	0x0000027C	[ 25] _s3eExecPushNext
0x00011A2C	0x00000314	[ 25] _s3eExecExecute
0x00011D40	0x0000006C	[ 25] _s3eExecLookupSymbol
0x00011DAC	0x000000B4	[ 25] _s3eGetSymbolsInfo
0x00011E60	0x00000054	[ 25] _s3eExecInit
0x00011EB4	0x00000540	[ 25] __ZL20s3eExecInit_internalPKc
0x000123F4	0x00000110	[ 25] _s3eExecInsufficientMemory
0x00012504	0x00000070	[ 25] _s3eExecTerminate
0x00012574	0x000004EC	[ 25] _s3eExecDoExecuteLoop
0x00012A60	0x00000160	[ 25] __Z19CheckArchCompatible21s3eDeviceArchitectureS_
0x00012BC0	0x000002D4	[ 25] _s3eExecCheckCompat
0x00012E94	0x00000020	[ 25] _s3eExecGetExecutable
0x00012EB4	0x00000138	[ 25] _s3eExecReadConfigFile
0x00012FEC	0x000000B8	[ 25] _s3eExecReadConfigFromS3EFiles
0x000130A4	0x000002CC	[ 25] _s3eExecReadConfigFiles
0x00013370	0x00000040	[ 25] __GLOBAL__I_a
0x000133B0	0x00000134	[ 26] _s3eExecStart
0x000134E4	0x0000018C	[ 26] _s3eExecExit
0x00013670	0x0000277C	[ 27] _s3eGetSymbolsInfo_internal
0x00015DEC	0x000000FC	[ 28] _s3eLoaderRun
0x00015EE8	0x000000F4	[ 28] _s3eLoaderMain
0x00015FDC	0x00000004	[ 29] _AdelanteMain
0x00015FE0	0x00000014	[ 30] __Z28s3eLoaderKeyGetModulusLengthv
0x00015FF4	0x00000014	[ 30] __Z22s3eLoaderKeyGetModulusv
0x00016008	0x00000014	[ 30] __Z29s3eLoaderKeyGetExponentLengthv
0x0001601C	0x00000014	[ 30] __Z23s3eLoaderKeyGetExponentv
0x00016030	0x00000020	[ 30] __Z20s3eLoaderKeyIsActivev
0x00016050	0x0000003C	[ 32] __Z8MD5_InitP7MD5_CTX
0x0001608C	0x000000BC	[ 32] __Z10MD5_UpdateP7MD5_CTXPvm
0x00016148	0x00000CAC	[ 32] __ZL4bodyP7MD5_CTXPvm
0x00016DF4	0x00000178	[ 32] __Z9MD5_FinalPhP7MD5_CTX
0x00016F6C	0x00000120	[ 33] __Z24s3eInitiateSplashScreensv
0x0001708C	0x00000500	[ 33] __Z21s3eDoneLicenseLoadingv
0x0001758C	0x00000158	[ 33] __Z23s3eSplashNotifyJuiceAppv
0x000176E4	0x00000094	[ 33] __Z15s3eSplashRedrawv
0x00017778	0x00000094	[ 33] __Z18s3eLoadingFinishedv
0x0001780C	0x00000098	[ 33] __Z25s3eRegisterSplashProgressP17s3eSplashProgress
0x000178A4	0x00000024	[ 33] __Z24s3eSplashSurfaceShowOncev
0x000178C8	0x0000001C	[ 34] __ZN17s3eSplashDurationC1Ex
0x000178E4	0x0000002C	[ 34] __ZN17s3eSplashDuration6onShowEv
0x00017910	0x00000040	[ 34] __ZNK17s3eSplashDuration11isCompletedEv
0x00017950	0x000000A4	[ 35] __Z17s3eCreateAdSplashv
0x000179F4	0x00000030	[ 35] __ZN17s3eSplashScreenAd6updateEv
0x00017A24	0x00000160	[ 35] __ZN17s3eSplashScreenAd9checkFileEPKc
0x00017B84	0x00000174	[ 35] __ZN17s3eSplashScreenAd9show_implEv
0x00017CF8	0x00000018	[ 35] __ZN17s3eSplashScreenAdD1Ev
0x00017D10	0x00000018	[ 35] __ZN17s3eSplashScreenAdD0Ev
0x00017D28	0x00000038	[ 35] __ZN16s3eISplashScreen11isCompletedEv
0x00017D60	0x00000004	[ 35] __ZN16s3eISplashScreenD1Ev
0x00017D64	0x00000004	[ 35] __ZN16s3eISplashScreenD0Ev
0x00017D68	0x00000004	[ 35] __ZN16s3eISplashScreen6updateEv
0x00017D6C	0x0000021C	[ 36] __Z18s3eCreateAppSplashv
0x00017F88	0x000009A8	[ 36] __ZN18s3eSplashScreenApp9show_implEv
0x00018930	0x00000160	[ 36] __ZL18getSplashAlignment7enAlignii
0x00018A90	0x00000314	[ 36] __ZN9VideoFile4PlayEv
0x00018DA4	0x00000084	[ 36] __ZN18s3eSplashScreenAppD1Ev
0x00018E28	0x00000088	[ 36] __ZN18s3eSplashScreenAppD0Ev
0x00018EB0	0x00000264	[ 36] __ZN9VideoFileC2EPKcii
0x00019114	0x000001AC	[ 36] __ZNSt6vectorIcSaIcEE14_M_fill_insertEN9__gnu_cxx17__normal_iteratorIPcS1_EEmRKc
0x000192C0	0x000000E0	[ 36] __ZN21ClosestSplashSelector11CheckSplashEPKcii
0x000193A0	0x000000B8	[ 37] __Z20s3eCreateBrandSplashv
0x00019458	0x00000134	[ 37] __ZN20s3eSplashScreenBrand9show_implEv
0x0001958C	0x00000004	[ 37] __ZN20s3eSplashScreenBrandD1Ev
0x00019590	0x00000004	[ 37] __ZN20s3eSplashScreenBrandD0Ev
0x00019594	0x0000005C	[ 38] __Z20s3eCreateDebugSplashv
0x000195F0	0x0000027C	[ 38] __ZN20s3eSplashScreenDebug9show_implEv
0x0001986C	0x00000004	[ 38] __ZN20s3eSplashScreenDebugD1Ev
0x00019870	0x00000004	[ 38] __ZN20s3eSplashScreenDebugD0Ev
0x00019874	0x0000009C	[ 39] __Z20s3eCreateDummySplashi
0x00019910	0x00000050	[ 39] __ZN20s3eSplashScreenDummy9show_implEv
0x00019960	0x00000004	[ 39] __ZN20s3eSplashScreenDummyD1Ev
0x00019964	0x00000004	[ 39] __ZN20s3eSplashScreenDummyD0Ev
0x00019968	0x00000084	[ 40] __Z25s3eCreateEvaluationSplashv
0x000199EC	0x0000038C	[ 40] __ZN25s3eSplashScreenEvaluation9show_implEv
0x00019D78	0x00000004	[ 40] __ZN25s3eSplashScreenEvaluationD1Ev
0x00019D7C	0x00000004	[ 40] __ZN25s3eSplashScreenEvaluationD0Ev
0x00019D80	0x00000120	[ 41] __ZN22s3eSplashScreenManager4joinEv
0x00019EA0	0x00000038	[ 41] __ZN22s3eSplashScreenManagerD1Ev
0x00019ED8	0x0000009C	[ 41] __ZN22s3eSplashScreenManager3addEP16s3eISplashScreen
0x00019F74	0x0000006C	[ 41] __ZN22s3eSplashScreenManager6redrawEv
0x00019FE0	0x000000BC	[ 41] __ZN22s3eSplashScreenManager4nextEv
0x0001A09C	0x0000003C	[ 42] __Z16s3eGetSplashFile11SplashColor10SplashSize
0x0001A0D8	0x000000A0	[ 42] __Z22s3eFindBrandSplashFileii
0x0001A178	0x00000194	[ 42] __Z19s3eVerifySplashFileRK10SplashFile
0x0001A30C	0x00000008	[ 42] __Z14s3eIsSimulatorv
0x0001A314	0x00000008	[ 42] __Z11s3eIsIphonev
0x0001A31C	0x00000008	[ 42] __Z15s3eIsBlackBerryv
0x0001A324	0x00000008	[ 42] __Z18s3eIsWindowsStore8v
0x0001A32C	0x00000004	[ 42] __Z27s3eShowSurfaceWindowsPhone8v
0x0001A330	0x0000017C	[ 43] __Z14s3eGetCodeHashRj
0x0001A4AC	0x000000C0	[ 44] __Z9s3eDecodePhij
0x0001A56C	0x00000078	[ 44] __Z13s3eDecodeDataj
0x0001A5E4	0x000001D8	[ 45] _s3eExecSetupPaths
0x0001A7BC	0x000000B8	[ 46] __Z19s3eLoaderGetSectionPKc
0x0001A874	0x0000016C	[ 46] __Z20s3eCalculateLoadDispRm
0x0001A9E0	0x00000188	[ 46] __Z21s3eGetDataLoadAddressRmRj
0x0001AB68	0x00000048	[ 47] __Z13s3eCameraInitv
0x0001ABB0	0x000000BC	[ 47] __Z18s3eCameraTerminatev
0x0001AC6C	0x00000094	[ 47] _s3eCameraStop
0x0001AD00	0x00000004	[ 47] _s3eCameraGetInt
0x0001AD04	0x00000004	[ 47] _s3eCameraSetInt
0x0001AD08	0x00000028	[ 47] _s3eCameraIsFormatSupported
0x0001AD30	0x00000130	[ 47] _s3eCameraStart
0x0001AE60	0x000001D4	[ 47] __Z20yuv420yv12_to_rgb565iiPhPt
0x0001B034	0x00000154	[ 47] __Z20yuv420nv21_to_rgb565iiPhPt
0x0001B188	0x00000008	[ 47] __Z16s3eCameraGotDataP18s3eCameraFrameDataPv
0x0001B190	0x00000290	[ 47] __Z16s3eCameraGotDataP18s3eCameraFrameDataPvi
0x0001B420	0x00000008	[ 48] _s3eCameraGetErrorString
0x0001B428	0x0000000C	[ 48] _s3eCameraGetError
0x0001B434	0x00000038	[ 48] _s3eCameraRegister
0x0001B46C	0x00000034	[ 48] _s3eCameraUnRegister
0x0001B4A0	0x0000014C	[ 48] __Z20s3eCameraRegisterExtv
0x0001B5EC	0x00000064	[ 49] +[s3eCameraDelegate usingCleanupWorkaround]
0x0001B650	0x00000604	[ 49] -[s3eCameraDelegate setupCaptureSession:pixelType:qualityHint:]
0x0001BC54	0x00000060	[ 49] __ZL14camera_cleanupPv
0x0001BCB4	0x00000080	[ 49] -[s3eCameraDelegate stopCaptureSession]
0x0001BD34	0x00000224	[ 49] -[s3eCameraDelegate dealloc]
0x0001BF58	0x000002AC	[ 49] -[s3eCameraDelegate captureOutput:didOutputSampleBuffer:fromConnection:]
0x0001C204	0x00000048	[ 49] -[s3eCameraDelegate onVideoStart:]
0x0001C24C	0x000000E0	[ 49] -[s3eCameraDelegate onVideoStop:]
0x0001C32C	0x00000048	[ 49] -[s3eCameraDelegate onVideoError:]
0x0001C374	0x0000007C	[ 49] __Z22s3eCameraInit_platformv
0x0001C3F0	0x00000004	[ 49] __Z27s3eCameraTerminate_platformv
0x0001C3F4	0x000000BC	[ 49] __Z24s3eCameraGetInt_platform17s3eCameraProperty
0x0001C4B0	0x00000080	[ 49] __Z24s3eCameraSetInt_platform17s3eCameraPropertyi
0x0001C530	0x00000018	[ 49] __Z35s3eCameraIsFormatSupported_platform18s3eCameraPixelType
0x0001C548	0x000000EC	[ 49] __Z19s3eCameraStart_real26s3eCameraStreamingSizeHint18s3eCameraPixelType20s3eCameraQualityHint
0x0001C634	0x0000002C	[ 49] __Z18s3eCameraStop_realv
0x0001C660	0x0000008C	[ 49] __Z23s3eCameraStart_platform26s3eCameraStreamingSizeHint18s3eCameraPixelType20s3eCameraQualityHint
0x0001C6EC	0x00000074	[ 49] __Z22s3eCameraStop_platformv
0x0001C760	0x00000004	[ 50] __Z20s3eCameraCaptureInitv
0x0001C764	0x00000004	[ 50] __Z25s3eCameraCaptureTerminatev
0x0001C768	0x00000004	[ 50] _s3eCameraCaptureIsFormatSupported
0x0001C76C	0x00000064	[ 50] _s3eCameraCaptureToFile
0x0001C7D0	0x00000040	[ 50] _s3eCameraCaptureToBuffer
0x0001C810	0x00000054	[ 50] _s3eCameraCaptureRelease
0x0001C864	0x00000008	[ 51] _s3eCameraCaptureGetErrorString
0x0001C86C	0x0000000C	[ 51] _s3eCameraCaptureGetError
0x0001C878	0x00000124	[ 51] __Z27s3eCameraCaptureRegisterExtv
0x0001C99C	0x00000130	[ 52] __Z25createCameraCaptureResultP6NSDataPK10__CFString
0x0001CACC	0x00000054	[ 52] __Z29s3eCameraCaptureInit_platformv
0x0001CB20	0x00000004	[ 52] __Z34s3eCameraCaptureTerminate_platformv
0x0001CB24	0x000000A4	[ 52] __Z42s3eCameraCaptureIsFormatSupported_platform22s3eCameraCaptureFormat
0x0001CBC8	0x00000220	[ 52] __Z24s3eCameraCapture_generic22s3eCameraCaptureFormatbPci
0x0001CDE8	0x00000090	[ 52] __Z31s3eCameraCaptureToFile_platformPci22s3eCameraCaptureFormat
0x0001CE78	0x0000003C	[ 52] __Z33s3eCameraCaptureToBuffer_platform22s3eCameraCaptureFormat
0x0001CEB4	0x00000008	[ 53] _s3eClipboardGetErrorString
0x0001CEBC	0x0000000C	[ 53] _s3eClipboardGetError
0x0001CEC8	0x000000F8	[ 53] __Z23s3eClipboardRegisterExtv
0x0001CFC0	0x00000064	[ 53] __ZL24s3eClipboardSetText_wrapPKc
0x0001D024	0x0000006C	[ 53] __ZL24s3eClipboardGetText_wrapPci
0x0001D090	0x00000150	[ 54] __Z21s3eCompassRegisterExtv
0x0001D1E0	0x0000001C	[ 55] __Z15s3eContactsInitv
0x0001D1FC	0x00000004	[ 55] _s3eContactsUpdate
0x0001D200	0x00000004	[ 55] __Z20s3eContactsTerminatev
0x0001D204	0x0000002C	[ 55] _s3eContactsGetFieldName
0x0001D230	0x00000038	[ 55] _s3eContactsGetInt
0x0001D268	0x00000004	[ 55] _s3eContactsSimpleSearch
0x0001D26C	0x00000004	[ 55] _s3eContactsGetUID
0x0001D270	0x00000028	[ 55] _s3eContactsGetField
0x0001D298	0x00000010	[ 55] _s3eContactsSetField
0x0001D2A8	0x00000004	[ 55] _s3eContactsGetNumRecords
0x0001D2AC	0x00000004	[ 55] _s3eContactsFieldSupported
0x0001D2B0	0x00000004	[ 55] _s3eContactsGetMaxEntries
0x0001D2B4	0x00000004	[ 55] _s3eContactsGetNumEntries
0x0001D2B8	0x00000004	[ 55] _s3eContactsCreate
0x0001D2BC	0x00000004	[ 55] _s3eContactsDelete
0x0001D2C0	0x0000007C	[ 55] _s3eContactsSimpleFieldMatch_internal
0x0001D33C	0x00000008	[ 56] _s3eContactsGetErrorString
0x0001D344	0x0000000C	[ 56] _s3eContactsGetError
0x0001D350	0x000001AC	[ 56] __Z22s3eContactsRegisterExtv
0x0001D4FC	0x0000004C	[ 57] _s3eContactsGetMaxEntries_platform
0x0001D548	0x00000B58	[ 57] __ZL16GetExtFieldEntry16s3eContactsFieldP10FieldEntry
0x0001E0A0	0x0000004C	[ 57] _s3eContactsFieldSupported_platform
0x0001E0EC	0x00000008	[ 57] _s3eContactsInit_platform
0x0001E0F4	0x00000014	[ 57] _s3eContactsTerminate_platform
0x0001E108	0x0000000C	[ 57] _s3eContactsGetInt_platform
0x0001E114	0x00000170	[ 57] _s3eContactsGetField_platform
0x0001E284	0x000008E0	[ 57] __ZL17GetField_internalPKv16s3eContactsFieldiPci
0x0001EB64	0x000010C8	[ 57] _s3eContactsSetField_platform
0x0001FC2C	0x000003F8	[ 57] __ZL13GetNumEntriesPKv16s3eContactsField
0x00020024	0x00000294	[ 57] __ZL20GetValueIndexByLabelPKviPK10__CFStringS3_
0x000202B8	0x000002A4	[ 57] _s3eContactsUpdate_platform
0x0002055C	0x0000050C	[ 57] _s3eContactsSimpleSearch_platform
0x00020A68	0x00000014	[ 57] _s3eContactsGetNumRecords_platform
0x00020A7C	0x00000060	[ 57] _s3eContactsGetUID_platform
0x00020ADC	0x0000015C	[ 57] _s3eContactsGetNumEntries_platform
0x00020C38	0x00000244	[ 57] _s3eContactsCreate_platform
0x00020E7C	0x0000017C	[ 57] _s3eContactsDelete_platform
0x00020FF8	0x00000014	[ 57] ____ZN11AddressBook12RemoveRecordEPKv_block_invoke
0x0002100C	0x00000010	[ 57] ___copy_helper_block_
0x0002101C	0x0000000C	[ 57] ___destroy_helper_block_
0x00021028	0x00000014	[ 57] ____ZN11AddressBook9AddRecordEPKv_block_invoke
0x0002103C	0x00000010	[ 57] ___copy_helper_block_33
0x0002104C	0x0000000C	[ 57] ___destroy_helper_block_34
0x00021058	0x00000014	[ 57] ____ZN11AddressBook11GetContactsEv_block_invoke
0x0002106C	0x00000010	[ 57] ___copy_helper_block_37
0x0002107C	0x0000000C	[ 57] ___destroy_helper_block_38
0x00021088	0x00000014	[ 57] ____ZN11AddressBook4SaveEv_block_invoke
0x0002109C	0x00000010	[ 57] ___copy_helper_block_41
0x000210AC	0x0000000C	[ 57] ___destroy_helper_block_42
0x000210B8	0x00000184	[ 57] __ZL22MultiValueLabelMatchesPKvlPK10__CFStringS3_
0x0002123C	0x000000E0	[ 57] __ZL16CFStringToBufferPK10__CFStringPci
0x0002131C	0x00000014	[ 57] ____ZN11AddressBook9GetPersonEi_block_invoke
0x00021330	0x00000010	[ 57] ___copy_helper_block_64
0x00021340	0x0000000C	[ 57] ___destroy_helper_block_65
0x0002134C	0x00000030	[ 57] __ZN8CIwArrayIi12CIwAllocatorIi15CIwMallocRouterIiEE17ReallocateDefaultIiS3_EED1Ev
0x0002137C	0x00000298	[ 57] __ZN11AddressBook9GetPersonEi
0x00021614	0x00000014	[ 57] ___clang_call_terminate
0x00021628	0x0000028C	[ 57] __ZN11AddressBook4SaveEv
0x000218B4	0x0000021C	[ 57] __ZN11AddressBook11GetContactsEv
0x00021AD0	0x0000010C	[ 57] __ZNK8CIwArrayIi12CIwAllocatorIi15CIwMallocRouterIiEE17ReallocateDefaultIiS3_EEixEi
0x00021BDC	0x00000228	[ 57] __ZN8CIwArrayIi12CIwAllocatorIi15CIwMallocRouterIiEE17ReallocateDefaultIiS3_EE9push_backERKi
0x00021E04	0x0000025C	[ 57] __ZN11AddressBook9AddRecordEPKv
0x00022060	0x0000025C	[ 57] __ZN11AddressBook12RemoveRecordEPKv
0x000222BC	0x000002D4	[ 57] __ZN8CIwArrayIi12CIwAllocatorIi15CIwMallocRouterIiEE17ReallocateDefaultIiS3_EE12set_capacityEj
0x00022590	0x000000F4	[ 57] __ZN8CIwArrayIi12CIwAllocatorIi15CIwMallocRouterIiEE17ReallocateDefaultIiS3_EE8truncateEj
0x00022684	0x00000124	[ 57] __ZN8CIwArrayIi12CIwAllocatorIi15CIwMallocRouterIiEE17ReallocateDefaultIiS3_EE13push_back_qtyEi
0x000227A8	0x00000264	[ 57] __ZN11AddressBookC2Ev
0x00022A0C	0x00000030	[ 57] __ZN8CIwArrayI10FieldEntry12CIwAllocatorIS0_15CIwMallocRouterIS0_EE17ReallocateDefaultIS0_S4_EED1Ev
0x00022A3C	0x00000110	[ 57] __ZNK8CIwArrayI10FieldEntry12CIwAllocatorIS0_15CIwMallocRouterIS0_EE17ReallocateDefaultIS0_S4_EEixEi
0x00022B4C	0x000000F4	[ 57] __ZN8CIwArrayI10FieldEntry12CIwAllocatorIS0_15CIwMallocRouterIS0_EE17ReallocateDefaultIS0_S4_EE8truncateEj
0x00022C40	0x00000170	[ 57] __ZN8CIwArrayI10FieldEntry12CIwAllocatorIS0_15CIwMallocRouterIS0_EE17ReallocateDefaultIS0_S4_EE13push_back_qtyEi
0x00022DB0	0x000002D8	[ 57] __ZN8CIwArrayI10FieldEntry12CIwAllocatorIS0_15CIwMallocRouterIS0_EE17ReallocateDefaultIS0_S4_EE12set_capacityEj
0x00023088	0x0000006C	[ 57] __GLOBAL__I_a
0x000230F4	0x00000014	[ 58] _s3eExtDebugHeapSize
0x00023108	0x000000DC	[ 58] _s3eExtDebugHeap
0x000231E4	0x00000104	[ 59] __Z23s3eDebugHeapRegisterExtv
0x000232E8	0x00000004	[ 60] _s3eEMailCanSendMail
0x000232EC	0x00000004	[ 60] _s3eEMailSendMail
0x000232F0	0x000000B8	[ 61] __Z19s3eEMailRegisterExtv
0x000233A8	0x00000034	[ 62] _s3eEMailCanSendMail_platform_mm
0x000233DC	0x0000011C	[ 62] _s3eEMailSendMail_platform_mm
0x000234F8	0x000004EC	[ 62] __ZL13SendMail_realv
0x000239E4	0x00000004	[ 63] _s3eEMailCanSendMail_platform
0x000239E8	0x00000004	[ 63] _s3eEMailSendMail_platform
0x000239EC	0x00000018	[ 64] _s3eIsEvalVersion
0x00023A04	0x00000008	[ 64] _s3eLicenseCheck
0x00023A0C	0x00000104	[ 65] __Z18s3eEvalRegisterExtv
0x00023B10	0x00000084	[ 66] __Z26s3eHighResTimerRegisterExtv
0x00023B94	0x00000130	[ 67] __Z32s3eIOSBackgroundAudioRegisterExtv
0x00023CC4	0x000000F4	[ 68] _s3eIOSBackgroundAudioIsPlaying
0x00023DB8	0x0000006C	[ 69] __Z18s3eImagePickerInitv
0x00023E24	0x0000006C	[ 69] _s3eImagePickerReset
0x00023E90	0x0000006C	[ 69] __Z23s3eImagePickerTerminatev
0x00023EFC	0x00000054	[ 69] __ZL40s3eImagePickerUnRegisterSelectedCallbackjiPvS_iS_
0x00023F50	0x0000014C	[ 69] _s3eImagePickerToFilePath
0x0002409C	0x0000014C	[ 69] _s3eImagePickerToBuffer
0x000241E8	0x00000068	[ 69] _s3eImagePickerGetCount
0x00024250	0x000000F8	[ 69] __Z22ImagePicker_IsFileTypePKcS0_
0x00024348	0x00000134	[ 69] __Z21ImagePicker_AddResultR20s3eImagePickerResult
0x0002447C	0x00000058	[ 69] _s3eImagePickerGetIndex
0x000244D4	0x0000005C	[ 69] _s3eImagePickerSaveToGallery
0x00024530	0x00000008	[ 70] _s3eImagePickerGetErrorString
0x00024538	0x0000000C	[ 70] _s3eImagePickerGetError
0x00024544	0x0000014C	[ 70] __Z25s3eImagePickerRegisterExtv
0x00024690	0x0000003C	[ 71] -[s3eUIGalleryImage init]
0x000246CC	0x0000007C	[ 71] -[s3eUIGalleryImage dealloc]
0x00024748	0x000001D8	[ 71] -[s3eUIGalleryImage image:didFinishSavingWithError:contextInfo:]
0x00024920	0x00000014	[ 71] -[s3eUIGalleryImage image]
0x00024934	0x0000003C	[ 71] -[s3eUIGalleryImage setImage:]
0x00024970	0x00000018	[ 71] -[myPopoverDelegate popoverControllerShouldDismissPopover:]
0x00024988	0x000000E4	[ 71] -[myPopoverDelegate popoverControllerDidDismissPopover:]
0x00024A6C	0x0000001C	[ 71] -[myPopoverDelegate m_CanBeDismissed]
0x00024A88	0x0000001C	[ 71] -[myPopoverDelegate setM_CanBeDismissed:]
0x00024AA4	0x000000CC	[ 71] -[s3eUIImagePickerController dealloc]
0x00024B70	0x00000120	[ 71] -[s3eUIImagePickerControllerDelegate init]
0x00024C90	0x000000AC	[ 71] -[s3eUIImagePickerControllerDelegate dealloc]
0x00024D3C	0x00000A00	[ 71] -[s3eUIImagePickerControllerDelegate applySelectedImage]
0x0002573C	0x000001C8	[ 71] -[s3eUIImagePickerControllerDelegate imagePickerController:didFinishPickingMediaWithInfo:]
0x00025904	0x000000B0	[ 71] -[s3eUIImagePickerControllerDelegate imagePickerControllerDidCancel:]
0x000259B4	0x0000001C	[ 71] -[s3eUIImagePickerControllerDelegate m_ToFile]
0x000259D0	0x0000001C	[ 71] -[s3eUIImagePickerControllerDelegate setM_ToFile:]
0x000259EC	0x00000018	[ 71] -[s3eUIImagePickerControllerDelegate m_OutFilePathLen]
0x00025A04	0x0000001C	[ 71] -[s3eUIImagePickerControllerDelegate setM_OutFilePathLen:]
0x00025A20	0x00000018	[ 71] -[s3eUIImagePickerControllerDelegate m_ImageOutputType]
0x00025A38	0x0000001C	[ 71] -[s3eUIImagePickerControllerDelegate setM_ImageOutputType:]
0x00025A54	0x00000018	[ 71] -[s3eUIImagePickerControllerDelegate m_Result]
0x00025A6C	0x0000001C	[ 71] -[s3eUIImagePickerControllerDelegate setM_Result:]
0x00025A88	0x00000018	[ 71] -[s3eUIImagePickerControllerDelegate m_InGUI]
0x00025AA0	0x0000001C	[ 71] -[s3eUIImagePickerControllerDelegate setM_InGUI:]
0x00025ABC	0x00000018	[ 71] -[s3eUIImagePickerControllerDelegate m_BufferDataOutputFn]
0x00025AD4	0x0000001C	[ 71] -[s3eUIImagePickerControllerDelegate setM_BufferDataOutputFn:]
0x00025AF0	0x00000018	[ 71] -[s3eUIImagePickerControllerDelegate m_FileDataOutputFn]
0x00025B08	0x0000001C	[ 71] -[s3eUIImagePickerControllerDelegate setM_FileDataOutputFn:]
0x00025B24	0x00000018	[ 71] -[s3eUIImagePickerControllerDelegate m_OutFilePath]
0x00025B3C	0x0000001C	[ 71] -[s3eUIImagePickerControllerDelegate setM_OutFilePath:]
0x00025B58	0x00000018	[ 71] -[s3eUIImagePickerControllerDelegate m_DeviceID]
0x00025B70	0x0000001C	[ 71] -[s3eUIImagePickerControllerDelegate setM_DeviceID:]
0x00025B8C	0x00000014	[ 71] -[s3eUIImagePickerControllerDelegate m_Picker]
0x00025BA0	0x0000003C	[ 71] -[s3eUIImagePickerControllerDelegate setM_Picker:]
0x00025BDC	0x00000014	[ 71] -[s3eUIImagePickerControllerDelegate m_Info]
0x00025BF0	0x0000003C	[ 71] -[s3eUIImagePickerControllerDelegate setM_Info:]
0x00025C2C	0x0000016C	[ 71] __Z36s3eIOSImagePickerIsObjCTypeSupportedPK10__CFStringi
0x00025D98	0x000004F4	[ 71] __Z22s3eIOSImagePicker_realiiaP7NSArrayPK10__CFStringbPbPiPciPF9s3eResultP6NSDataS3_EPFS7_S6_S3_E
0x0002628C	0x000006F4	[ 71] __Z35s3eIOSImagePickerSaveToGallery_realbbPKviPvi
0x00026980	0x0000001C	[ 71] __Z32s3eImagePickerApplySelectedMediav
0x0002699C	0x000000B8	[ 72] __Z29createImagePickerResultBufferP6NSDataPK10__CFString
0x00026A54	0x000000A8	[ 72] __Z27createImagePickerResultFilePcPK10__CFString
0x00026AFC	0x00000054	[ 72] __Z27s3eImagePickerInit_platformv
0x00026B50	0x00000004	[ 72] __Z32s3eImagePickerTerminate_platformv
0x00026B54	0x00000380	[ 72] __Z22s3eImagePicker_generic20s3eImagePickerFormatb
0x00026ED4	0x00000060	[ 72] __Z33s3eImagePickerToFilePath_platform20s3eImagePickerFormati
0x00026F34	0x00000060	[ 72] __Z31s3eImagePickerToBuffer_platform20s3eImagePickerFormati
0x00026F94	0x00000158	[ 72] __Z36s3eImagePickerSaveToGallery_platformPK20s3eImagePickerResultPFvPS_P19s3eImagePickerErrorE
0x000270EC	0x00000004	[ 73] _s3eLibraryOpen
0x000270F0	0x00000004	[ 73] _s3eLibraryGetSymbol
0x000270F4	0x00000004	[ 73] _s3eLibraryClose
0x000270F8	0x00000004	[ 73] _s3eLibraryGetErrorString
0x000270FC	0x00000124	[ 74] _s3eLibraryOpen_platform
0x00027220	0x000000E4	[ 74] _s3eLibraryGetSymbol_platform
0x00027304	0x00000034	[ 74] _s3eLibraryClose_platform
0x00027338	0x0000003C	[ 74] _s3eLibraryError_platform
0x00027374	0x00000148	[ 75] __Z21s3eLibraryRegisterExtv
0x000274BC	0x00000008	[ 76] _s3eLocationGetErrorString
0x000274C4	0x0000000C	[ 76] _s3eLocationGetError
0x000274D0	0x00000038	[ 76] _s3eLocationRegister
0x00027508	0x00000034	[ 76] _s3eLocationUnRegister
0x0002753C	0x000001AC	[ 76] __Z22s3eLocationRegisterExtv
0x000276E8	0x0000005C	[ 76] __ZL21s3eLocationStart_wrapv
0x00027744	0x0000005C	[ 76] __ZL20s3eLocationStop_wrapv
0x000277A0	0x000000D4	[ 77] _s3eOSExecExecute
0x00027874	0x000000C8	[ 78] __Z20s3eOSExecRegisterExtv
0x0002793C	0x00000098	[ 79] __Z25s3eOSExecExecute_platformPKch
0x000279D4	0x00000014	[ 80] _s3eOSReadStringUTF8
0x000279E8	0x00000004	[ 80] _s3eOSReadStringUTF8WithDefault
0x000279EC	0x000000C8	[ 81] __Z26s3eOSReadStringRegisterExtv
0x00027AB4	0x00000004	[ 82] __Z15s3eOpenUDIDInitv
0x00027AB8	0x00000004	[ 82] __Z20s3eOpenUDIDTerminatev
0x00027ABC	0x00000004	[ 82] _s3eOpenUDID_GetValue
0x00027AC0	0x00000098	[ 83] __Z22s3eOpenUDIDRegisterExtv
0x00027B58	0x0000005C	[ 83] __ZL25s3eOpenUDID_GetValue_wrapv
0x00027BB4	0x00000050	[ 84] +[S3E_OpenUDID _setDict:forPasteboard:]
0x00027C04	0x000001B4	[ 84] +[S3E_OpenUDID _getDictFromPasteboard:]
0x00027DB8	0x000001CC	[ 84] +[S3E_OpenUDID _generateFreshOpenUDID]
0x00027F84	0x00000020	[ 84] +[S3E_OpenUDID value]
0x00027FA4	0x0000092C	[ 84] +[S3E_OpenUDID valueWithError:]
0x000288D0	0x00000188	[ 84] +[S3E_OpenUDID setOptOut:]
0x00028A58	0x00000060	[ 85] __Z24s3eOpenUDIDInit_platformv
0x00028AB8	0x00000060	[ 85] __Z29s3eOpenUDIDTerminate_platformv
0x00028B18	0x000000FC	[ 85] __Z29s3eOpenUDID_GetValue_platformv
0x00028C14	0x00000104	[ 86] __Z23s3eSocketOptRegisterExtv
0x00028D18	0x00000008	[ 87] _s3eSoundRecordGetErrorString
0x00028D20	0x0000000C	[ 87] _s3eSoundRecordGetError
0x00028D2C	0x00000124	[ 87] __Z25s3eSoundRecordRegisterExtv
0x00028E50	0x0000006C	[ 87] __ZL24s3eSoundRecordStart_wrapPFiPvS_ES_
0x00028EBC	0x0000005C	[ 87] __ZL23s3eSoundRecordStop_wrapv
0x00028F18	0x00000008	[ 88] __Z11s3eTestInitv
0x00028F20	0x00000004	[ 88] __Z16s3eTestTerminatev
0x00028F24	0x00000070	[ 88] _s3eExtTestDoCallback
0x00028F94	0x0000018C	[ 88] _s3eExtTestStackSwitch
0x00029120	0x00000008	[ 88] _s3eExtTestSimulateMultipleSuspendResume
0x00029128	0x00000008	[ 88] _s3eExtTestQueryMultipleSuspendResumeFinished
0x00029130	0x00000004	[ 88] _s3eExtTestPostRotate
0x00029134	0x0000002C	[ 88] _s3eExtTestRunOnOSThread
0x00029160	0x00000074	[ 88] __Z10callbackFnPvS_
0x000291D4	0x000000F4	[ 88] __Z16dispatchCallbackv
0x000292C8	0x0000015C	[ 88] __Z7cleanupv
0x00029424	0x00000100	[ 88] _s3eTestOSThreadCallback
0x00029524	0x00000004	[ 88] _s3eTestLock
0x00029528	0x00000004	[ 88] _s3eTestNoLock
0x0002952C	0x00000008	[ 89] _s3eTestGetErrorString
0x00029534	0x0000000C	[ 89] _s3eTestGetError
0x00029540	0x00000038	[ 89] _s3eTestRegister
0x00029578	0x00000034	[ 89] _s3eTestUnRegister
0x000295AC	0x000002D4	[ 89] __Z18s3eTestRegisterExtv
0x00029880	0x0000005C	[ 89] __ZL29s3eExtTestTakeScreenShot_wrapv
0x000298DC	0x00000064	[ 89] __ZL32s3eExtTestReleaseScreenShot_wrapP17s3eTestScreenShot
0x00029940	0x00000070	[ 90] _s3eExtTestDoOSWait
0x000299B0	0x00000050	[ 90] _s3eExtTestSimulateSuspendResume
0x00029A00	0x00000140	[ 90] __Z12GetImageDataP7UIImageP17s3eTestScreenShot
0x00029B40	0x00000140	[ 90] _s3eExtTestTakeScreenShot
0x00029C80	0x0000002C	[ 90] _s3eExtTestReleaseScreenShot
0x00029CAC	0x00000008	[ 91] _s3eThreadGetErrorString
0x00029CB4	0x0000000C	[ 91] _s3eThreadGetError
0x00029CC0	0x0000022C	[ 91] __Z20s3eThreadRegisterExtv
0x00029EEC	0x00000008	[ 92] __Z10s3eVFSInitv
0x00029EF4	0x00000004	[ 92] __Z15s3eVFSTerminatev
0x00029EF8	0x00000004	[ 92] _s3eVFSMount
0x00029EFC	0x00000004	[ 92] _s3eVFSUnmount
0x00029F00	0x00000008	[ 93] _s3eVFSGetErrorString
0x00029F08	0x0000000C	[ 93] _s3eVFSGetError
0x00029F14	0x000000F8	[ 93] __Z17s3eVFSRegisterExtv
0x0002A00C	0x00000078	[ 94] _IwDebugClearConfigCache
0x0002A084	0x00000178	[ 94] _IwDebugAssertIsChannelOn
0x0002A1FC	0x00000268	[ 94] _IwDebugAssertShow
0x0002A464	0x000000B0	[ 94] _IwDebugAssertSetSolution
0x0002A514	0x00000104	[ 94] _IwDebugAssertSetMessage
0x0002A618	0x00000020	[ 94] _IwAssertRegisterTextCallback
0x0002A638	0x000001E0	[ 94] _IwDebugTraceIsChannelOn
0x0002A818	0x00000020	[ 94] _IwDebugTraceSetTraceChannel
0x0002A838	0x00000138	[ 94] _IwDebugTraceChannelSwitch
0x0002A970	0x00000034	[ 94] _IwDebugTraceLinePrintf
0x0002A9A4	0x00000178	[ 94] _IwDebugTraceLineVPrintf
0x0002AB1C	0x000000E4	[ 94] _IwDebugErrorShow
0x0002AC00	0x00000014	[ 94] _IwDebugAssertSetUID
0x0002AC14	0x00000410	[ 95] __Z14do_check_chunkP12malloc_chunkP12malloc_state
0x0002B024	0x0000089C	[ 95] __Z19do_check_free_chunkP12malloc_chunkP12malloc_state
0x0002B8C0	0x000003FC	[ 95] __Z20do_check_inuse_chunkP12malloc_chunkP12malloc_state
0x0002BCBC	0x0000046C	[ 95] __Z25do_check_remalloced_chunkP12malloc_chunkjP12malloc_state
0x0002C128	0x000000F0	[ 95] __Z23do_check_malloced_chunkP12malloc_chunkjP12malloc_state
0x0002C218	0x0000102C	[ 95] __Z21do_check_malloc_stateP12malloc_state
0x0002D244	0x000007B8	[ 95] __Z9sYSMALLOcP12malloc_statej
0x0002D9FC	0x000001BC	[ 95] _DL_Malloc_malloc_consolidate
0x0002DBB8	0x00000994	[ 95] _DL_Malloc_malloc
0x0002E54C	0x00000128	[ 95] __Z18DL_Malloc_MORECOREP12malloc_statel
0x0002E674	0x00000174	[ 95] _DL_Malloc_free
0x0002E7E8	0x00000644	[ 95] _DL_Malloc_realloc
0x0002EE2C	0x00000168	[ 95] _DL_Malloc_mallinfo
0x0002EF94	0x00000010	[ 95] _DL_Malloc_setnoncontiguous
0x0002EFA4	0x0000027C	[ 96] _IwPathGetFilename
0x0002F220	0x00000238	[ 96] _IwPathGetDirname
0x0002F458	0x00000024	[ 96] _IwPathHasDrive
0x0002F47C	0x00000048	[ 96] _IwPathStripDrive
0x0002F4C4	0x00000110	[ 96] _IwPathJoin
0x0002F5D4	0x00000504	[ 96] _IwPathNorm
0x0002FAD8	0x000001A0	[ 97] __Z33s3eCompressionDecompInit_platform24s3eCompressionAlgorithmsP23_s3eDecompressionStruct
0x0002FC78	0x0000047C	[ 97] __Z33s3eCompressionDecompRead_platformP23_s3eDecompressionStructPvPj
0x000300F4	0x00000028	[ 97] __Z34s3eCompressionDecompFinal_platformP23_s3eDecompressionStruct
0x0003011C	0x0000001C	[ 98] __Z23s3eLicenseInit_platformv
0x00030138	0x00000004	[ 98] __Z28s3eLicenseTerminate_platformv
0x0003013C	0x00000048	[ 98] __Z25s3eLicenseGetInt_platform18s3eLicenseProperty
0x00030184	0x0000001C	[ 98] _s3eLicenseBuy
0x000301A0	0x00000008	[ 99] _s3eSecureStorageInit
0x000301A8	0x00000004	[ 99] _s3eSecureStorageTerminate
0x000301AC	0x000000D0	[ 99] _s3eSecureStoragePut_platform
0x0003027C	0x000000F8	[ 99] _s3eSecureStorageGet_platform
0x00030374	0x0000007C	[100] _s3eSoundVolumeInit_platform
0x000303F0	0x00000014	[100] _s3eSoundVolumeGetDefaultVol_platform
0x00030404	0x00000008	[101] _s3eAccelerometerGetError
0x0003040C	0x00000008	[101] _s3eAccelerometerGetErrorString
0x00030414	0x000002F0	[101] _s3eAccelerometerInit
0x00030704	0x0000002C	[101] _s3eAccelerometerTerminate
0x00030730	0x0000010C	[101] _s3eAccelerometerStart
0x0003083C	0x00000024	[101] _s3eAccelerometerGetInt
0x00030860	0x00000054	[101] _s3eAccelerometerStop
0x000308B4	0x00000058	[101] _s3eAccelerometerGetX
0x0003090C	0x00000050	[101] _s3eAccelerometerGetY
0x0003095C	0x00000050	[101] _s3eAccelerometerGetZ
0x000309AC	0x0000014C	[101] _s3eAccelerometerSetValues
0x00030AF8	0x00000008	[102] _s3eAudioGetError
0x00030B00	0x00000008	[102] _s3eAudioGetErrorString
0x00030B08	0x000000E0	[102] _s3eAudioInit
0x00030BE8	0x00000028	[102] _s3eAudioTerminate
0x00030C10	0x000000D0	[102] _s3eAudioDidStop
0x00030CE0	0x000000F0	[102] _s3eAudioGetInt
0x00030DD0	0x000000EC	[102] _s3eAudioSetInt
0x00030EBC	0x00000448	[102] _s3eAudioPlay
0x00031304	0x000001B4	[102] _s3eAudioIsCodecSupported
0x000314B8	0x0000009C	[102] _s3eAudioStop
0x00031554	0x000001E4	[102] _s3eAudioSuspend
0x00031738	0x00000074	[102] _s3eAudioPause
0x000317AC	0x00000200	[102] _s3eAudioDoResume
0x000319AC	0x00000074	[102] _s3eAudioResume
0x00031A20	0x000002C4	[102] _s3eAudioPlayFromBuffer
0x00031CE4	0x00000044	[102] _s3eAudioIsPlaying
0x00031D28	0x000004C4	[102] _s3eAudioDetermineFileFormat
0x000321EC	0x000001E4	[103] __Z15bint_initializev
0x000323D0	0x00000504	[103] __Z14bint_terminatev
0x000328D4	0x00000178	[103] __ZL5checkP11bigint_data
0x00032A4C	0x00000184	[103] __Z12bint_int_addPvi
0x00032BD0	0x00000328	[103] __ZL9normalizeP11bigint_data
0x00032EF8	0x00000044	[103] __Z14huge_int_to_biPhi
0x00032F3C	0x000001B4	[103] __Z17bint_int_multiplyPvi
0x000330F0	0x00000178	[103] __ZL5alloci
0x00033268	0x00000030	[103] __Z9bint_copyPv
0x00033298	0x000000E4	[103] __Z16bint_is_negativePv
0x0003337C	0x00000100	[103] __Z12bint_is_zeroPv
0x0003347C	0x00000308	[103] __Z13bint_subtractPvS_
0x00033784	0x00000BE4	[103] __Z13bint_multiplyPvS_
0x00034368	0x00000690	[103] __Z11bint_dividePvS_
0x000349F8	0x000001EC	[103] __Z9bint_halfPv
0x00034BE4	0x0000014C	[103] __Z11bint_negatePv
0x00034D30	0x000000DC	[103] __Z11bint_is_oddPv
0x00034E0C	0x0000026C	[103] __Z12bint_comparePvS_
0x00035078	0x00000308	[103] __Z8bint_addPvS_
0x00035380	0x000001BC	[103] __Z8bint_modPvS_
0x0003553C	0x00000228	[103] __Z15bint_int_dividePvx
0x00035764	0x000003FC	[103] __Z14bint_mod_powerPvS_S_
0x00035B60	0x000002C8	[103] __ZL13multi_divide2PvP11bigint_data
0x00035E28	0x00000050	[104] _s3eAudioRegister
0x00035E78	0x00000064	[104] _s3eCallbacksRegister
0x00035EDC	0x00000150	[104] _s3eAudioUnRegister
0x0003602C	0x000000C4	[104] _s3eCallbacksUnRegister
0x000360F0	0x00000050	[104] _s3eDebugRegister
0x00036140	0x00000150	[104] _s3eDebugUnRegister
0x00036290	0x00000050	[104] _s3eSurfaceRegister
0x000362E0	0x00000150	[104] _s3eSurfaceUnRegister
0x00036430	0x00000050	[104] _s3eGLRegister
0x00036480	0x00000150	[104] _s3eGLUnRegister
0x000365D0	0x00000050	[104] _s3eKeyboardRegister
0x00036620	0x00000150	[104] _s3eKeyboardUnRegister
0x00036770	0x00000050	[104] _s3eSocketRegister
0x000367C0	0x00000150	[104] _s3eSocketUnRegister
0x00036910	0x00000050	[104] _s3eVideoRegister
0x00036960	0x00000150	[104] _s3eVideoUnRegister
0x00036AB0	0x00000154	[104] _s3eSocketRegisterSpecific
0x00036C04	0x000000C8	[104] _s3eCallbacksRegisterSpecific
0x00036CCC	0x00000048	[104] __ZN8s3eEventC1Eji
0x00036D14	0x0000003C	[104] _s3eCallbacksInit
0x00036D50	0x000003F4	[104] __ZL10doRegisterjiiPFiPvS_ES_hS_bP10_s3eThread
0x00037144	0x000000D4	[104] _s3eCallbacksRegisterThread
0x00037218	0x000000DC	[104] _s3eCallbacksRegisterSpecificThread
0x000372F4	0x0000003C	[104] _s3eCallbacksRegisterInternal
0x00037330	0x000000D4	[104] _s3eCallbacksUnRegisterDevice
0x00037404	0x00000164	[104] __ZL14removeCallbackjiPvPFiS_S_EP10_s3eThread
0x00037568	0x00000078	[104] _s3eCallbacksUnRegisterAll
0x000375E0	0x000000F0	[104] _s3eCallbacksUnRegisterThread
0x000376D0	0x000000E4	[104] __ZL12dequeueEventP10_s3eThread
0x000377B4	0x000000E4	[104] _s3eCallbacksIsRegistered
0x00037898	0x000002C0	[104] __ZL12getCallbacksjiPvPFiS_S_EP19s3eRegistrationInfoP10_s3eThread
0x00037B58	0x00000868	[104] _s3eCallbacksNotifyEvent
0x000383C0	0x000000B0	[104] _s3eCallbacksInvoke
0x00038470	0x0000065C	[104] _s3eCallbacksEnqueueEvent
0x00038ACC	0x00000070	[104] _s3eCallbacksEnqueue
0x00038B3C	0x00000054	[104] _s3eCallbacksDispatch
0x00038B90	0x000000A0	[104] _s3eCallbacksTerminate
0x00038C30	0x00000018	[105] __Z14s3eCompassInitv
0x00038C48	0x00000004	[105] __Z19s3eCompassTerminatev
0x00038C4C	0x0000008C	[105] _s3eCompassStart
0x00038CD8	0x00000024	[105] _s3eCompassStop
0x00038CFC	0x00000038	[105] _s3eCompassGet
0x00038D34	0x00000068	[105] _s3eCompassGetHeading
0x00038D9C	0x000000C8	[105] __Z19s3eCompassSetValuesiiii
0x00038E64	0x00000008	[106] _s3eCompressionGetError
0x00038E6C	0x00000008	[106] _s3eCompressionGetErrorString
0x00038E74	0x00000028	[106] __Z18s3eCompressionInitv
0x00038E9C	0x000000A0	[106] __Z23s3eCompressionTerminatev
0x00038F3C	0x000000AC	[106] _s3eCompressionDecompFinal
0x00038FE8	0x00000060	[106] __Z26s3eCompressionReadCallbackPvS_
0x00039048	0x0000028C	[106] _s3eCompressionDecomp
0x000392D4	0x000001F8	[106] _s3eCompressionDecompInit
0x000394CC	0x000001A0	[106] _s3eCompressionDecompRead
0x0003966C	0x000003F8	[106] __Z23s3eCompressionDetectAlgP23_s3eDecompressionStruct
0x00039A64	0x00000144	[106] __Z30s3eCompressionGetInputFromUserP23_s3eDecompressionStructPvib
0x00039BA8	0x00000140	[106] __ZN18s3eHandleAllocatorILl4E23_s3eDecompressionStructLi1ELb0EE3GetEl
0x00039CE8	0x00000104	[106] __ZN18s3eHandleAllocatorILl4E23_s3eDecompressionStructLi1ELb0EE5AllocEv
0x00039DEC	0x00000194	[106] __ZN18s3eHandleAllocatorILl4E23_s3eDecompressionStructLi1ELb0EE4FreeEPS0_
0x00039F80	0x00000188	[106] __ZN18s3eHandleAllocatorILl4E23_s3eDecompressionStructLi1ELb0EE10DebugTraceEv
0x0003A108	0x0000002C	[107] __Z13s3eLzmaMallocPvm
0x0003A134	0x00000028	[107] __Z11s3eLzmaFreePvS_
0x0003A15C	0x000001EC	[107] __Z22s3eCompressionLzmaReadP23_s3eDecompressionStructPvPj
0x0003A348	0x00000258	[107] __Z22s3eCompressionLzmaInitP23_s3eDecompressionStruct
0x0003A5A0	0x000000C4	[107] __Z23s3eCompressionLzmaFinalP23_s3eDecompressionStruct
0x0003A664	0x00000008	[108] _s3eConfigGetError
0x0003A66C	0x00000008	[108] _s3eConfigGetErrorString
0x0003A674	0x00000098	[108] _s3eConfigInit
0x0003A70C	0x00000050	[108] _s3eConfigTerminate
0x0003A75C	0x000010F0	[108] _s3eConfigReadFile
0x0003B84C	0x00000158	[108] _s3eConfigSetupScreenSize
0x0003B9A4	0x000000F8	[108] __ZL8CfgStatev
0x0003BA9C	0x00000064	[108] __ZL17s3eConfigAssertCBPc
0x0003BB00	0x000000B8	[108] _s3eConfigGetIntS3E
0x0003BBB8	0x000000A8	[108] _s3eConfigGetInt
0x0003BC60	0x00000088	[108] _s3eConfigGetBool
0x0003BCE8	0x00000088	[108] _s3eConfigGet
0x0003BD70	0x00000018	[108] _s3eConfigGetStringS3E
0x0003BD88	0x00000150	[108] _s3eConfigGetString
0x0003BED8	0x000000B4	[108] _s3eConfigGetStringHash
0x0003BF8C	0x00000060	[108] _s3eConfigGetInt2
0x0003BFEC	0x00000238	[108] _s3eConfigGetIntMany
0x0003C224	0x00000060	[108] _s3eConfigGetString2
0x0003C284	0x00000184	[108] _s3eConfigGetStringMany
0x0003C408	0x000000B0	[108] _s3eConfigGetIntHash
0x0003C4B8	0x000000F4	[108] __ZL25s3eConfigGetIntFromStringPcPi
0x0003C5AC	0x0000008C	[108] _s3eConfigSetString
0x0003C638	0x0000016C	[108] __ZL14SetConfigValuePKcjS0_b
0x0003C7A4	0x00000384	[108] __Z15ReadDeviceClassPKc
0x0003CB28	0x0000020C	[108] __Z22ReadDeviceArchitecturePKc
0x0003CD34	0x000001AC	[108] __Z17ReadDeviceRuntimePKc
0x0003CEE0	0x0000022C	[108] __ZL15ReadConditionalPKcS0_S0_S0_
0x0003D10C	0x000002A4	[108] __ZL6ReadOSPKc
0x0003D3B0	0x00000444	[108] __ZL6ReadIDPKc
0x0003D7F4	0x00000124	[108] __ZL14ReadScreenSizePKc
0x0003D918	0x000003F0	[108] __ZL16s3eConfigCheckOSPKc
0x0003DD08	0x0000026C	[108] __ZL14AddStringValuePKc
0x0003DF74	0x00000100	[108] __ZNK14CIwArrayConfigI16s3eConfigSettingEixEi
0x0003E074	0x00000228	[108] __ZN14CIwArrayConfigI16s3eConfigSettingE9push_backERKS0_
0x0003E29C	0x000001FC	[108] __ZN14CIwArrayConfigI16s3eConfigSettingE12set_capacityEj
0x0003E498	0x00000100	[108] __ZNK14CIwArrayConfigIcEixEi
0x0003E598	0x00000224	[108] __ZN14CIwArrayConfigIcE9push_backERKc
0x0003E7BC	0x000001FC	[108] __ZN14CIwArrayConfigIcE12set_capacityEj
0x0003E9B8	0x0000007C	[108] __ZN14s3eConfigStateD2Ev
0x0003EA34	0x000000F4	[108] __ZN14CIwArrayConfigIcE8truncateEj
0x0003EB28	0x000000F4	[108] __ZN14CIwArrayConfigI16s3eConfigSettingE8truncateEj
0x0003EC1C	0x000000D4	[109] __Z11s3eDoCopyupPK14s3eSurfaceInfoS1_23s3eSurfaceBlitDirection
0x0003ECF0	0x000005D8	[109] __Z18s3eDoCopyupGenericPK14s3eSurfaceInfoS1_23s3eSurfaceBlitDirection
0x0003F2C8	0x0000020C	[109] __Z15s3eCopyupGetRGB19s3eSurfacePixelTypejPhS0_S0_
0x0003F4D4	0x0000020C	[109] __Z19s3eCopyupConvertRGB19s3eSurfacePixelTypehhh
0x0003F6E0	0x00000224	[109] __Z18s3eDoCopyupSubRectPK14s3eSurfaceInfoS1_23s3eSurfaceBlitDirectioniiii
0x0003F904	0x000000D4	[109] __Z24s3eDoCopyupSubRectInvertPK14s3eSurfaceInfoS1_23s3eSurfaceBlitDirectioniiii
0x0003F9D8	0x00000008	[110] _s3eCryptoGetError
0x0003F9E0	0x00000008	[110] _s3eCryptoGetErrorString
0x0003F9E8	0x00000004	[110] _s3eCryptoRand
0x0003F9EC	0x000000F4	[110] _s3eCryptoVerifyRsa
0x0003FAE0	0x00000090	[110] _s3eCryptoSha1
0x0003FB70	0x00000004	[110] _s3eCryptoSha1Init
0x0003FB74	0x00000004	[110] _s3eCryptoSha1Final
0x0003FB78	0x00000018	[110] _s3eCryptoSha1Update
0x0003FB90	0x000004D0	[111] __Z27s3eCryptoVerifyRsa_platformPhiS_iS_iS_i
0x00040060	0x00000028	[112] __Z13s3eCryptoInitv
0x00040088	0x000000B8	[112] __Z18s3eCryptoTerminatev
0x00040140	0x00000078	[112] __Z26s3eCryptoSha1Init_platformv
0x000401B8	0x00000094	[112] __Z28s3eCryptoSha1Update_platformP7s3eSHA1PKhj
0x0004024C	0x000000D0	[112] __Z10SHA1UpdateP7s3eSHA1Phj
0x0004031C	0x000000A0	[112] __Z27s3eCryptoSha1Final_platformP7s3eSHA1Ph
0x000403BC	0x00000178	[112] __Z9SHA1FinalPhP7s3eSHA1
0x00040534	0x0000152C	[112] __Z13SHA1TransformPjPh
0x00041A60	0x00000104	[112] __ZN18s3eHandleAllocatorILl4E7s3eSHA1Li1ELb0EE5AllocEv
0x00041B64	0x00000194	[112] __ZN18s3eHandleAllocatorILl4E7s3eSHA1Li1ELb0EE4FreeEPS0_
0x00041CF8	0x00000008	[113] _s3eDebugGetError
0x00041D00	0x00000008	[113] _s3eDebugGetErrorString
0x00041D08	0x00000028	[113] _s3eDebugGetErrorTitle
0x00041D30	0x000000A8	[113] __Z18s3eDebugTraceLinefPKcz
0x00041DD8	0x00000054	[113] _s3eDebugTraceLine
0x00041E2C	0x00000174	[113] _s3eDebugInit
0x00041FA0	0x00000230	[113] _s3eDebugSetInt
0x000421D0	0x000002A0	[113] __ZL18trace_version_infob
0x00042470	0x00000070	[113] _s3eDebugTerminate
0x000424E0	0x000002D4	[113] _s3eDebugReadConfig
0x000427B4	0x00000184	[113] _s3eDebugErrorShow
0x00042938	0x000001E8	[113] _s3eDebugAssertShow
0x00042B20	0x00000008	[113] _s3eDebugIsDebuggerPresent
0x00042B28	0x00000028	[113] _s3eDebugOutputString
0x00042B50	0x000000D0	[113] __ZL29s3eDebugOutputString_internalPKc
0x00042C20	0x000000EC	[113] __ZL26s3eDebugTraceLine_internalPKc
0x00042D0C	0x00000080	[113] _s3eDebugOutputPrintf
0x00042D8C	0x00000084	[113] _s3eDebugPrintf
0x00042E10	0x000000C0	[113] _s3eDebugGetInt
0x00042ED0	0x00000004	[113] _s3eDebugTraceChannelSwitch
0x00042ED4	0x00000004	[113] _s3eDebugTraceFlush
0x00042ED8	0x00000004	[113] _s3eDebugTraceClearFile
0x00042EDC	0x00000210	[114] __Z17DebugPrintGetLinePKciPci
0x000430EC	0x000000F8	[114] __Z10CountLinesPKci
0x000431E4	0x00000720	[114] _s3eDebugPrint
0x00043904	0x00000008	[115] _s3eExtTestSetBacktraceCallback
0x0004390C	0x00000008	[115] _s3eDebugBacktrace
0x00043914	0x00000008	[115] _s3eDebugBacktraceSymbols
0x0004391C	0x00000008	[115] _s3eDebugBacktraceSymbolsFree
0x00043924	0x00000008	[115] _s3eDebugSignalAction
0x0004392C	0x00000008	[115] _s3eDebugSignalStack
0x00043934	0x00000008	[116] _s3eDeviceGetError
0x0004393C	0x00000008	[116] _s3eDeviceGetErrorString
0x00043944	0x0000002C	[116] __Z22s3eDeviceGetArchFamily21s3eDeviceArchitecture
0x00043970	0x00000030	[116] __Z29s3eDeviceArchitectureToString21s3eDeviceArchitecture
0x000439A0	0x0000014C	[116] _s3eDeviceLocaleToLang
0x00043AEC	0x00001CD0	[116] _s3eDeviceInit
0x000457BC	0x00000258	[116] __Z16s3eDeviceInitTLSv
0x00045A14	0x00000164	[116] __Z16s3eDeviceTermTLSv
0x00045B78	0x00000178	[116] _s3eDeviceReadConfig
0x00045CF0	0x000008D4	[116] _s3eDeviceTerminate
0x000465C4	0x0000001C	[116] _s3eDeviceIsInitialised
0x000465E0	0x00000014	[116] _s3eDeviceAppIsRunning
0x000465F4	0x000000B4	[116] _s3eDeviceRegister
0x000466A8	0x00000174	[116] _s3eDeviceUnRegister
0x0004681C	0x00000158	[116] _s3eDeviceYieldUntilEvent
0x00046974	0x00000028	[116] _s3eDeviceCheckQuitRequest
0x0004699C	0x000005AC	[116] _s3eDeviceYield
0x00046F48	0x00000050	[116] _s3eDeviceUnYield
0x00046F98	0x00000050	[116] _s3eDeviceNotifyEvent
0x00046FE8	0x000001C4	[116] _s3eDeviceSleepAndSuspend
0x000471AC	0x00000184	[116] _s3eDeviceSignalResume
0x00047330	0x00000174	[116] _s3eDeviceSignalSuspend
0x000474A4	0x00000080	[116] _s3eDeviceSleep
0x00047524	0x000007E8	[116] __ZL23s3eDeviceYield_internaliy
0x00047D0C	0x000000B8	[116] _s3eDeviceRequestQuit
0x00047DC4	0x00000048	[116] _s3eDeviceSetInt
0x00047E0C	0x0000001C	[116] _s3eDeviceCheckPauseRequest
0x00047E28	0x000002F0	[116] _s3eDeviceNotify_internal
0x00048118	0x000002B8	[116] _s3eDeviceGetInt
0x000483D0	0x00000080	[116] _s3eDeviceGetString
0x00048450	0x0000006C	[116] _s3eDeviceExit
0x000484BC	0x00000048	[116] _s3eDeviceVersionCheck
0x00048504	0x0000005C	[116] _s3eDeviceExecPushNext
0x00048560	0x00000010	[116] _s3eDeviceGetFullVersionString
0x00048570	0x00000024	[116] _s3eDeviceGetUserOrientation
0x00048594	0x00000008	[116] _s3eDeviceNetworkCheckStart
0x0004859C	0x00000008	[116] _s3eDeviceNetworkCheckStop
0x000485A4	0x00000004	[116] _s3eDeviceBacklightOn
0x000485A8	0x00000010	[117] _s3eDeviceAbort
0x000485B8	0x00000044	[118] __Z20s3eEdkRunOnOSDelayedPKcPviPiPF9s3eResultvEPFvvEiS0_
0x000485FC	0x00000004	[118] _s3eEdkErrorSet
0x00048600	0x00000004	[118] _s3eEdkGlobalsGet
0x00048604	0x00000004	[118] _s3eEdkErrorSetStringV
0x00048608	0x00000004	[118] _s3eEdkErrorGet
0x0004860C	0x00000004	[118] _s3eEdkMallocOS
0x00048610	0x00000004	[118] _s3eEdkReallocOS
0x00048614	0x00000004	[118] _s3eEdkFreeOS
0x00048618	0x00000068	[118] _s3eEdkCallbacksEnqueue
0x00048680	0x00000164	[118] _s3eEdkCallbacksRegister
0x000487E4	0x000000A0	[118] _s3eEdkCallbacksRegisterSpecific
0x00048884	0x00000028	[118] _s3eEdkCallbacksRegisterInternal
0x000488AC	0x00000004	[118] _s3eEdkCallbacksUnRegister
0x000488B0	0x00000014	[118] _s3eEdkCallbacksIsRegistered
0x000488C4	0x00000010	[118] _s3eEdkThreadRunOnOSV
0x000488D4	0x0000005C	[118] _s3eEdkLibraryGetSymbol
0x00048930	0x00000048	[119] _s3eDeviceCallbackStart
0x00048978	0x000002CC	[119] __ZL15TraceEnterLeavehP16s3eDeviceGlobalsP19s3eDeviceTLSGlobalsPvbb
0x00048C44	0x00000048	[119] _s3eDeviceCallbackDone
0x00048C8C	0x00000250	[119] _s3eDeviceLoaderCallStart
0x00048EDC	0x000001A0	[119] _s3eDeviceLoaderCallDone
0x0004907C	0x00000054	[120] __Z12s3eErrorInitv
0x000490D0	0x00000004	[120] __Z17s3eErrorTerminatev
0x000490D4	0x00000120	[120] _s3eErrorGet
0x000491F4	0x00000158	[120] _s3eErrorPeek
0x0004934C	0x00000010	[120] _s3eErrorGetString
0x0004935C	0x00000060	[120] __Z20s3eInternalCallBeginv
0x000493BC	0x0000003C	[120] _s3eErrorDisable
0x000493F8	0x00000040	[120] __Z18s3eInternalCallEndv
0x00049438	0x000001F0	[120] _s3eErrorEnable
0x00049628	0x00000258	[120] _s3eErrorSet_internal
0x00049880	0x00000008	[121] _s3eExtGetError
0x00049888	0x00000008	[121] _s3eExtGetErrorString
0x00049890	0x00000110	[121] _s3eExtTerminate
0x000499A0	0x0000004C	[121] _s3eExtLookup
0x000499EC	0x000002C0	[121] _s3eExtGlobalsGet
0x00049CAC	0x000000C0	[121] _s3eExtConvertFnPtrs
0x00049D6C	0x00000224	[121] _s3eExtRegister
0x00049F90	0x00000090	[121] _s3eExtInit
0x0004A020	0x0000014C	[121] __Z16s3eExtInitStaticv
0x0004A16C	0x00000004	[121] _s3eExtReadConfig
0x0004A170	0x000003DC	[121] __Z22s3eExtGetHash_internalPKcjPvj
0x0004A54C	0x00000074	[121] _s3eExtGetHash
0x0004A5C0	0x000000CC	[121] _s3eExtGet
0x0004A68C	0x00000050	[121] _s3eExtIsInitialised
0x0004A6DC	0x0000002C	[122] _s3eFibreSwitch_asm
0x0004A708	0x0000034C	[122] _s3eFibreInitTLS
0x0004AA54	0x000000B4	[122] _s3eFibreGetCurrent
0x0004AB08	0x000003D8	[122] _s3eFibreTermTLS
0x0004AEE0	0x00000038	[122] _s3eFibreInit
0x0004AF18	0x00000208	[122] _s3eFibreTerminate
0x0004B120	0x00000068	[122] _s3eFibreSaveCurrentStackPtr
0x0004B188	0x00000138	[122] _s3eFibreGetStackPtr
0x0004B2C0	0x00000148	[122] _s3eFibreSetCurrent
0x0004B408	0x00000128	[122] _s3eFibreJoin
0x0004B530	0x00000260	[122] _s3eFibreSwitch
0x0004B790	0x000004B4	[122] _s3eFibreExit
0x0004BC44	0x00000308	[122] _s3eFibreCreate
0x0004BF4C	0x00000348	[122] _s3eFibreReset
0x0004C294	0x00000070	[122] __ZL21s3eFibreCallStartFuncv
0x0004C304	0x00000194	[122] __ZN18s3eHandleAllocatorILl3E8s3eFibreLi1ELb0EE4FreeEPS0_
0x0004C498	0x0000010C	[122] __ZN18s3eHandleAllocatorILl3E8s3eFibreLi1ELb0EE5AllocEv
0x0004C5A4	0x00000008	[123] _s3eFileGetError
0x0004C5AC	0x00000008	[123] _s3eFileGetErrorString
0x0004C5B4	0x00000040	[123] _s3eFileInit
0x0004C5F4	0x00000120	[123] __Z19s3eFileGetDriveNamei
0x0004C714	0x00000258	[123] _s3eFileTerminate
0x0004C96C	0x000000C8	[123] __ZL21s3eFileClose_internalP7s3eFile
0x0004CA34	0x00000094	[123] _s3eFileListClose
0x0004CAC8	0x00000068	[123] __Z14s3eFileSetRootPKc
0x0004CB30	0x00000118	[123] __ZL16s3eFileCheckPathPcPKc11s3eDeviceID
0x0004CC48	0x00000164	[123] __Z17s3eFileMountDrivePKcS0_
0x0004CDAC	0x00000184	[123] __ZL9s3eFSDumpv
0x0004CF30	0x000000EC	[123] __Z19s3eFileUnmountDrivePKc
0x0004D01C	0x000001D4	[123] __Z20s3eFileRemoveFileSysi
0x0004D1F0	0x000002F0	[123] _s3eFileReadConfig
0x0004D4E0	0x00000194	[123] __Z15s3eFileInvokeFnP5s3eFSPvS1_S1_S1_S1_x
0x0004D674	0x000006F8	[123] __Z12s3eFileGetFSPKcj11s3eDeviceID
0x0004DD6C	0x000001D0	[123] _s3eFileMakeDirectoryRecursive
0x0004DF3C	0x000002B0	[123] __Z23s3eFileCopyFromROMtoRAMPKc
0x0004E1EC	0x0000012C	[123] _s3eFileGetInt
0x0004E318	0x00000008	[123] _s3eFileGetFileInt
0x0004E320	0x0000039C	[123] _s3eFileGetFileInt_internal
0x0004E6BC	0x00000134	[123] _s3eFileCheckExists
0x0004E7F0	0x000001B8	[123] _s3eFileGetFileSize
0x0004E9A8	0x000000A0	[123] _s3eFileGetLastWriteTime
0x0004EA48	0x00000220	[123] _s3eFileGetFileString
0x0004EC68	0x000001C0	[123] _s3eFileOpenFromMemory
0x0004EE28	0x00000080	[123] _s3eFileGetSize
0x0004EEA8	0x00000268	[123] __ZL23s3eFileGetSize_internalP7s3eFile
0x0004F110	0x000001E0	[123] __Z17s3eFileAddFileSysP5s3eFSi
0x0004F2F0	0x000001B4	[123] __Z23s3eFileGet_platformMode13s3eFileAccess
0x0004F4A4	0x00000618	[123] _s3eFileOpen_internal
0x0004FABC	0x000002D8	[123] __Z24s3eFilePathInterpretModePKcP13s3eFileAccessP18s3eFileTranslationPh
0x0004FD94	0x00000008	[123] _s3eFileOpen
0x0004FD9C	0x00000090	[123] _s3eFileClose
0x0004FE2C	0x00000330	[123] _s3eFileRead
0x0005015C	0x000002E0	[123] __ZL20s3eFileRead_bufferedPvmP7s3eFile
0x0005043C	0x000001F4	[123] _s3eFileWrite
0x00050630	0x00000154	[123] __ZL21s3eFileWrite_bufferedPKvlP7s3eFile
0x00050784	0x00000134	[123] _s3eFileReadString
0x000508B8	0x00000198	[123] _s3eFileGetChar
0x00050A50	0x000000D4	[123] _s3eFilePutChar
0x00050B24	0x000000BC	[123] _s3eFileEOF
0x00050BE0	0x0000010C	[123] _s3eFileSeek
0x00050CEC	0x000001C0	[123] __ZL20s3eFileSeek_internalP7s3eFilel17s3eFileSeekOrigin
0x00050EAC	0x00000134	[123] _s3eFileTell
0x00050FE0	0x000000F0	[123] _s3eFileFlush
0x000510D0	0x000001E0	[123] _s3eFileRename
0x000512B0	0x000000FC	[123] _s3eFileDelete
0x000513AC	0x00000120	[123] _s3eFileMakeDirectory
0x000514CC	0x000000F0	[123] _s3eFileDeleteDirectory
0x000515BC	0x000000F8	[123] _s3eFileTruncate
0x000516B4	0x000002AC	[123] _s3eFileListDirectory
0x00051960	0x000002C0	[123] __Z25s3eFileEnumAllInDirectoryPKcPFbPcPvES2_
0x00051C20	0x000001C0	[123] __ZL13addToFileListPcPv
0x00051DE0	0x00000130	[123] _s3eFileListNext
0x00051F10	0x0000019C	[123] __ZL23s3eFileInvalidateBufferv
0x000520AC	0x00000138	[123] __ZL28s3eFileEnumAllInDirectory_fsP5s3eFSPKcPFbPcPvES4_
0x000521E4	0x00000028	[123] _s3eFileGetFree
0x0005220C	0x00000020	[123] _s3eFileSetInt
0x0005222C	0x00000008	[123] __ZL6doDiffll
0x00052234	0x000000C4	[123] __ZN18s3eHandleAllocatorILl128E7s3eFileLi1000ELb0EE10DebugTraceEv
0x000522F8	0x00000140	[123] __ZN18s3eHandleAllocatorILl128E7s3eFileLi1000ELb0EE3GetEl
0x00052438	0x000000FC	[123] __ZN18s3eHandleAllocatorILl4E11s3eFileListLi2000ELb0EE5AllocEv
0x00052534	0x00000178	[123] __ZN18s3eHandleAllocatorILl4E11s3eFileListLi2000ELb0EE4FreeEPS0_
0x000526AC	0x00000194	[123] __ZN18s3eHandleAllocatorILl128E7s3eFileLi1000ELb0EE4FreeEPS0_
0x00052840	0x00000104	[123] __ZN18s3eHandleAllocatorILl128E7s3eFileLi1000ELb0EE5AllocEv
0x00052944	0x00000008	[124] __Z21s3eFile_SystemFSFlushP5s3eFSP10s3eUsrFile
0x0005294C	0x0000022C	[124] __Z20s3eFile_SystemFSInitv
0x00052B78	0x000001B0	[124] __ZL20s3eFile_SystemFSOpenP5s3eFSPKcS2_13s3eFileAccess
0x00052D28	0x000001F0	[124] __ZL20s3eFile_SystemFSReadP5s3eFSPvmP10s3eUsrFile
0x00052F18	0x00000144	[124] __ZL20s3eFile_SystemFSSeekP5s3eFSP10s3eUsrFilel17s3eFileSeekOrigin
0x0005305C	0x00000148	[124] __ZL21s3eFile_SystemFSCloseP5s3eFSP10s3eUsrFile
0x000531A4	0x00000058	[124] __ZL23s3eFile_SystemFSListDirP5s3eFSPKc
0x000531FC	0x00000010	[124] __ZL24s3eFile_SystemFSListNextP5s3eFSP14s3eUsrFileListPci
0x0005320C	0x00000008	[124] __ZL25s3eFile_SystemFSListCloseP5s3eFSP14s3eUsrFileList
0x00053214	0x00000058	[124] __ZL21s3eFile_SystemFSIsDirP5s3eFSPKc
0x0005326C	0x0000005C	[124] __ZL28s3eFile_SystemFSGetWriteTimeP5s3eFSPKc
0x000532C8	0x00000058	[124] __ZL27s3eFile_SystemFSCheckExistsP5s3eFSPKc
0x00053320	0x00000068	[124] __ZL23s3eFile_SystemFSGetSizeP5s3eFSPKc
0x00053388	0x000000EC	[124] __ZL23s3eFile_SystemFSGetFreeP5s3eFSPKc
0x00053474	0x0000005C	[124] __ZL28s3eFile_SystemFSGetDriveSizeP5s3eFSPKc
0x000534D0	0x00000144	[124] __ZL21s3eFile_SystemFSWriteP5s3eFSPKvmP10s3eUsrFile
0x00053614	0x00000058	[124] __ZL22s3eFile_SystemFSDeleteP5s3eFSPKc
0x0005366C	0x00000058	[124] __ZL23s3eFile_SystemFSMakeDirP5s3eFSPKc
0x000536C4	0x00000058	[124] __ZL25s3eFile_SystemFSDeleteDirP5s3eFSPKc
0x0005371C	0x00000060	[124] __ZL24s3eFile_SystemFSTruncateP5s3eFSPKcj
0x0005377C	0x00000090	[124] __ZL22s3eFile_SystemFSRenameP5s3eFSPKcS2_
0x0005380C	0x000000AC	[124] __Z19s3eFile_SystemFSAddib
0x000538B8	0x00000154	[124] __Z21s3eFileSetDrivePrefixPKcS0_
0x00053A0C	0x00000084	[124] __Z21s3eFileReadDriveIndexPKc
0x00053A90	0x000001D4	[124] __Z21s3eFileGetDrivePrefixi
0x00053C64	0x000002D4	[124] __Z26s3eFileGetSystemPathManualPcPKcii11s3eDeviceID
0x00053F38	0x00000054	[124] __Z20s3eFileGetSystemPathPcPKc13s3eFileAccessi11s3eDeviceID
0x00053F8C	0x00000100	[124] __Z23s3eFileTranslateSysPathP5s3eFSPKcPc
0x0005408C	0x0000017C	[124] __ZN18s3eHandleAllocatorILl129E10s3eSysFileLi1ELb0EE4FreeEPS0_
0x00054208	0x00000108	[124] __ZN18s3eHandleAllocatorILl129E10s3eSysFileLi1ELb0EE5AllocEv
0x00054310	0x00000210	[125] _s3eFileAddUserFileSys
0x00054520	0x000000B4	[125] _s3eFileRemoveUserFileSys
0x000545D4	0x00000118	[125] __Z18s3eFile_UserFSInitv
0x000546EC	0x00000010	[125] __ZL18s3eFile_UserFSOpenP5s3eFSPKcS2_13s3eFileAccess
0x000546FC	0x00000010	[125] __ZL18s3eFile_UserFSReadP5s3eFSPvmP10s3eUsrFile
0x0005470C	0x00000040	[125] __ZL18s3eFile_UserFSSeekP5s3eFSP10s3eUsrFilel17s3eFileSeekOrigin
0x0005474C	0x0000000C	[125] __ZL19s3eFile_UserFSCloseP5s3eFSP10s3eUsrFile
0x00054758	0x0000000C	[125] __ZL21s3eFile_UserFSListDirP5s3eFSPKc
0x00054764	0x00000014	[125] __ZL22s3eFile_UserFSListNextP5s3eFSP14s3eUsrFileListPci
0x00054778	0x0000000C	[125] __ZL23s3eFile_UserFSListCloseP5s3eFSP14s3eUsrFileList
0x00054784	0x00000094	[125] __ZL19s3eFile_UserFSIsDirP5s3eFSPKc
0x00054818	0x00000048	[125] __ZL25s3eFile_UserFSCheckExistsP5s3eFSPKc
0x00054860	0x00000078	[125] __ZL21s3eFile_UserFSGetSizeP5s3eFSPKc
0x000548D8	0x00000010	[125] __ZL19s3eFile_UserFSWriteP5s3eFSPKvmP10s3eUsrFile
0x000548E8	0x0000000C	[125] __ZL20s3eFile_UserFSDeleteP5s3eFSPKc
0x000548F4	0x0000007C	[125] _s3eFileRemoveAllCallbacks
0x00054970	0x0000017C	[126] __Z20s3eFile_MemoryFSSeekP5s3eFSP10s3eUsrFilel17s3eFileSeekOrigin
0x00054AEC	0x00000164	[126] __Z20s3eFile_MemoryFSReadP5s3eFSPvmP10s3eUsrFile
0x00054C50	0x00000170	[126] __Z21s3eFile_MemoryFSWriteP5s3eFSPKvmP10s3eUsrFile
0x00054DC0	0x00000080	[126] __Z20s3eFile_MemoryFSInitv
0x00054E40	0x0000011C	[126] __ZL20s3eFile_MemoryFSOpenP5s3eFSPKcS2_13s3eFileAccess
0x00054F5C	0x00000140	[126] __ZL21s3eFile_MemoryFSCloseP5s3eFSP10s3eUsrFile
0x0005509C	0x00000390	[127] _s3eFileGetNameIgnoreCase
0x0005542C	0x000000A4	[127] __Z29s3eFileListDirectory_platformPc
0x000554D0	0x000000E0	[127] __Z24s3eFileListNext_platformP17s3eFileListSystemPci
0x000555B0	0x00000018	[127] __Z25s3eFileListClose_platformP17s3eFileListSystem
0x000555C8	0x00000008	[127] _s3eFileInit_platform
0x000555D0	0x00000020	[127] __Z20s3eFileFixSeperatorsPc
0x000555F0	0x00000004	[127] _s3eFileReadConfig_platform
0x000555F4	0x00000088	[127] __Z27s3eFileCheckExists_platformPc
0x0005567C	0x000000A0	[127] __Z23s3eFileGetSize_platformPKc
0x0005571C	0x0000003C	[127] __Z32s3eFileGetLastWriteTime_platformPc
0x00055758	0x00000088	[127] __Z21s3eFileIsDir_platformPKc
0x000557E0	0x000000E4	[127] __Z22s3eFileRename_platformPcS_
0x000558C4	0x000000E4	[127] __Z31s3eFileDeleteDirectory_platformPc
0x000559A8	0x000000E4	[127] __Z22s3eFileDelete_platformPc
0x00055A8C	0x000000E8	[127] __Z24s3eFileTruncate_platformPcj
0x00055B74	0x00000130	[127] __Z29s3eFileMakeDirectory_platformPKc
0x00055CA4	0x0000009C	[127] __Z28s3eFileGetDriveSize_platformPKc
0x00055D40	0x000000A0	[127] __Z23s3eFileGetFree_platformPKc
0x00055DE0	0x000002FC	[127] __Z20s3eFileOpen_platformP10s3eSysFilePKc13s3eFileAccess18s3eFilePermissions
0x000560DC	0x00000100	[127] __Z21s3eFileWrite_platformPKvmP10s3eSysFile
0x000561DC	0x000000EC	[127] __Z20s3eFileRead_platformPvmP10s3eSysFile
0x000562C8	0x000000E8	[127] __Z21s3eFileClose_platformP10s3eSysFile
0x000563B0	0x000000F0	[127] __Z20s3eFileSeek_platformP10s3eSysFilel17s3eFileSeekOrigin
0x000564A0	0x00000008	[127] __Z21s3eFileFlush_platformP10s3eSysFile
0x000564A8	0x00000008	[128] _s3eGLGetError
0x000564B0	0x00000008	[128] _s3eGLGetErrorString
0x000564B8	0x000000CC	[128] _s3eGLInit
0x00056584	0x0000011C	[128] _s3eGLInitTLS
0x000566A0	0x00000038	[128] _s3eGLTerminate
0x000566D8	0x00000114	[128] _s3eGLTermTLS
0x000567EC	0x00000094	[128] _s3eGL_available
0x00056880	0x00000068	[128] _s3eGLGetInt
0x000568E8	0x000000DC	[128] _s3eGLUnavailable
0x000569C4	0x00000004	[128] _s3eGLGetNativeWindow
0x000569C8	0x00000050	[129] _s3eGlobalLock_asm_contended
0x00056A18	0x0000002C	[129] _s3eGlobalLock_asm
0x00056A44	0x0000002C	[129] _s3eGlobalUnlock_asm
0x00056A70	0x00000010	[129] _s3eGlobalLock_asm_wake
0x00056A80	0x00000220	[129] _s3eGlobalLock
0x00056CA0	0x000001D8	[129] _s3eGlobalUnlock
0x00056E78	0x00000050	[129] _s3eGlobalLockCreate
0x00056EC8	0x00000048	[129] _s3eGlobalLockDestroy
0x00056F10	0x00000148	[129] _s3eGlobalLock_sleep
0x00057058	0x00000108	[129] _s3eGlobalLock_wake
0x00057160	0x000000D8	[130] _s3eInitGlobals
0x00057238	0x00000030	[130] _s3eFreeGlobals
0x00057268	0x00000018	[130] __Z14s3eFreeGlobalsv
0x00057280	0x00000008	[131] _s3eKeyboardGetError
0x00057288	0x00000008	[131] _s3eKeyboardGetErrorString
0x00057290	0x000001A8	[131] _s3eKeyboardInit
0x00057438	0x000000F8	[131] _s3eKeyboardInitialiseAbstractKeysMapping
0x00057530	0x00000040	[131] _s3eKeyboardGetAbstractGameKeyMapping
0x00057570	0x00000028	[131] _s3eKeyboardTerminate
0x00057598	0x00000238	[131] _s3eKeyToChar
0x000577D0	0x00000360	[131] _s3eKeyboardSetKeyState
0x00057B30	0x000000E8	[131] _s3eKeyboardGetInt
0x00057C18	0x00000004	[131] _s3eKeyboardGetDisplayName
0x00057C1C	0x00000104	[131] _s3eKeyboardAddChar
0x00057D20	0x000001D0	[131] _s3eKeyboardGetIcfNameForAbsKey
0x00057EF0	0x00000110	[131] _s3eKeyboardSetKeyStateNative
0x00058000	0x0000017C	[131] _s3eKeyboardGetChar
0x0005817C	0x00000074	[131] _s3eKeyboardUpdate
0x000581F0	0x000000AC	[131] _s3eKeyboardGetState
0x0005829C	0x0000010C	[131] _s3eKeyboardClear
0x000583A8	0x00000008	[131] _s3eKeyboardClearState
0x000583B0	0x00000068	[131] _s3eKeyboardAnyKey
0x00058418	0x0000006C	[131] _s3eKeyboardSetInt
0x00058484	0x00000168	[131] _s3eKeyboardReadAbstractMapFromConfig
0x000585EC	0x00000E40	[131] _s3eKeyboardCodeFromKeyMappingName
0x0005942C	0x000001B4	[131] _s3eKeyboardAddAbstractKeyMapping
0x000595E0	0x00001070	[131] _s3eKeyboardGetDisplayName_generic
0x0005A650	0x00000008	[132] _s3eLicenseGetError
0x0005A658	0x00000008	[132] _s3eLicenseGetErrorString
0x0005A660	0x00000028	[132] __Z14s3eLicenseInitv
0x0005A688	0x00000028	[132] __Z19s3eLicenseTerminatev
0x0005A6B0	0x00000030	[132] _s3eLicenseGetInt
0x0005A6E0	0x00000178	[133] __Z26s3eLicenseLogExtensionLoadPKciS0_
0x0005A858	0x00000464	[133] __Z28s3eLicenseValidateExtensionsPKc
0x0005ACBC	0x00000108	[133] __ZNSt6vectorI29s3eLicenseExtensionRegisteredSaIS0_EED1Ev
[...]
0x18007290	0x00000004	[158] _OBJC_IVAR_$_MainViewController.m_AppDelegate
0x18007294	0x00000004	[158] _OBJC_IVAR_$_MainViewController.m_fakeOrientation
0x18007298	0x00000004	[158] _OBJC_IVAR_$_MainViewController.m_SupportedOrientations
0x1800729C	0x00000004	[158] _OBJC_IVAR_$_ForceOrientation.m_newOrientation
0x180072A0	0x00000004	[158] _OBJC_IVAR_$_ForceOrientation.m_mask
0x180072A4	0x00000004	[161] _OBJC_IVAR_$_CallbackFunc.m_Func
0x180072A8	0x00000004	[161] _OBJC_IVAR_$_s3eAppDelegate.m_IsTextInput
0x180072AC	0x00000004	[161] _OBJC_IVAR_$_s3eAppDelegate.m_TextField
0x180072B0	0x00000004	[161] _OBJC_IVAR_$_s3eAppDelegate.m_Dialog
0x180072B4	0x00000004	[161] _OBJC_IVAR_$_s3eAppDelegate.m_Func
0x180072B8	0x00000004	[161] _OBJC_IVAR_$_s3eAppDelegate.m_NumAsyncFuncs
0x180072BC	0x00000004	[161] _OBJC_IVAR_$_s3eAppDelegate.m_AllSplashsAreShown
0x180072C0	0x00000004	[161] _OBJC_IVAR_$_s3eAppDelegate.m_IsPendingResizeUpdate
0x180072C4	0x00000004	[161] _OBJC_IVAR_$_s3eAppDelegate._window
0x180072C8	0x00000004	[161] _OBJC_IVAR_$_s3eAppDelegate._m_View
0x180072CC	0x00000004	[161] _OBJC_IVAR_$_s3eAppDelegate._m_SurfaceView
0x180072D0	0x00000004	[161] _OBJC_IVAR_$_s3eAppDelegate._m_GLView
0x180072D4	0x00000004	[161] _OBJC_IVAR_$_s3eAppDelegate._m_MainViewController
0x180072D8	0x00000004	[161] _OBJC_IVAR_$_s3eAppDelegate._m_LaunchImageViewController
0x180072DC	0x00000004	[161] _OBJC_IVAR_$_s3eAppDelegate.m_Timer
0x180072E0	0x00000004	[161] _OBJC_IVAR_$_s3eAppDelegate.m_Loop
0x180072E4	0x00000004	[161] _OBJC_IVAR_$_s3eAppDelegate.m_RetVal
0x180072E8	0x00000004	[161] _OBJC_IVAR_$_s3eAppDelegate.m_Args
0x180072EC	0x00000004	[176] _OBJC_IVAR_$_s3eKeyInput.lastTime
0x180072F0	0x00000004	[176] _OBJC_IVAR_$_s3eKeyInput.gotQuickBackspaces
0x180072F4	0x00000004	[176] _OBJC_IVAR_$_s3eKeyInput.ignoreSpareSpaceFromDictation
0x180072F8	0x00000004	[176] _OBJC_IVAR_$_s3eKeyInput.autocorrectionType
0x180072FC	0x00000004	[176] _OBJC_IVAR_$_s3eKeyInput._beginningOfDocument
0x18007300	0x00000004	[176] _OBJC_IVAR_$_s3eKeyInput._endOfDocument
0x18007304	0x00000004	[176] _OBJC_IVAR_$_s3eKeyInput._inputDelegate
0x18007308	0x00000004	[176] _OBJC_IVAR_$_s3eKeyInput._markedTextRange
0x1800730C	0x00000004	[176] _OBJC_IVAR_$_s3eKeyInput._markedTextStyle
0x18007310	0x00000004	[176] _OBJC_IVAR_$_s3eKeyInput._selectedTextRange
0x18007314	0x00000004	[176] _OBJC_IVAR_$_s3eKeyInput._tokenizer
0x18007318	0x00000004	[178] _OBJC_IVAR_$_MyCLController.m_LocationManager
0x1800731C	0x00000004	[189] _OBJC_IVAR_$_S3EViewController.m_MoviePlayer
0x18007320	0x00000004	[189] _OBJC_IVAR_$_S3EViewController.m_WaitingToPlay
0x18007324	0x00000004	[189] _OBJC_IVAR_$_S3EViewController.m_Paused
0x18007328	0x00000004	[189] _OBJC_IVAR_$_S3EViewController.m_MovieURL
0x1800732C	0x00000004	[189] _OBJC_IVAR_$_S3EViewController.m_AllowCB
0x18007330	0x00000014	[ 49] _OBJC_CLASS_$_s3eCameraDelegate
0x18007344	0x00000014	[ 49] _OBJC_METACLASS_$_s3eCameraDelegate
0x18007358	0x00000014	[ 71] _OBJC_CLASS_$_s3eUIGalleryImage
0x1800736C	0x00000014	[ 71] _OBJC_METACLASS_$_s3eUIGalleryImage
0x18007380	0x00000014	[ 71] _OBJC_METACLASS_$_myPopoverDelegate
0x18007394	0x00000014	[ 71] _OBJC_CLASS_$_myPopoverDelegate
0x180073A8	0x00000014	[ 71] _OBJC_CLASS_$_s3eUIImagePickerController
0x180073BC	0x00000014	[ 71] _OBJC_METACLASS_$_s3eUIImagePickerController
0x180073D0	0x00000014	[ 71] _OBJC_CLASS_$_s3eUIImagePickerControllerDelegate
0x180073E4	0x00000014	[ 71] _OBJC_METACLASS_$_s3eUIImagePickerControllerDelegate
0x180073F8	0x00000014	[ 84] _OBJC_CLASS_$_S3E_OpenUDID
0x1800740C	0x00000014	[ 84] _OBJC_METACLASS_$_S3E_OpenUDID
0x18007420	0x00000014	[154] _OBJC_CLASS_$_CSurface
0x18007434	0x00000014	[154] _OBJC_METACLASS_$_CSurface
0x18007448	0x00000014	[155] _OBJC_CLASS_$_GLView
0x1800745C	0x00000014	[155] _OBJC_METACLASS_$_GLView
0x18007470	0x00000014	[156] _OBJC_CLASS_$_LaunchImageViewController
0x18007484	0x00000014	[156] _OBJC_METACLASS_$_LaunchImageViewController
0x18007498	0x00000014	[157] _OBJC_METACLASS_$_LayerDelegate
0x180074AC	0x00000014	[157] _OBJC_CLASS_$_LayerDelegate
0x180074C0	0x00000014	[157] _OBJC_CLASS_$_MainView
0x180074D4	0x00000014	[157] _OBJC_METACLASS_$_MainView
0x180074E8	0x00000014	[158] _OBJC_CLASS_$_MainViewController
0x180074FC	0x00000014	[158] _OBJC_CLASS_$_ForceOrientation
0x18007510	0x00000014	[158] _OBJC_METACLASS_$_MainViewController
0x18007524	0x00000014	[158] _OBJC_METACLASS_$_ForceOrientation
0x18007538	0x00000014	[159] _OBJC_CLASS_$_MarmaladeViewController
0x1800754C	0x00000014	[159] _OBJC_METACLASS_$_MarmaladeViewController
0x18007560	0x00000014	[161] _OBJC_METACLASS_$_TopView
0x18007574	0x00000014	[161] _OBJC_CLASS_$_TopView
0x18007588	0x00000014	[161] _OBJC_CLASS_$_CallbackFunc
0x1800759C	0x00000014	[161] _OBJC_METACLASS_$_CallbackFunc
0x180075B0	0x00000014	[161] _OBJC_CLASS_$_s3eAppDelegate
0x180075C4	0x00000014	[161] _OBJC_METACLASS_$_s3eAppDelegate
0x180075D8	0x00000014	[161] _OBJC_CLASS_$_InputUIAlertView
0x180075EC	0x00000014	[161] _OBJC_METACLASS_$_InputUIAlertView
0x18007600	0x00000014	[176] _OBJC_CLASS_$_s3eKeyInput
0x18007614	0x00000014	[176] _OBJC_METACLASS_$_s3eKeyInput
0x18007628	0x00000014	[178] _OBJC_METACLASS_$_MyCLController
0x1800763C	0x00000014	[178] _OBJC_CLASS_$_MyCLController
0x18007650	0x00000014	[182] _OBJC_CLASS_$_s3eAVFoundationHelper
0x18007664	0x00000014	[182] _OBJC_METACLASS_$_s3eAVFoundationHelper
0x18007678	0x00000014	[189] _OBJC_CLASS_$_S3EViewController
0x1800768C	0x00000014	[189] _OBJC_METACLASS_$_S3EViewController
0x180076A0	0x00000001	[ 16] __ZZN12InternalFile6readchEvE21_s_IwAssertIgnoreThis
0x180076A1	0x00000001	[ 17] __ZZN12InternalFile4tellEvE21_s_IwAssertIgnoreThis
0x180076A4	0x00000004	[ 28] __ZZ13s3eLoaderMainE3ptr
0x180076B0	0x00000010	[ 35] __ZTI16s3eISplashScreen
0x180076C0	0x0000001C	[ 35] __ZTV16s3eISplashScreen
0x180076DC	0x0000002C	[ 49] l_OBJC_PROTOCOL_$_AVCaptureVideoDataOutputSampleBufferDelegate
0x18007708	0x00000001	[ 57] __ZZN8CIwArrayIi12CIwAllocatorIi15CIwMallocRouterIiEE17ReallocateDefaultIiS3_EE9push_backERKiE21_s_IwAssertIgnoreThis
0x18007709	0x00000001	[ 57] __ZZN8CIwArrayIi12CIwAllocatorIi15CIwMallocRouterIiEE17ReallocateDefaultIiS3_EE9push_backERKiE21_s_IwAssertIgnoreThis_0
0x1800770A	0x00000001	[ 57] __ZZN8CIwArrayIi12CIwAllocatorIi15CIwMallocRouterIiEE17ReallocateDefaultIiS3_EE12set_capacityEjE21_s_IwAssertIgnoreThis
0x1800770B	0x00000001	[ 57] __ZZN8CIwArrayIi12CIwAllocatorIi15CIwMallocRouterIiEE17ReallocateDefaultIiS3_EE12set_capacityEjE21_s_IwAssertIgnoreThis_0
0x1800770C	0x00000001	[ 57] __ZZN8CIwArrayIi12CIwAllocatorIi15CIwMallocRouterIiEE17ReallocateDefaultIiS3_EE12set_capacityEjE21_s_IwAssertIgnoreThis_1
0x1800770D	0x00000001	[ 57] __ZZNK8CIwArrayIi12CIwAllocatorIi15CIwMallocRouterIiEE17ReallocateDefaultIiS3_EEixEiE21_s_IwAssertIgnoreThis
0x1800770E	0x00000001	[ 57] __ZZN8CIwArrayIi12CIwAllocatorIi15CIwMallocRouterIiEE17ReallocateDefaultIiS3_EE13push_back_qtyEiE21_s_IwAssertIgnoreThis
0x1800770F	0x00000001	[ 57] __ZZN8CIwArrayIi12CIwAllocatorIi15CIwMallocRouterIiEE17ReallocateDefaultIiS3_EE8truncateEjE21_s_IwAssertIgnoreThis
0x18007710	0x00000001	[ 57] __ZZNK8CIwArrayI10FieldEntry12CIwAllocatorIS0_15CIwMallocRouterIS0_EE17ReallocateDefaultIS0_S4_EEixEiE21_s_IwAssertIgnoreThis
0x18007711	0x00000001	[ 57] __ZZN8CIwArrayI10FieldEntry12CIwAllocatorIS0_15CIwMallocRouterIS0_EE17ReallocateDefaultIS0_S4_EE13push_back_qtyEiE21_s_IwAssertIgnoreThis
0x18007712	0x00000001	[ 57] __ZZN8CIwArrayI10FieldEntry12CIwAllocatorIS0_15CIwMallocRouterIS0_EE17ReallocateDefaultIS0_S4_EE12set_capacityEjE21_s_IwAssertIgnoreThis
0x18007713	0x00000001	[ 57] __ZZN8CIwArrayI10FieldEntry12CIwAllocatorIS0_15CIwMallocRouterIS0_EE17ReallocateDefaultIS0_S4_EE12set_capacityEjE21_s_IwAssertIgnoreThis_0
0x18007714	0x00000001	[ 57] __ZZN8CIwArrayI10FieldEntry12CIwAllocatorIS0_15CIwMallocRouterIS0_EE17ReallocateDefaultIS0_S4_EE12set_capacityEjE21_s_IwAssertIgnoreThis_1
0x18007715	0x00000001	[ 57] __ZZN8CIwArrayI10FieldEntry12CIwAllocatorIS0_15CIwMallocRouterIS0_EE17ReallocateDefaultIS0_S4_EE8truncateEjE21_s_IwAssertIgnoreThis
0x18007718	0x0000002C	[ 71] l_OBJC_PROTOCOL_$_UIPopoverControllerDelegate
0x18007744	0x0000002C	[ 71] l_OBJC_PROTOCOL_$_UIImagePickerControllerDelegate
0x18007770	0x0000002C	[ 71] l_OBJC_PROTOCOL_$_UINavigationControllerDelegate
0x1800779C	0x00000001	[106] __ZZN18s3eHandleAllocatorILl4E23_s3eDecompressionStructLi1ELb0EE4FreeEPS0_E21_s_IwAssertIgnoreThis
0x1800779D	0x00000001	[106] __ZZN18s3eHandleAllocatorILl4E23_s3eDecompressionStructLi1ELb0EE3GetElE21_s_IwAssertIgnoreThis
0x1800779E	0x00000001	[108] __ZZN14CIwArrayConfigI16s3eConfigSettingE9push_backERKS0_E21_s_IwAssertIgnoreThis
0x1800779F	0x00000001	[108] __ZZN14CIwArrayConfigI16s3eConfigSettingE9push_backERKS0_E21_s_IwAssertIgnoreThis_0
0x180077A0	0x00000001	[108] __ZZN14CIwArrayConfigI16s3eConfigSettingE12set_capacityEjE21_s_IwAssertIgnoreThis
0x180077A1	0x00000001	[108] __ZZN14CIwArrayConfigI16s3eConfigSettingE12set_capacityEjE21_s_IwAssertIgnoreThis_0
0x180077A2	0x00000001	[108] __ZZN14CIwArrayConfigIcE9push_backERKcE21_s_IwAssertIgnoreThis
0x180077A3	0x00000001	[108] __ZZN14CIwArrayConfigIcE9push_backERKcE21_s_IwAssertIgnoreThis_0
0x180077A4	0x00000001	[108] __ZZN14CIwArrayConfigIcE12set_capacityEjE21_s_IwAssertIgnoreThis
0x180077A5	0x00000001	[108] __ZZN14CIwArrayConfigIcE12set_capacityEjE21_s_IwAssertIgnoreThis_0
0x180077A6	0x00000001	[108] __ZZNK14CIwArrayConfigIcEixEiE21_s_IwAssertIgnoreThis
0x180077A7	0x00000001	[108] __ZZNK14CIwArrayConfigI16s3eConfigSettingEixEiE21_s_IwAssertIgnoreThis
0x180077A8	0x00000001	[108] __ZZN14CIwArrayConfigIcE8truncateEjE21_s_IwAssertIgnoreThis
0x180077A9	0x00000001	[108] __ZZN14CIwArrayConfigI16s3eConfigSettingE8truncateEjE21_s_IwAssertIgnoreThis
0x180077AA	0x00000001	[112] __ZZN18s3eHandleAllocatorILl4E7s3eSHA1Li1ELb0EE4FreeEPS0_E21_s_IwAssertIgnoreThis
0x180077AB	0x00000001	[122] __ZZN18s3eHandleAllocatorILl3E8s3eFibreLi1ELb0EE4FreeEPS0_E21_s_IwAssertIgnoreThis
0x180077AC	0x00000001	[123] __ZZN18s3eHandleAllocatorILl4E11s3eFileListLi2000ELb0EE4FreeEPS0_E21_s_IwAssertIgnoreThis
0x180077AD	0x00000001	[123] __ZZN18s3eHandleAllocatorILl128E7s3eFileLi1000ELb0EE3GetElE21_s_IwAssertIgnoreThis
0x180077AE	0x00000001	[123] __ZZN18s3eHandleAllocatorILl128E7s3eFileLi1000ELb0EE4FreeEPS0_E21_s_IwAssertIgnoreThis
0x180077AF	0x00000001	[124] __ZZN18s3eHandleAllocatorILl129E10s3eSysFileLi1ELb0EE4FreeEPS0_E21_s_IwAssertIgnoreThis
0x180077B0	0x00000008	[133] _g_CheckPlatforms
0x180077B8	0x00000001	[135] __ZZN17s3eStackAllocator4FreeEPvE21_s_IwAssertIgnoreThis
0x180077B9	0x00000001	[135] __ZZN17s3eStackAllocator4FreeEPvE21_s_IwAssertIgnoreThis_0
0x180077BA	0x00000001	[135] __ZZN17s3eStackAllocator4FreeEPvE21_s_IwAssertIgnoreThis_1
0x180077BB	0x00000001	[135] __ZZN17s3eStackAllocator7ReallocEPvmE21_s_IwAssertIgnoreThis
0x180077BC	0x00000001	[135] __ZZN17s3eStackAllocator5AllocEmE21_s_IwAssertIgnoreThis
0x180077BD	0x00000001	[135] __ZZN17s3eStackAllocator5AllocEmE21_s_IwAssertIgnoreThis_0
0x180077BE	0x00000001	[139] __ZZN18s3eHandleAllocatorILl32E9s3eSocketLi3000ELb0EE3GetElE21_s_IwAssertIgnoreThis
0x180077BF	0x00000001	[140] __ZZN18s3eHandleAllocatorILl32E9s3eSocketLi3000ELb0EE4FreeEPS0_E21_s_IwAssertIgnoreThis
0x180077C0	0x00000001	[141] __ZZN11CAudioMixer19SetGenAudioCallbackEiPFiPvS0_ES0_bE21_s_IwAssertIgnoreThis
0x180077C1	0x00000001	[141] __ZZN11CAudioMixer19SetGenAudioCallbackEiPFiPvS0_ES0_bE21_s_IwAssertIgnoreThis_0
0x180077C4	0x00000004	[142] __ZN11CChannelPCM13g_fadingValueE
0x180077C8	0x00001000	[146] _g_iPhoneVeneers
0x180087C8	0x00000001	[149] __ZZN18s3eHandleAllocatorILl4096E14_s3eThreadLockLi5000ELb0EE4FreeEPS0_E21_s_IwAssertIgnoreThis
0x180087C9	0x00000001	[149] __ZZN18s3eHandleAllocatorILl4096E14_s3eThreadLockLi5000ELb0EE3GetElE21_s_IwAssertIgnoreThis
0x180087CA	0x00000001	[149] __ZZN18s3eHandleAllocatorILl128E10_s3eThreadLi4000ELb0EE3GetElE21_s_IwAssertIgnoreThis
0x180087CB	0x00000001	[149] __ZZN18s3eHandleAllocatorILl128E10_s3eThreadLi4000ELb0EE4FreeEPS0_E21_s_IwAssertIgnoreThis
0x180087CC	0x00000001	[149] __ZZN18s3eHandleAllocatorILl4096E13_s3eThreadSemLi6000ELb0EE3GetElE21_s_IwAssertIgnoreThis
0x180087CD	0x00000001	[149] __ZZN18s3eHandleAllocatorILl4096E13_s3eThreadSemLi6000ELb0EE4FreeEPS0_E21_s_IwAssertIgnoreThis
0x180087D0	0x00000004	[154] _kPixelFormatARGB
0x180087E0	0x0000002C	[161] l_OBJC_PROTOCOL_$_NSObject
0x1800880C	0x0000002C	[161] l_OBJC_PROTOCOL_$_UIApplicationDelegate
0x18008838	0x00000038	[161] l_OBJC_PROTOCOL_$_MFMailComposeViewControllerDelegate
0x18008870	0x00000014	[161] __ZTV14SplashProgress
0x18008884	0x00000008	[161] __ZTI17s3eSplashProgress
0x1800888C	0x0000000C	[161] __ZTI14SplashProgress
0x18008898	0x00000001	[163] __ZZN21s3eAudioPlayerChannel14AudioIsRunningEP16OpaqueAudioQueuemE21_s_IwAssertIgnoreThis
0x1800889C	0x00000004	[172] __ZL7g_error
0x180088A0	0x0000002C	[176] l_OBJC_PROTOCOL_$_UITextInputTraits
0x180088CC	0x0000002C	[176] l_OBJC_PROTOCOL_$_UIKeyInput
0x180088F8	0x0000002C	[176] l_OBJC_PROTOCOL_$_UITextInput
0x18008924	0x0000002C	[178] l_OBJC_PROTOCOL_$_CLLocationManagerDelegate
0x18008950	0x00000001	[ 16] __ZZ20iw__strtold_internalPKcPPciE21_s_IwAssertIgnoreThis
0x18008951	0x00000001	[ 17] __ZZL12__IwvfprintfP12InternalFilePKcPvE21_s_IwAssertIgnoreThis
0x18008954	0x00000006	[ 18] __MergedGlobals
0x1800895C	0x00000008	[ 21] __MergedGlobals
0x18008964	0x00000001	[ 22] __ZZ25IwS3EReadCheckLicenseDataP19IwS3EAdditionalDataiE21_s_IwAssertIgnoreThis
0x18008965	0x00000001	[ 23] __ZZ23IwS3EDoInternalRelocs64P5IwS3EP25IwS3EInternalRelocSectionE21_s_IwAssertIgnoreThis
0x18008968	0x0000000C	[ 24] __MergedGlobals
0x18008974	0x00000006	[ 25] __MergedGlobals
0x1800897A	0x00000001	[ 26] __ZZ11s3eExecExitE21_s_IwAssertIgnoreThis
0x18008980	0x0000000C	[ 33] __ZZ16GetSplashManagervE21s_splashScreenManager
0x1800898C	0x00000008	[ 33] __MergedGlobals
0x180089A0	0x00000200	[ 45] __MergedGlobals
0x18008BA0	0x00000070	[ 57] __MergedGlobals
0x18008C10	0x00000004	[ 62] __ZL7g_email
0x18008C14	0x00000004	[ 69] __ZL25s_currentSelectedCallback
0x18008C18	0x00000008	[ 71] __MergedGlobals
0x18008C20	0x00000008	[ 74] __MergedGlobals
0x18008C28	0x00000004	[ 84] _kOpenUDIDSessionCache
0x18008C2C	0x00000002	[ 88] __MergedGlobals
0x18008C30	0x00000037	[ 95] __MergedGlobals
0x18008C68	0x00000007	[ 96] __MergedGlobals
0x18008C6F	0x00000001	[ 97] __ZZ33s3eCompressionDecompInit_platform24s3eCompressionAlgorithmsP23_s3eDecompressionStructE21_s_IwAssertIgnoreThis
0x18008C70	0x00000002	[101] __MergedGlobals
0x18008C74	0x00000003	[104] __MergedGlobals
0x18008C80	0x00000013	[108] __MergedGlobals
0x18008C94	0x00000004	[109] __ZZ11s3eDoCopyupPK14s3eSurfaceInfoS1_23s3eSurfaceBlitDirectionE4once
0x18008C98	0x00000002	[111] __MergedGlobals
0x18008C9C	0x00000003	[114] __MergedGlobals
0x18008CA0	0x00000010	[116] __MergedGlobals
0x18008CB0	0x00000002	[118] __MergedGlobals
0x18008CB4	0x00000003	[119] __MergedGlobals
0x18008CB8	0x00000003	[120] __MergedGlobals
0x18008CBC	0x00000006	[121] __MergedGlobals
0x18008CD0	0x00000012	[122] __MergedGlobals
0x18008CE4	0x0000000A	[123] __MergedGlobals
0x18008CF0	0x00000006	[124] __MergedGlobals
0x18008CF8	0x00000006	[126] __MergedGlobals
0x18008CFE	0x00000001	[127] __ZZL15s3e2PosixAccess13s3eFileAccessE21_s_IwAssertIgnoreThis
0x18008D00	0x00000003	[128] __MergedGlobals
0x18008D04	0x00000004	[129] __MergedGlobals
0x18008D08	0x00000005	[131] __MergedGlobals
0x18008D10	0x0000000A	[135] __MergedGlobals
0x18008D1A	0x00000001	[137] __ZZ24s3ePointerSetButtonStateE21_s_IwAssertIgnoreThis
0x18008D1C	0x00000004	[139] __MergedGlobals
0x18008D20	0x00000004	[140] __MergedGlobals
0x18008D24	0x00000001	[141] __ZZ23s3eSoundChannelRegisterE21_s_IwAssertIgnoreThis
0x18008D28	0x00000002	[142] __MergedGlobals
0x18008D2C	0x00000003	[144] __MergedGlobals
0x18008D30	0x00000007	[146] __MergedGlobals
0x18008D38	0x00000008	[148] __MergedGlobals
0x18008D40	0x0000001C	[149] __MergedGlobals
0x18008D5C	0x0000000B	[150] __MergedGlobals
0x18008D68	0x0000000A	[151] __MergedGlobals
0x18008D80	0x00000054	[154] __MergedGlobals
0x18008DD4	0x00000008	[155] __MergedGlobals
0x18008DDC	0x00000004	[160] __ZL15g_motionManager
0x18008DE0	0x0000027C	[161] __MergedGlobals
0x1800905C	0x00000008	[169] __MergedGlobals
0x18009070	0x00000024	[172] __MergedGlobals
0x18009094	0x00000800	[175] __ZZ14s3eGlGetStringE9gTempBuff
0x18009894	0x00000004	[176] __ZL9responder
0x18009898	0x00000008	[181] __ZL36g_IOSSoundStopRecordingSynchronously
0x180098A0	0x00000040	[181] __ZL6g_Data
0x180098E0	0x00000008	[182] __MergedGlobals
0x180098F0	0x00000050	[183] __ZL6g_Data
0x18009940	0x0000008A	[183] __MergedGlobals
0x180099CC	0x00000002	[185] __MergedGlobals
0x180099D0	0x00000004	[187] __ZL9g_OutFile
0x180099D4	0x00000008	[189] __MergedGlobals
0x180099DC	0x0000000C	[192] __MergedGlobals
0x180099E8	0x00000004	[ 11] _NXArgc
0x180099EC	0x00000004	[ 11] _NXArgv
0x180099F0	0x00000004	[ 11] _environ
0x180099F4	0x00000004	[ 11] ___progname
0x180099F8	0x0000010C	[ 19] _g_IwStdlibGlobals
0x18009B04	0x000003E8	[ 25] _g_s3eExecGlobals
0x18009EEC	0x00000004	[ 25] _g_s3e_entry
0x18009EF0	0x00000010	[ 57] _g_UIDList
0x18009F00	0x00000004	[ 62] _gEmailStatus
0x18009F04	0x00000004	[ 85] _g_s3eOpenUDID_str
0x18009F08	0x00000020	[101] _g_s3eAccelerometerGlobals
0x18009F28	0x000000DC	[102] _g_s3eAudioGlobals
0x1800A004	0x0000020C	[104] _g_s3eCallbacksGlobals
0x1800A210	0x0000024C	[106] _g_s3eCompressionGlobals
0x1800A45C	0x00000004	[108] _g_s3eConfigGlobals
0x1800A460	0x000001A0	[112] _g_s3eCryptoGlobals
0x1800A600	0x000020E8	[113] _g_s3eDebugGlobals
0x1800C6E8	0x000001D0	[116] _g_s3eDeviceGlobals
0x1800C8B8	0x00000E08	[121] _g_s3eExtGlobals
0x1800D6C0	0x00000200	[121] _g_StaticInitArray
0x1800D8C0	0x00000014	[122] _g_s3eFibreGlobals
0x1800D8D4	0x00002D78	[123] _g_s3eFileGlobals
0x1801064C	0x00000034	[128] _g_s3eGLGlobals
0x18010680	0x00000004	[130] _g_GlobalsInited
0x18010684	0x0000025C	[131] _g_s3eKeyboardGlobals
0x180108E0	0x00000004	[132] _g_s3eLicenseGlobals
0x180108E4	0x0000000C	[133] _g_RegisteredExtensions
0x180108F0	0x000000C0	[135] _g_s3eMemoryGlobals
0x180109B0	0x00000140	[137] _g_s3ePointerGlobals
0x18010AF0	0x000023A8	[139] _g_s3eSocketGlobals
0x18012E98	0x00000080	[140] _g_DNSLookupAddr
0x18012F18	0x00000004	[140] _g_DNSResult
0x18012F1C	0x00000004	[140] _g_DNSFinishedID
0x18012F20	0x00000004	[140] _g_DNSCallback
0x18012F24	0x00000004	[140] _g_DNSUserData
0x18012F28	0x00000004	[140] _g_DNSCurID
0x18012F2C	0x00000028	[140] _g_DNSThreadAddr
0x18012F54	0x00000004	[140] _g_DNSThread
0x18012F58	0x00000080	[140] _g_Sockets
0x18012FD8	0x00000004	[140] _g_ActiveSockets
0x18012FDC	0x00000030	[141] _g_s3eSoundGlobals
0x1801300C	0x0000200C	[146] _g_iPhoneGlue2
0x18015018	0x00000004	[146] _g_LoaderStack
0x1801501C	0x00000004	[146] _g_GameStackCacheTop
0x18015020	0x00000004	[146] _g_GameStackCacheBottom
0x18015024	0x00000004	[146] _g_GlobalLock
0x18015028	0x000000A0	[148] _g_s3eSurfaceGlobals
0x180150C8	0x00016D1C	[149] _g_s3eThreadGlobals
0x1802BDE8	0x0000001C	[151] _g_s3eTimerGlobals
0x1802BE04	0x00000008	[152] _g_s3eVibraGlobals
0x1802BE0C	0x00000044	[153] _g_s3eVideoGlobals
0x1802BE50	0x00000018	[161] _g_s3eIPhoneGlobals
0x1802BE68	0x00000048	[161] _g_DevicePushNotificationToken
0x1802BEB0	0x00000004	[161] _g_terminating
0x1802BEB4	0x00000004	[161] _g_InitialLocalNotification
0x1802BEB8	0x00000004	[161] _g_InitialRemoteNotification
0x1802BEBC	0x00000400	[161] _g_InitialOpenURL
0x1802C2BC	0x00000004	[161] _g_OSWaitTestSem
0x1802C2C0	0x00000004	[161] _g_OSWaitTestDuration
0x1802C2C4	0x0000002C	[161] _g_SurfaceShowLock
0x1802C2F0	0x0000001C	[161] _g_SurfaceShowCond
0x1802C30C	0x00000004	[161] _g_LoaderThread
0x1802C310	0x00000004	[161] _g_argc
0x1802C314	0x00000004	[161] _g_argv
0x1802C318	0x00000004	[161] _g_delegate
0x1802C31C	0x00000004	[161] _g_r9
0x1802C320	0x00000004	[163] _g_AudioPlayer
0x1802C324	0x00000004	[185] _g_Image
0x10000000	0x00000004	[184] _g_s3e_data
0x18800000	0x00000004	[184] _g_s3e_meta
